Archive member included to satisfy reference by file (symbol)

.\ARM_GCC_541\Debug\RPI_PSOC5_CARD_TEST_STATION.a(USBUART.o)
                              .\ARM_GCC_541\Debug\main.o (USBUART_Start)
.\ARM_GCC_541\Debug\RPI_PSOC5_CARD_TEST_STATION.a(USBUART_cdc.o)
                              .\ARM_GCC_541\Debug\main.o (USBUART_CDC_Init)
.\ARM_GCC_541\Debug\RPI_PSOC5_CARD_TEST_STATION.a(USBUART_drv.o)
                              .\ARM_GCC_541\Debug\RPI_PSOC5_CARD_TEST_STATION.a(USBUART.o) (USBUART_EP)
.\ARM_GCC_541\Debug\RPI_PSOC5_CARD_TEST_STATION.a(USBUART_episr.o)
                              .\ARM_GCC_541\Debug\RPI_PSOC5_CARD_TEST_STATION.a(USBUART.o) (USBUART_EP_1_ISR)
.\ARM_GCC_541\Debug\RPI_PSOC5_CARD_TEST_STATION.a(USBUART_hid.o)
                              .\ARM_GCC_541\Debug\RPI_PSOC5_CARD_TEST_STATION.a(USBUART.o) (USBUART_hidProtocol)
.\ARM_GCC_541\Debug\RPI_PSOC5_CARD_TEST_STATION.a(USBUART_pm.o)
                              .\ARM_GCC_541\Debug\RPI_PSOC5_CARD_TEST_STATION.a(USBUART.o) (USBUART_DP_ISR)
.\ARM_GCC_541\Debug\RPI_PSOC5_CARD_TEST_STATION.a(USBUART_std.o)
                              .\ARM_GCC_541\Debug\RPI_PSOC5_CARD_TEST_STATION.a(USBUART_drv.o) (USBUART_HandleStandardRqst)
.\ARM_GCC_541\Debug\RPI_PSOC5_CARD_TEST_STATION.a(USBUART_vnd.o)
                              .\ARM_GCC_541\Debug\RPI_PSOC5_CARD_TEST_STATION.a(USBUART_drv.o) (USBUART_HandleVendorRqst)
.\ARM_GCC_541\Debug\RPI_PSOC5_CARD_TEST_STATION.a(I2C_EEPROM.o)
                              .\ARM_GCC_541\Debug\main.o (I2C_EEPROM_Start)
.\ARM_GCC_541\Debug\RPI_PSOC5_CARD_TEST_STATION.a(I2C_EEPROM_INT.o)
                              .\ARM_GCC_541\Debug\RPI_PSOC5_CARD_TEST_STATION.a(I2C_EEPROM.o) (I2C_EEPROM_ISR)
.\ARM_GCC_541\Debug\RPI_PSOC5_CARD_TEST_STATION.a(I2C_EEPROM_PM.o)
                              .\ARM_GCC_541\Debug\RPI_PSOC5_CARD_TEST_STATION.a(I2C_EEPROM.o) (I2C_EEPROM_backup)
.\ARM_GCC_541\Debug\RPI_PSOC5_CARD_TEST_STATION.a(I2C_EEPROM_MASTER.o)
                              .\ARM_GCC_541\Debug\RPI_PSOC5_CARD_TEST_STATION.a(I2C_EEPROM.o) (I2C_EEPROM_mstrStatus)
.\ARM_GCC_541\Debug\RPI_PSOC5_CARD_TEST_STATION.a(USBUART_Dp.o)
                              .\ARM_GCC_541\Debug\RPI_PSOC5_CARD_TEST_STATION.a(USBUART.o) (USBUART_Dp_ClearInterrupt)
.\ARM_GCC_541\Debug\RPI_PSOC5_CARD_TEST_STATION.a(CyLib.o)
                              .\ARM_GCC_541\Debug\Cm3Start.o (CyResetStatus)
.\ARM_GCC_541\Debug\RPI_PSOC5_CARD_TEST_STATION.a(cyPm.o)
                              .\ARM_GCC_541\Debug\RPI_PSOC5_CARD_TEST_STATION.a(CyLib.o) (CyPmReadStatus)
.\ARM_GCC_541\Debug\RPI_PSOC5_CARD_TEST_STATION.a(IO_3.o)
                              .\ARM_GCC_541\Debug\RasPi_Pins.o (IO_3_Write)
.\ARM_GCC_541\Debug\RPI_PSOC5_CARD_TEST_STATION.a(IO_12.o)
                              .\ARM_GCC_541\Debug\RasPi_Pins.o (IO_12_Write)
.\ARM_GCC_541\Debug\RPI_PSOC5_CARD_TEST_STATION.a(IO_13.o)
                              .\ARM_GCC_541\Debug\RasPi_Pins.o (IO_13_Write)
.\ARM_GCC_541\Debug\RPI_PSOC5_CARD_TEST_STATION.a(IO_6.o)
                              .\ARM_GCC_541\Debug\RasPi_Pins.o (IO_6_Write)
.\ARM_GCC_541\Debug\RPI_PSOC5_CARD_TEST_STATION.a(IO_16.o)
                              .\ARM_GCC_541\Debug\RasPi_Pins.o (IO_16_Write)
.\ARM_GCC_541\Debug\RPI_PSOC5_CARD_TEST_STATION.a(IO_2.o)
                              .\ARM_GCC_541\Debug\RasPi_Pins.o (IO_2_Write)
.\ARM_GCC_541\Debug\RPI_PSOC5_CARD_TEST_STATION.a(IO_14.o)
                              .\ARM_GCC_541\Debug\RasPi_Pins.o (IO_14_Write)
.\ARM_GCC_541\Debug\RPI_PSOC5_CARD_TEST_STATION.a(IO_5.o)
                              .\ARM_GCC_541\Debug\RasPi_Pins.o (IO_5_Write)
.\ARM_GCC_541\Debug\RPI_PSOC5_CARD_TEST_STATION.a(IO_19.o)
                              .\ARM_GCC_541\Debug\RasPi_Pins.o (IO_19_Write)
.\ARM_GCC_541\Debug\RPI_PSOC5_CARD_TEST_STATION.a(IO_20.o)
                              .\ARM_GCC_541\Debug\RasPi_Pins.o (IO_20_Write)
.\ARM_GCC_541\Debug\RPI_PSOC5_CARD_TEST_STATION.a(IO_26.o)
                              .\ARM_GCC_541\Debug\RasPi_Pins.o (IO_26_Write)
.\ARM_GCC_541\Debug\RPI_PSOC5_CARD_TEST_STATION.a(IO_21.o)
                              .\ARM_GCC_541\Debug\RasPi_Pins.o (IO_21_Write)
.\ARM_GCC_541\Debug\RPI_PSOC5_CARD_TEST_STATION.a(IO_17.o)
                              .\ARM_GCC_541\Debug\RasPi_Pins.o (IO_17_Write)
.\ARM_GCC_541\Debug\RPI_PSOC5_CARD_TEST_STATION.a(IO_18.o)
                              .\ARM_GCC_541\Debug\RasPi_Pins.o (IO_18_Write)
.\ARM_GCC_541\Debug\RPI_PSOC5_CARD_TEST_STATION.a(IO_27.o)
                              .\ARM_GCC_541\Debug\RasPi_Pins.o (IO_27_Write)
.\ARM_GCC_541\Debug\RPI_PSOC5_CARD_TEST_STATION.a(IO_22.o)
                              .\ARM_GCC_541\Debug\RasPi_Pins.o (IO_22_Write)
.\ARM_GCC_541\Debug\RPI_PSOC5_CARD_TEST_STATION.a(IO_23.o)
                              .\ARM_GCC_541\Debug\RasPi_Pins.o (IO_23_Write)
.\ARM_GCC_541\Debug\RPI_PSOC5_CARD_TEST_STATION.a(IO_24.o)
[...]
Memory Configuration

Name             Origin             Length             Attributes
rom              0x00000000         0x00020000         xr
ram              0x1fffc000         0x00008000         xrw
*default*        0x00000000         0xffffffff

Linker script and memory map

LOAD c:/program files (x86)/cypress/psoc creator/4.4/psoc creator/import/gnu/arm/5.4.1/bin/../lib/gcc/arm-none-eabi/5.4.1/armv7-m/crti.o
LOAD c:/program files (x86)/cypress/psoc creator/4.4/psoc creator/import/gnu/arm/5.4.1/bin/../lib/gcc/arm-none-eabi/5.4.1/armv7-m/crtbegin.o
LOAD c:/program files (x86)/cypress/psoc creator/4.4/psoc creator/import/gnu/arm/5.4.1/bin/../lib/gcc/arm-none-eabi/5.4.1/../../../../arm-none-eabi/lib/armv7-m/crt0.o
START GROUP
LOAD .\ARM_GCC_541\Debug\main.o
LOAD .\ARM_GCC_541\Debug\Test_RPP-UIO_16.o
LOAD .\ARM_GCC_541\Debug\RasPi_Pins.o
LOAD .\ARM_GCC_541\Debug\ExtEEPROM.o
LOAD .\ARM_GCC_541\Debug\EEPROM__Images.o
LOAD .\ARM_GCC_541\Debug\Test_RASPI_GVS.o
LOAD .\ARM_GCC_541\Debug\Test_RASPI_PLUS_GVS.o
LOAD .\ARM_GCC_541\Debug\PSoC_Menu.o
LOAD .\ARM_GCC_541\Debug\Test_RPI_I2C_HUB.o
LOAD .\ARM_GCC_541\Debug\DIGIO8Driver.o
LOAD .\ARM_GCC_541\Debug\Debug_Cards.o
LOAD .\ARM_GCC_541\Debug\Test_RPI_SPI8.o
LOAD .\ARM_GCC_541\Debug\Test_SPI_POTX2.o
LOAD .\ARM_GCC_541\Debug\cyfitter_cfg.o
LOAD .\ARM_GCC_541\Debug\cymetadata.o
LOAD .\ARM_GCC_541\Debug\Cm3Start.o
LOAD .\ARM_GCC_541\Debug\RPI_PSOC5_CARD_TEST_STATION.a
LOAD C:\Program Files (x86)\Cypress\PSoC Creator\4.4\PSoC Creator\psoc\content\cycomponentlibrary\CyComponentLibrary.cylib\CortexM3\ARM_GCC_541\Debug\CyComponentLibrary.a
END GROUP
START GROUP
LOAD c:/program files (x86)/cypress/psoc creator/4.4/psoc creator/import/gnu/arm/5.4.1/bin/../lib/gcc/arm-none-eabi/5.4.1/armv7-m\libgcc.a
LOAD c:/program files (x86)/cypress/psoc creator/4.4/psoc creator/import/gnu/arm/5.4.1/bin/../lib/gcc/arm-none-eabi/5.4.1/../../../../arm-none-eabi/lib/armv7-m\libg_nano.a
LOAD c:/program files (x86)/cypress/psoc creator/4.4/psoc creator/import/gnu/arm/5.4.1/bin/../lib/gcc/arm-none-eabi/5.4.1/../../../../arm-none-eabi/lib/armv7-m\libc_nano.a
END GROUP
START GROUP
LOAD c:/program files (x86)/cypress/psoc creator/4.4/psoc creator/import/gnu/arm/5.4.1/bin/../lib/gcc/arm-none-eabi/5.4.1/armv7-m\libgcc.a
LOAD c:/program files (x86)/cypress/psoc creator/4.4/psoc creator/import/gnu/arm/5.4.1/bin/../lib/gcc/arm-none-eabi/5.4.1/../../../../arm-none-eabi/lib/armv7-m\libc_nano.a
END GROUP
LOAD c:/program files (x86)/cypress/psoc creator/4.4/psoc creator/import/gnu/arm/5.4.1/bin/../lib/gcc/arm-none-eabi/5.4.1/armv7-m/crtend.o
LOAD c:/program files (x86)/cypress/psoc creator/4.4/psoc creator/import/gnu/arm/5.4.1/bin/../lib/gcc/arm-none-eabi/5.4.1/armv7-m/crtn.o
START GROUP
LOAD c:/program files (x86)/cypress/psoc creator/4.4/psoc creator/import/gnu/arm/5.4.1/bin/../lib/gcc/arm-none-eabi/5.4.1/armv7-m\libgcc.a
LOAD c:/program files (x86)/cypress/psoc creator/4.4/psoc creator/import/gnu/arm/5.4.1/bin/../lib/gcc/arm-none-eabi/5.4.1/../../../../arm-none-eabi/lib/armv7-m\libc.a
LOAD c:/program files (x86)/cypress/psoc creator/4.4/psoc creator/import/gnu/arm/5.4.1/bin/../lib/gcc/arm-none-eabi/5.4.1/../../../../arm-none-eabi/lib/armv7-m\libnosys.a
END GROUP
                0x00000000                CY_APPL_ORIGIN = 0x0
                0x00000100                CY_FLASH_ROW_SIZE = 0x100
                0x00000020                CY_ECC_ROW_SIZE = 0x20
                0x00000000                CY_EE_IN_BTLDR = 0x0
                0x00000000                CY_APPL_LOADABLE = 0x0
                0x00000800                CY_EE_SIZE = 0x800
                0x00000001                CY_APPL_NUM = 0x1
                0x00000001                CY_APPL_MAX = 0x1
                0x00000040                CY_METADATA_SIZE = 0x40
                0x00000000                CY_APPL_LOADABLE = 0x0
                0x00000000                CY_CHECKSUM_EXCLUDE_SIZE = ALIGN (0x0, CY_FLASH_ROW_SIZE)
                [!provide]                PROVIDE (__cy_heap_start, _end)
                0x00000001                PROVIDE (__cy_region_num, ((__cy_regions_end - __cy_regions) / 0x10))
                0x20004000                PROVIDE (__cy_stack, (ORIGIN (ram) + LENGTH (ram)))
                [!provide]                PROVIDE (__cy_heap_end, (__cy_stack - 0x800))

.cybootloader   0x00000000        0x0
 *(.cybootloader)
                0x00000000                appl1_start = CY_APPL_ORIGIN?CY_APPL_ORIGIN:ALIGN (CY_FLASH_ROW_SIZE)
                0x0000ff00                appl2_start = (appl1_start + ALIGN ((((LENGTH (rom) - appl1_start) - (0x2 * CY_FLASH_ROW_SIZE)) / 0x2), CY_FLASH_ROW_SIZE))
                0x00000000                appl_start = (CY_APPL_NUM == 0x1)?appl1_start:appl2_start
                0x00000000                ecc_offset = ((appl_start / CY_FLASH_ROW_SIZE) * CY_ECC_ROW_SIZE)
                0x00000000                ee_offset = (CY_APPL_LOADABLE && ! (CY_EE_IN_BTLDR))?((CY_EE_SIZE / CY_APPL_MAX) * (CY_APPL_NUM - 0x1)):0x0
                0x00000800                ee_size = (CY_APPL_LOADABLE && ! (CY_EE_IN_BTLDR))?(CY_EE_SIZE / CY_APPL_MAX):CY_EE_SIZE
                [!provide]                PROVIDE (CY_ECC_OFFSET, ecc_offset)

.text           0x00000000     0x6ca4
 CREATE_OBJECT_SYMBOLS
                0x00000000                PROVIDE (__cy_interrupt_vector, RomVectors)
 *(.romvectors)
 .romvectors    0x00000000       0x10 .\ARM_GCC_541\Debug\Cm3Start.o
                0x00000000                RomVectors
                0x00000001                ASSERT ((. != __cy_interrupt_vector), No interrupt vector)
                0x00000001                ASSERT (CY_APPL_ORIGIN?(SIZEOF (.cybootloader) <= CY_APPL_ORIGIN):0x1, Wrong image location)
                0x00000010                PROVIDE (__cy_reset, Reset)
 *(.text.Reset)
 .text.Reset    0x00000010       0x18 .\ARM_GCC_541\Debug\Cm3Start.o
                0x00000010                Reset
                0x00000001                ASSERT ((. != __cy_reset), No reset code)
 *(.dma_init)
                0x00000001                ASSERT ((((appl_start + .) <= 0x10000) || 0x1), DMA Init must be within the first 64k of flash)
 *(.text .text.* .gnu.linkonce.t.*)
 .text          0x00000028       0x5c c:/program files (x86)/cypress/psoc creator/4.4/psoc creator/import/gnu/arm/5.4.1/bin/../lib/gcc/arm-none-eabi/5.4.1/armv7-m/crtbegin.o
 .text.main     0x00000084       0xa0 .\ARM_GCC_541\Debug\main.o
                0x00000084                main
 .text.blinkLED
                0x00000124       0x2c .\ARM_GCC_541\Debug\Test_RPP-UIO_16.o
                0x00000124                blinkLED
 .text.testRPPUIO16
                0x00000150      0x244 .\ARM_GCC_541\Debug\Test_RPP-UIO_16.o
                0x00000150                testRPPUIO16
 .text.setRasPiPinValue
                0x00000394      0x194 .\ARM_GCC_541\Debug\RasPi_Pins.o
                0x00000394                setRasPiPinValue
 .text.readEEPROM
                0x00000528       0x68 .\ARM_GCC_541\Debug\ExtEEPROM.o
                0x00000528                readEEPROM
 .text.dumpEEPROM
                0x00000590      0x1cc .\ARM_GCC_541\Debug\ExtEEPROM.o
                0x00000590                dumpEEPROM
 .text.writeEEPROM
                0x0000075c      0x200 .\ARM_GCC_541\Debug\ExtEEPROM.o
                0x0000075c                writeEEPROM
 .text.writeEEPROMBlock
                0x0000095c       0x3c .\ARM_GCC_541\Debug\ExtEEPROM.o
                0x0000095c                writeEEPROMBlock
 .text.testRASPIGVS
                0x00000998      0x208 .\ARM_GCC_541\Debug\Test_RASPI_GVS.o
                0x00000998                testRASPIGVS
 .text.testRPPGVS
                0x00000ba0      0x240 .\ARM_GCC_541\Debug\Test_RASPI_PLUS_GVS.o
                0x00000ba0                testRPPGVS
 .text.printMenuOptions
                0x00000de0       0xa0 .\ARM_GCC_541\Debug\PSoC_Menu.o
                0x00000de0                printMenuOptions
 .text.psocMenu
                0x00000e80      0x428 .\ARM_GCC_541\Debug\PSoC_Menu.o
                0x00000e80                psocMenu
 .text.clearReceiveBuffer
                0x000012a8       0x2c .\ARM_GCC_541\Debug\PSoC_Menu.o
                0x000012a8                clearReceiveBuffer
 .text.addToReceiveBuffer
                0x000012d4      0x128 .\ARM_GCC_541\Debug\PSoC_Menu.o
                0x000012d4                addToReceiveBuffer
 .text.putStringToUSB
                0x000013fc       0x30 .\ARM_GCC_541\Debug\PSoC_Menu.o
                0x000013fc                putStringToUSB
 .text.init_RPII2CHUB
                0x0000142c       0x54 .\ARM_GCC_541\Debug\Test_RPI_I2C_HUB.o
                0x0000142c                init_RPII2CHUB
 .text.test_RPII2CHUB
                0x00001480      0x168 .\ARM_GCC_541\Debug\Test_RPI_I2C_HUB.o
                0x00001480                test_RPII2CHUB
 .text.bounceRPIHubLEDs
                0x000015e8       0xa8 .\ARM_GCC_541\Debug\Test_RPI_I2C_HUB.o
                0x000015e8                bounceRPIHubLEDs
 .text.readRegisterDIGIO8Card
                0x00001690       0x50 .\ARM_GCC_541\Debug\DIGIO8Driver.o
                0x00001690                readRegisterDIGIO8Card
 .text.writeRegisterDIGIO8Card
                0x000016e0       0x50 .\ARM_GCC_541\Debug\DIGIO8Driver.o
                0x000016e0                writeRegisterDIGIO8Card
 .text.writeDIGIO8Card
                0x00001730       0x24 .\ARM_GCC_541\Debug\DIGIO8Driver.o
                0x00001730                writeDIGIO8Card
 .text.initDIGIO8Card
                0x00001754       0x74 .\ARM_GCC_541\Debug\DIGIO8Driver.o
                0x00001754                initDIGIO8Card
 .text.debugRPPUIO16
                0x000017c8        0xc .\ARM_GCC_541\Debug\Debug_Cards.o
                0x000017c8                debugRPPUIO16
 .text.debugRPPGVS
                0x000017d4        0xc .\ARM_GCC_541\Debug\Debug_Cards.o
                0x000017d4                debugRPPGVS
 .text.debugRASPIGVS
                0x000017e0        0xc .\ARM_GCC_541\Debug\Debug_Cards.o
                0x000017e0                debugRASPIGVS
 .text.debugRPPGVSCFG
                0x000017ec        0xc .\ARM_GCC_541\Debug\Debug_Cards.o
                0x000017ec                debugRPPGVSCFG
 .text.readRegisterDIGIO8CardX
                0x000017f8       0x50 .\ARM_GCC_541\Debug\Debug_Cards.o
                0x000017f8                readRegisterDIGIO8CardX
 .text.writeRegisterDIGIO8CardX
                0x00001848       0x50 .\ARM_GCC_541\Debug\Debug_Cards.o
                0x00001848                writeRegisterDIGIO8CardX
 .text.debugRPIHub
                0x00001898      0x148 .\ARM_GCC_541\Debug\Debug_Cards.o
                0x00001898                debugRPIHub
 .text.testRPISPI8
                0x000019e0      0x1e0 .\ARM_GCC_541\Debug\Test_RPI_SPI8.o
                0x000019e0                testRPISPI8
 .text.debugRPISPI8
                0x00001bc0        0xc .\ARM_GCC_541\Debug\Test_RPI_SPI8.o
                0x00001bc0                debugRPISPI8
 .text.test_SPI_POTX2
                0x00001bcc       0xb8 .\ARM_GCC_541\Debug\Test_SPI_POTX2.o
                0x00001bcc                test_SPI_POTX2
 .text.setSPIChannel
                0x00001c84       0x1c .\ARM_GCC_541\Debug\Test_SPI_POTX2.o
                0x00001c84                setSPIChannel
 .text.CYMEMZERO
                0x00001ca0       0x1c .\ARM_GCC_541\Debug\cyfitter_cfg.o
 .text.CYCONFIGCPY
                0x00001cbc       0x20 .\ARM_GCC_541\Debug\cyfitter_cfg.o
 .text.CYCONFIGCPYCODE
                0x00001cdc       0x20 .\ARM_GCC_541\Debug\cyfitter_cfg.o
 .text.CyClockStartupError
                0x00001cfc        0xc .\ARM_GCC_541\Debug\cyfitter_cfg.o
 .text.cfg_write_bytes32
                0x00001d08       0x74 .\ARM_GCC_541\Debug\cyfitter_cfg.o
 .text.ClockSetup
                0x00001d7c      0x140 .\ARM_GCC_541\Debug\cyfitter_cfg.o
 .text.AnalogSetDefault
                0x00001ebc       0x44 .\ARM_GCC_541\Debug\cyfitter_cfg.o
 .text.cyfitter_cfg
                0x00001f00      0x1ac .\ARM_GCC_541\Debug\cyfitter_cfg.o
                0x00001f00                cyfitter_cfg
 .text.IntDefaultHandler
                0x000020ac       0x14 .\ARM_GCC_541\Debug\Cm3Start.o
                0x000020ac                IntDefaultHandler
 .text._sbrk    0x000020c0       0x50 .\ARM_GCC_541\Debug\Cm3Start.o
                0x000020c0                _sbrk
 .text.Start_c  0x00002110       0x98 .\ARM_GCC_541\Debug\Cm3Start.o
                0x00002110                Start_c
 .text.initialize_psoc
                0x000021a8       0x90 .\ARM_GCC_541\Debug\Cm3Start.o
                0x000021a8                initialize_psoc
 .text.USBUART_Start
                0x00002238       0x3c .\ARM_GCC_541\Debug\RPI_PSOC5_CARD_TEST_STATION.a(USBUART.o)
                0x00002238                USBUART_Start
 .text.USBUART_Init
                0x00002274      0x1a4 .\ARM_GCC_541\Debug\RPI_PSOC5_CARD_TEST_STATION.a(USBUART.o)
                0x00002274                USBUART_Init
 .text.USBUART_InitComponent
                0x00002418      0x120 .\ARM_GCC_541\Debug\RPI_PSOC5_CARD_TEST_STATION.a(USBUART.o)
                0x00002418                USBUART_InitComponent
 .text.USBUART_ReInitComponent
                0x00002538       0x88 .\ARM_GCC_541\Debug\RPI_PSOC5_CARD_TEST_STATION.a(USBUART.o)
                0x00002538                USBUART_ReInitComponent
 .text.USBUART_GetConfiguration
                0x000025c0       0x18 .\ARM_GCC_541\Debug\RPI_PSOC5_CARD_TEST_STATION.a(USBUART.o)
                0x000025c0                USBUART_GetConfiguration
 .text.USBUART_IsConfigurationChanged
                0x000025d8       0x30 .\ARM_GCC_541\Debug\RPI_PSOC5_CARD_TEST_STATION.a(USBUART.o)
                0x000025d8                USBUART_IsConfigurationChanged
 .text.USBUART_GetEPState
                0x00002608       0x2c .\ARM_GCC_541\Debug\RPI_PSOC5_CARD_TEST_STATION.a(USBUART.o)
                0x00002608                USBUART_GetEPState
 .text.USBUART_GetEPCount
                0x00002634       0x60 .\ARM_GCC_541\Debug\RPI_PSOC5_CARD_TEST_STATION.a(USBUART.o)
                0x00002634                USBUART_GetEPCount
 .text.USBUART_LoadInEP
                0x00002694      0x108 .\ARM_GCC_541\Debug\RPI_PSOC5_CARD_TEST_STATION.a(USBUART.o)
                0x00002694                USBUART_LoadInEP
 .text.USBUART_ReadOutEP
                0x0000279c       0x8c .\ARM_GCC_541\Debug\RPI_PSOC5_CARD_TEST_STATION.a(USBUART.o)
                0x0000279c                USBUART_ReadOutEP
 .text.USBUART_EnableOutEP
                0x00002828       0x5c .\ARM_GCC_541\Debug\RPI_PSOC5_CARD_TEST_STATION.a(USBUART.o)
                0x00002828                USBUART_EnableOutEP
 .text.USBUART_DispatchCDCClassRqst
                0x00002884       0xe4 .\ARM_GCC_541\Debug\RPI_PSOC5_CARD_TEST_STATION.a(USBUART_cdc.o)
                0x00002884                USBUART_DispatchCDCClassRqst
 .text.USBUART_GetInterfaceComPort
                0x00002968       0x60 .\ARM_GCC_541\Debug\RPI_PSOC5_CARD_TEST_STATION.a(USBUART_cdc.o)
                0x00002968                USBUART_GetInterfaceComPort
 .text.USBUART_CDC_Init
                0x000029c8       0xa8 .\ARM_GCC_541\Debug\RPI_PSOC5_CARD_TEST_STATION.a(USBUART_cdc.o)
                0x000029c8                USBUART_CDC_Init
 .text.USBUART_PutData
                0x00002a70       0x6c .\ARM_GCC_541\Debug\RPI_PSOC5_CARD_TEST_STATION.a(USBUART_cdc.o)
                0x00002a70                USBUART_PutData
 .text.USBUART_DataIsReady
                0x00002adc       0x24 .\ARM_GCC_541\Debug\RPI_PSOC5_CARD_TEST_STATION.a(USBUART_cdc.o)
                0x00002adc                USBUART_DataIsReady
 .text.USBUART_CDCIsReady
                0x00002b00       0x24 .\ARM_GCC_541\Debug\RPI_PSOC5_CARD_TEST_STATION.a(USBUART_cdc.o)
                0x00002b00                USBUART_CDCIsReady
 .text.USBUART_GetAll
                0x00002b24       0x4c .\ARM_GCC_541\Debug\RPI_PSOC5_CARD_TEST_STATION.a(USBUART_cdc.o)
                0x00002b24                USBUART_GetAll
 .text.USBUART_Cdc_EpInit
                0x00002b70       0x90 .\ARM_GCC_541\Debug\RPI_PSOC5_CARD_TEST_STATION.a(USBUART_cdc.o)
                0x00002b70                USBUART_Cdc_EpInit
 .text.USBUART_EP_0_ISR
                0x00002c00       0xf8 .\ARM_GCC_541\Debug\RPI_PSOC5_CARD_TEST_STATION.a(USBUART_drv.o)
                0x00002c00                USBUART_EP_0_ISR
 .text.USBUART_HandleSetup
                0x00002cf8       0x88 .\ARM_GCC_541\Debug\RPI_PSOC5_CARD_TEST_STATION.a(USBUART_drv.o)
                0x00002cf8                USBUART_HandleSetup
 .text.USBUART_HandleIN
                0x00002d80       0x4c .\ARM_GCC_541\Debug\RPI_PSOC5_CARD_TEST_STATION.a(USBUART_drv.o)
                0x00002d80                USBUART_HandleIN
 .text.USBUART_HandleOUT
                0x00002dcc       0x58 .\ARM_GCC_541\Debug\RPI_PSOC5_CARD_TEST_STATION.a(USBUART_drv.o)
                0x00002dcc                USBUART_HandleOUT
 .text.USBUART_LoadEP0
                0x00002e24       0xd0 .\ARM_GCC_541\Debug\RPI_PSOC5_CARD_TEST_STATION.a(USBUART_drv.o)
                0x00002e24                USBUART_LoadEP0
 .text.USBUART_InitControlRead
                0x00002ef4       0x70 .\ARM_GCC_541\Debug\RPI_PSOC5_CARD_TEST_STATION.a(USBUART_drv.o)
                0x00002ef4                USBUART_InitControlRead
 .text.USBUART_InitZeroLengthControlTransfer
                0x00002f64       0x40 .\ARM_GCC_541\Debug\RPI_PSOC5_CARD_TEST_STATION.a(USBUART_drv.o)
                0x00002f64                USBUART_InitZeroLengthControlTransfer
 .text.USBUART_ControlReadDataStage
                0x00002fa4        0xc .\ARM_GCC_541\Debug\RPI_PSOC5_CARD_TEST_STATION.a(USBUART_drv.o)
                0x00002fa4                USBUART_ControlReadDataStage
 .text.USBUART_ControlReadStatusStage
                0x00002fb0       0x40 .\ARM_GCC_541\Debug\RPI_PSOC5_CARD_TEST_STATION.a(USBUART_drv.o)
                0x00002fb0                USBUART_ControlReadStatusStage
 .text.USBUART_InitControlWrite
                0x00002ff0       0x64 .\ARM_GCC_541\Debug\RPI_PSOC5_CARD_TEST_STATION.a(USBUART_drv.o)
                0x00002ff0                USBUART_InitControlWrite
 .text.USBUART_ControlWriteDataStage
                0x00003054       0xb4 .\ARM_GCC_541\Debug\RPI_PSOC5_CARD_TEST_STATION.a(USBUART_drv.o)
                0x00003054                USBUART_ControlWriteDataStage
 .text.USBUART_ControlWriteStatusStage
                0x00003108       0x24 .\ARM_GCC_541\Debug\RPI_PSOC5_CARD_TEST_STATION.a(USBUART_drv.o)
                0x00003108                USBUART_ControlWriteStatusStage
 .text.USBUART_InitNoDataControlTransfer
                0x0000312c       0x38 .\ARM_GCC_541\Debug\RPI_PSOC5_CARD_TEST_STATION.a(USBUART_drv.o)
                0x0000312c                USBUART_InitNoDataControlTransfer
 .text.USBUART_NoDataControlStatusStage
                0x00003164       0x4c .\ARM_GCC_541\Debug\RPI_PSOC5_CARD_TEST_STATION.a(USBUART_drv.o)
                0x00003164                USBUART_NoDataControlStatusStage
 .text.USBUART_UpdateStatusBlock
                0x000031b0       0x40 .\ARM_GCC_541\Debug\RPI_PSOC5_CARD_TEST_STATION.a(USBUART_drv.o)
                0x000031b0                USBUART_UpdateStatusBlock
 .text.USBUART_InitializeStatusBlock
                0x000031f0       0x34 .\ARM_GCC_541\Debug\RPI_PSOC5_CARD_TEST_STATION.a(USBUART_drv.o)
                0x000031f0                USBUART_InitializeStatusBlock
 .text.USBUART_EP_1_ISR
                0x00003224       0x48 .\ARM_GCC_541\Debug\RPI_PSOC5_CARD_TEST_STATION.a(USBUART_episr.o)
                0x00003224                USBUART_EP_1_ISR
 .text.USBUART_EP_2_ISR
                0x0000326c       0x4c .\ARM_GCC_541\Debug\RPI_PSOC5_CARD_TEST_STATION.a(USBUART_episr.o)
                0x0000326c                USBUART_EP_2_ISR
 .text.USBUART_EP_3_ISR
                0x000032b8       0x54 .\ARM_GCC_541\Debug\RPI_PSOC5_CARD_TEST_STATION.a(USBUART_episr.o)
                0x000032b8                USBUART_EP_3_ISR
 .text.USBUART_SOF_ISR
                0x0000330c        0xc .\ARM_GCC_541\Debug\RPI_PSOC5_CARD_TEST_STATION.a(USBUART_episr.o)
                0x0000330c                USBUART_SOF_ISR
 .text.USBUART_BUS_RESET_ISR
                0x00003318        0xc .\ARM_GCC_541\Debug\RPI_PSOC5_CARD_TEST_STATION.a(USBUART_episr.o)
                0x00003318                USBUART_BUS_RESET_ISR
 .text.USBUART_DispatchHIDClassRqst
                0x00003324      0x1e4 .\ARM_GCC_541\Debug\RPI_PSOC5_CARD_TEST_STATION.a(USBUART_hid.o)
                0x00003324                USBUART_DispatchHIDClassRqst
 .text.USBUART_FindHidClassDecriptor
                0x00003508       0x7c .\ARM_GCC_541\Debug\RPI_PSOC5_CARD_TEST_STATION.a(USBUART_hid.o)
                0x00003508                USBUART_FindHidClassDecriptor
 .text.USBUART_FindReportDescriptor
                0x00003584       0x90 .\ARM_GCC_541\Debug\RPI_PSOC5_CARD_TEST_STATION.a(USBUART_hid.o)
                0x00003584                USBUART_FindReportDescriptor
 .text.USBUART_FindReport
                0x00003614       0xcc .\ARM_GCC_541\Debug\RPI_PSOC5_CARD_TEST_STATION.a(USBUART_hid.o)
                0x00003614                USBUART_FindReport
 .text.USBUART_DP_ISR
                0x000036e0        0xc .\ARM_GCC_541\Debug\RPI_PSOC5_CARD_TEST_STATION.a(USBUART_pm.o)
                0x000036e0                USBUART_DP_ISR
 .text.USBUART_HandleStandardRqst
                0x000036ec      0x4a4 .\ARM_GCC_541\Debug\RPI_PSOC5_CARD_TEST_STATION.a(USBUART_std.o)
                0x000036ec                USBUART_HandleStandardRqst
 .text.USBUART_ReadDieID
                0x00003b90       0xd8 .\ARM_GCC_541\Debug\RPI_PSOC5_CARD_TEST_STATION.a(USBUART_std.o)
                0x00003b90                USBUART_ReadDieID
 .text.USBUART_ConfigReg
                0x00003c68      0x138 .\ARM_GCC_541\Debug\RPI_PSOC5_CARD_TEST_STATION.a(USBUART_std.o)
                0x00003c68                USBUART_ConfigReg
 .text.USBUART_Config
                0x00003da0      0x3a4 .\ARM_GCC_541\Debug\RPI_PSOC5_CARD_TEST_STATION.a(USBUART_std.o)
                0x00003da0                USBUART_Config
 .text.USBUART_ConfigAltChanged
                0x00004144      0x25c .\ARM_GCC_541\Debug\RPI_PSOC5_CARD_TEST_STATION.a(USBUART_std.o)
                0x00004144                USBUART_ConfigAltChanged
 .text.USBUART_GetConfigTablePtr
                0x000043a0       0x50 .\ARM_GCC_541\Debug\RPI_PSOC5_CARD_TEST_STATION.a(USBUART_std.o)
                0x000043a0                USBUART_GetConfigTablePtr
 .text.USBUART_GetDeviceTablePtr
                0x000043f0       0x24 .\ARM_GCC_541\Debug\RPI_PSOC5_CARD_TEST_STATION.a(USBUART_std.o)
                0x000043f0                USBUART_GetDeviceTablePtr
 .text.USBUART_GetInterfaceClassTablePtr
                0x00004414       0x4c .\ARM_GCC_541\Debug\RPI_PSOC5_CARD_TEST_STATION.a(USBUART_std.o)
                0x00004414                USBUART_GetInterfaceClassTablePtr
 .text.USBUART_SetEndpointHalt
                0x00004460       0xe8 .\ARM_GCC_541\Debug\RPI_PSOC5_CARD_TEST_STATION.a(USBUART_std.o)
                0x00004460                USBUART_SetEndpointHalt
 .text.USBUART_ClearEndpointHalt
                0x00004548      0x158 .\ARM_GCC_541\Debug\RPI_PSOC5_CARD_TEST_STATION.a(USBUART_std.o)
                0x00004548                USBUART_ClearEndpointHalt
 .text.USBUART_ValidateAlternateSetting
                0x000046a0       0x70 .\ARM_GCC_541\Debug\RPI_PSOC5_CARD_TEST_STATION.a(USBUART_std.o)
                0x000046a0                USBUART_ValidateAlternateSetting
 .text.USBUART_HandleVendorRqst
                0x00004710       0x54 .\ARM_GCC_541\Debug\RPI_PSOC5_CARD_TEST_STATION.a(USBUART_vnd.o)
                0x00004710                USBUART_HandleVendorRqst
 .text.I2C_EEPROM_Init
                0x00004764       0x84 .\ARM_GCC_541\Debug\RPI_PSOC5_CARD_TEST_STATION.a(I2C_EEPROM.o)
                0x00004764                I2C_EEPROM_Init
 .text.I2C_EEPROM_Enable
                0x000047e8       0x48 .\ARM_GCC_541\Debug\RPI_PSOC5_CARD_TEST_STATION.a(I2C_EEPROM.o)
                0x000047e8                I2C_EEPROM_Enable
 .text.I2C_EEPROM_Start
                0x00004830       0x30 .\ARM_GCC_541\Debug\RPI_PSOC5_CARD_TEST_STATION.a(I2C_EEPROM.o)
                0x00004830                I2C_EEPROM_Start
 .text.I2C_EEPROM_ISR
                0x00004860      0x3a8 .\ARM_GCC_541\Debug\RPI_PSOC5_CARD_TEST_STATION.a(I2C_EEPROM_INT.o)
                0x00004860                I2C_EEPROM_ISR
 .text.I2C_EEPROM_MasterWriteBuf
                0x00004c08      0x108 .\ARM_GCC_541\Debug\RPI_PSOC5_CARD_TEST_STATION.a(I2C_EEPROM_MASTER.o)
                0x00004c08                I2C_EEPROM_MasterWriteBuf
 .text.I2C_EEPROM_MasterReadBuf
                0x00004d10      0x110 .\ARM_GCC_541\Debug\RPI_PSOC5_CARD_TEST_STATION.a(I2C_EEPROM_MASTER.o)
                0x00004d10                I2C_EEPROM_MasterReadBuf
 .text.I2C_EEPROM_MasterStatus
                0x00004e20       0x50 .\ARM_GCC_541\Debug\RPI_PSOC5_CARD_TEST_STATION.a(I2C_EEPROM_MASTER.o)
                0x00004e20                I2C_EEPROM_MasterStatus
 .text.USBUART_Dp_ClearInterrupt
                0x00004e70       0x20 .\ARM_GCC_541\Debug\RPI_PSOC5_CARD_TEST_STATION.a(USBUART_Dp.o)
                0x00004e70                USBUART_Dp_ClearInterrupt
 .text.CyHalt   0x00004e90       0x18 .\ARM_GCC_541\Debug\RPI_PSOC5_CARD_TEST_STATION.a(CyLib.o)
                0x00004e90                CyHalt
 .text.CyDelay  0x00004ea8       0x44 .\ARM_GCC_541\Debug\RPI_PSOC5_CARD_TEST_STATION.a(CyLib.o)
                0x00004ea8                CyDelay
 .text.CyDelayUs
                0x00004eec       0x28 .\ARM_GCC_541\Debug\RPI_PSOC5_CARD_TEST_STATION.a(CyLib.o)
                0x00004eec                CyDelayUs
 .text.CyIntSetVector
                0x00004f14       0x50 .\ARM_GCC_541\Debug\RPI_PSOC5_CARD_TEST_STATION.a(CyLib.o)
                0x00004f14                CyIntSetVector
 .text.CyIntSetPriority
                0x00004f64       0x48 .\ARM_GCC_541\Debug\RPI_PSOC5_CARD_TEST_STATION.a(CyLib.o)
                0x00004f64                CyIntSetPriority
 .text.CyGetUniqueId
                0x00004fac       0xc4 .\ARM_GCC_541\Debug\RPI_PSOC5_CARD_TEST_STATION.a(CyLib.o)
                0x00004fac                CyGetUniqueId
 .text.IO_3_Write
                0x00005070       0x3c .\ARM_GCC_541\Debug\RPI_PSOC5_CARD_TEST_STATION.a(IO_3.o)
                0x00005070                IO_3_Write
 .text.IO_12_Write
                0x000050ac       0x3c .\ARM_GCC_541\Debug\RPI_PSOC5_CARD_TEST_STATION.a(IO_12.o)
                0x000050ac                IO_12_Write
 .text.IO_13_Write
                0x000050e8       0x3c .\ARM_GCC_541\Debug\RPI_PSOC5_CARD_TEST_STATION.a(IO_13.o)
                0x000050e8                IO_13_Write
 .text.IO_6_Write
                0x00005124       0x34 .\ARM_GCC_541\Debug\RPI_PSOC5_CARD_TEST_STATION.a(IO_6.o)
                0x00005124                IO_6_Write
 .text.IO_16_Write
                0x00005158       0x3c .\ARM_GCC_541\Debug\RPI_PSOC5_CARD_TEST_STATION.a(IO_16.o)
                0x00005158                IO_16_Write
 .text.IO_2_Write
                0x00005194       0x38 .\ARM_GCC_541\Debug\RPI_PSOC5_CARD_TEST_STATION.a(IO_2.o)
                0x00005194                IO_2_Write
 .text.IO_14_Write
                0x000051cc       0x34 .\ARM_GCC_541\Debug\RPI_PSOC5_CARD_TEST_STATION.a(IO_14.o)
                0x000051cc                IO_14_Write
 .text.IO_5_Write
                0x00005200       0x3c .\ARM_GCC_541\Debug\RPI_PSOC5_CARD_TEST_STATION.a(IO_5.o)
                0x00005200                IO_5_Write
 .text.IO_19_Write
                0x0000523c       0x3c .\ARM_GCC_541\Debug\RPI_PSOC5_CARD_TEST_STATION.a(IO_19.o)
                0x0000523c                IO_19_Write
 .text.IO_20_Write
                0x00005278       0x3c .\ARM_GCC_541\Debug\RPI_PSOC5_CARD_TEST_STATION.a(IO_20.o)
                0x00005278                IO_20_Write
 .text.IO_26_Write
                0x000052b4       0x3c .\ARM_GCC_541\Debug\RPI_PSOC5_CARD_TEST_STATION.a(IO_26.o)
                0x000052b4                IO_26_Write
 .text.IO_21_Write
                0x000052f0       0x38 .\ARM_GCC_541\Debug\RPI_PSOC5_CARD_TEST_STATION.a(IO_21.o)
                0x000052f0                IO_21_Write
 .text.IO_17_Write
                0x00005328       0x34 .\ARM_GCC_541\Debug\RPI_PSOC5_CARD_TEST_STATION.a(IO_17.o)
                0x00005328                IO_17_Write
 .text.IO_18_Write
                0x0000535c       0x3c .\ARM_GCC_541\Debug\RPI_PSOC5_CARD_TEST_STATION.a(IO_18.o)
                0x0000535c                IO_18_Write
 .text.IO_27_Write
                0x00005398       0x3c .\ARM_GCC_541\Debug\RPI_PSOC5_CARD_TEST_STATION.a(IO_27.o)
                0x00005398                IO_27_Write
 .text.IO_22_Write
                0x000053d4       0x3c .\ARM_GCC_541\Debug\RPI_PSOC5_CARD_TEST_STATION.a(IO_22.o)
                0x000053d4                IO_22_Write
 .text.IO_23_Write
                0x00005410       0x3c .\ARM_GCC_541\Debug\RPI_PSOC5_CARD_TEST_STATION.a(IO_23.o)
                0x00005410                IO_23_Write
 .text.IO_24_Write
                0x0000544c       0x3c .\ARM_GCC_541\Debug\RPI_PSOC5_CARD_TEST_STATION.a(IO_24.o)
                0x0000544c                IO_24_Write
 .text.IO_7_Write
                0x00005488       0x34 .\ARM_GCC_541\Debug\RPI_PSOC5_CARD_TEST_STATION.a(IO_7.o)
                0x00005488                IO_7_Write
 .text.IO_15_Write
                0x000054bc       0x3c .\ARM_GCC_541\Debug\RPI_PSOC5_CARD_TEST_STATION.a(IO_15.o)
                0x000054bc                IO_15_Write
 .text.IO_4_Write
                0x000054f8       0x3c .\ARM_GCC_541\Debug\RPI_PSOC5_CARD_TEST_STATION.a(IO_4.o)
                0x000054f8                IO_4_Write
 .text.IO_25_Write
                0x00005534       0x38 .\ARM_GCC_541\Debug\RPI_PSOC5_CARD_TEST_STATION.a(IO_25.o)
                0x00005534                IO_25_Write
 .text.IO_9_Write
                0x0000556c       0x3c .\ARM_GCC_541\Debug\RPI_PSOC5_CARD_TEST_STATION.a(IO_9.o)
                0x0000556c                IO_9_Write
 .text.IO_10_Write
                0x000055a8       0x34 .\ARM_GCC_541\Debug\RPI_PSOC5_CARD_TEST_STATION.a(IO_10.o)
                0x000055a8                IO_10_Write
 .text.IO_8_Write
                0x000055dc       0x3c .\ARM_GCC_541\Debug\RPI_PSOC5_CARD_TEST_STATION.a(IO_8.o)
                0x000055dc                IO_8_Write
 .text.IO_11_Write
                0x00005618       0x3c .\ARM_GCC_541\Debug\RPI_PSOC5_CARD_TEST_STATION.a(IO_11.o)
                0x00005618                IO_11_Write
 .text.I2C1_Init
                0x00005654       0xa0 .\ARM_GCC_541\Debug\RPI_PSOC5_CARD_TEST_STATION.a(I2C1.o)
                0x00005654                I2C1_Init
 .text.I2C1_Enable
                0x000056f4       0x20 .\ARM_GCC_541\Debug\RPI_PSOC5_CARD_TEST_STATION.a(I2C1.o)
                0x000056f4                I2C1_Enable
 .text.I2C1_Start
                0x00005714       0x2c .\ARM_GCC_541\Debug\RPI_PSOC5_CARD_TEST_STATION.a(I2C1.o)
                0x00005714                I2C1_Start
 .text.I2C1_ISR
                0x00005740      0x408 .\ARM_GCC_541\Debug\RPI_PSOC5_CARD_TEST_STATION.a(I2C1_INT.o)
                0x00005740                I2C1_ISR
 .text.I2C1_MasterWriteBuf
                0x00005b48      0x120 .\ARM_GCC_541\Debug\RPI_PSOC5_CARD_TEST_STATION.a(I2C1_MASTER.o)
                0x00005b48                I2C1_MasterWriteBuf
 .text.I2C1_MasterReadBuf
                0x00005c68      0x124 .\ARM_GCC_541\Debug\RPI_PSOC5_CARD_TEST_STATION.a(I2C1_MASTER.o)
                0x00005c68                I2C1_MasterReadBuf
 .text.I2C1_MasterSendStart
                0x00005d8c       0xd8 .\ARM_GCC_541\Debug\RPI_PSOC5_CARD_TEST_STATION.a(I2C1_MASTER.o)
                0x00005d8c                I2C1_MasterSendStart
 .text.I2C1_MasterSendStop
                0x00005e64       0x70 .\ARM_GCC_541\Debug\RPI_PSOC5_CARD_TEST_STATION.a(I2C1_MASTER.o)
                0x00005e64                I2C1_MasterSendStop
 .text.I2C1_MasterWriteByte
                0x00005ed4       0xa0 .\ARM_GCC_541\Debug\RPI_PSOC5_CARD_TEST_STATION.a(I2C1_MASTER.o)
                0x00005ed4                I2C1_MasterWriteByte
 .text.I2C1_MasterReadByte
                0x00005f74       0xb0 .\ARM_GCC_541\Debug\RPI_PSOC5_CARD_TEST_STATION.a(I2C1_MASTER.o)
                0x00005f74                I2C1_MasterReadByte
 .text.I2C1_MasterStatus
                0x00006024       0x4c .\ARM_GCC_541\Debug\RPI_PSOC5_CARD_TEST_STATION.a(I2C1_MASTER.o)
                0x00006024                I2C1_MasterStatus
 .text.I2C1_MasterClearStatus
                0x00006070       0x38 .\ARM_GCC_541\Debug\RPI_PSOC5_CARD_TEST_STATION.a(I2C1_MASTER.o)
                0x00006070                I2C1_MasterClearStatus
 .text.SPIM_1_Init
                0x000060a8       0x34 .\ARM_GCC_541\Debug\RPI_PSOC5_CARD_TEST_STATION.a(SPIM_1.o)
                0x000060a8                SPIM_1_Init
 .text.SPIM_1_Enable
                0x000060dc       0x68 .\ARM_GCC_541\Debug\RPI_PSOC5_CARD_TEST_STATION.a(SPIM_1.o)
                0x000060dc                SPIM_1_Enable
 .text.SPIM_1_Start
                0x00006144       0x24 .\ARM_GCC_541\Debug\RPI_PSOC5_CARD_TEST_STATION.a(SPIM_1.o)
                0x00006144                SPIM_1_Start
 .text.SPIM_1_EnableTxInt
                0x00006168        0xc .\ARM_GCC_541\Debug\RPI_PSOC5_CARD_TEST_STATION.a(SPIM_1.o)
                0x00006168                SPIM_1_EnableTxInt
 .text.SPIM_1_EnableRxInt
                0x00006174        0xc .\ARM_GCC_541\Debug\RPI_PSOC5_CARD_TEST_STATION.a(SPIM_1.o)
                0x00006174                SPIM_1_EnableRxInt
 .text.SPIM_1_ReadTxStatus
                0x00006180       0x1c .\ARM_GCC_541\Debug\RPI_PSOC5_CARD_TEST_STATION.a(SPIM_1.o)
                0x00006180                SPIM_1_ReadTxStatus
 .text.SPIM_1_ReadRxStatus
                0x0000619c       0x1c .\ARM_GCC_541\Debug\RPI_PSOC5_CARD_TEST_STATION.a(SPIM_1.o)
                0x0000619c                SPIM_1_ReadRxStatus
 .text.SPIM_1_WriteTxData
                0x000061b8       0x34 .\ARM_GCC_541\Debug\RPI_PSOC5_CARD_TEST_STATION.a(SPIM_1.o)
                0x000061b8                SPIM_1_WriteTxData
 .text.SPIM_1_ClearFIFO
                0x000061ec       0x84 .\ARM_GCC_541\Debug\RPI_PSOC5_CARD_TEST_STATION.a(SPIM_1.o)
                0x000061ec                SPIM_1_ClearFIFO
 .text.SPI_ADDR_Write
                0x00006270       0x20 .\ARM_GCC_541\Debug\RPI_PSOC5_CARD_TEST_STATION.a(SPI_ADDR.o)
                0x00006270                SPI_ADDR_Write
 .text.SPIM_1_IntClock_Start
                0x00006290       0x34 .\ARM_GCC_541\Debug\RPI_PSOC5_CARD_TEST_STATION.a(SPIM_1_IntClock.o)
                0x00006290                SPIM_1_IntClock_Start
 *fill*         0x000062c4        0x4 
 .text          0x000062c8       0x54 .\ARM_GCC_541\Debug\RPI_PSOC5_CARD_TEST_STATION.a(CyBootAsmGnu.o)
                0x000062c8                CyDelayCycles
                0x00006306                CyEnterCriticalSection
                0x0000630e                CyExitCriticalSection
 .text.USBUART_DispatchClassRqst
                0x0000631c       0x94 .\ARM_GCC_541\Debug\RPI_PSOC5_CARD_TEST_STATION.a(USBUART_cls.o)
                0x0000631c                USBUART_DispatchClassRqst
 .text.__errno  0x000063b0        0xc c:/program files (x86)/cypress/psoc creator/4.4/psoc creator/import/gnu/arm/5.4.1/bin/../lib/gcc/arm-none-eabi/5.4.1/../../../../arm-none-eabi/lib/armv7-m\libg_nano.a(lib_a-errno.o)
                0x000063b0                __errno
 .text.__libc_init_array
                0x000063bc       0x4c c:/program files (x86)/cypress/psoc creator/4.4/psoc creator/import/gnu/arm/5.4.1/bin/../lib/gcc/arm-none-eabi/5.4.1/../../../../arm-none-eabi/lib/armv7-m\libg_nano.a(lib_a-init.o)
                0x000063bc                __libc_init_array
 .text.memcpy   0x00006408       0x16 c:/program files (x86)/cypress/psoc creator/4.4/psoc creator/import/gnu/arm/5.4.1/bin/../lib/gcc/arm-none-eabi/5.4.1/../../../../arm-none-eabi/lib/armv7-m\libg_nano.a(lib_a-memcpy-stub.o)
                0x00006408                memcpy
 .text.memset   0x0000641e       0x10 c:/program files (x86)/cypress/psoc creator/4.4/psoc creator/import/gnu/arm/5.4.1/bin/../lib/gcc/arm-none-eabi/5.4.1/../../../../arm-none-eabi/lib/armv7-m\libg_nano.a(lib_a-memset.o)
                0x0000641e                memset
 *fill*         0x0000642e        0x2 
 .text.sprintf  0x00006430       0x48 c:/program files (x86)/cypress/psoc creator/4.4/psoc creator/import/gnu/arm/5.4.1/bin/../lib/gcc/arm-none-eabi/5.4.1/../../../../arm-none-eabi/lib/armv7-m\libg_nano.a(lib_a-sprintf.o)
                0x00006430                siprintf
                0x00006430                sprintf
 .text.strcat   0x00006478       0x1e c:/program files (x86)/cypress/psoc creator/4.4/psoc creator/import/gnu/arm/5.4.1/bin/../lib/gcc/arm-none-eabi/5.4.1/../../../../arm-none-eabi/lib/armv7-m\libg_nano.a(lib_a-strcat.o)
                0x00006478                strcat
 .text          0x00006496       0x10 c:/program files (x86)/cypress/psoc creator/4.4/psoc creator/import/gnu/arm/5.4.1/bin/../lib/gcc/arm-none-eabi/5.4.1/../../../../arm-none-eabi/lib/armv7-m\libg_nano.a(lib_a-strlen.o)
                0x00006496                strlen
 .text.__ssputs_r
                0x000064a6       0xb2 c:/program files (x86)/cypress/psoc creator/4.4/psoc creator/import/gnu/arm/5.4.1/bin/../lib/gcc/arm-none-eabi/5.4.1/../../../../arm-none-eabi/lib/armv7-m\libg_nano.a(lib_a-nano-svfprintf.o)
                0x000064a6                __ssputs_r
 .text._svfprintf_r
                0x00006558      0x1e8 c:/program files (x86)/cypress/psoc creator/4.4/psoc creator/import/gnu/arm/5.4.1/bin/../lib/gcc/arm-none-eabi/5.4.1/../../../../arm-none-eabi/lib/armv7-m\libg_nano.a(lib_a-nano-svfprintf.o)
                0x00006558                _svfiprintf_r
                0x00006558                _svfprintf_r
 .text._printf_common
                0x00006740       0xec c:/program files (x86)/cypress/psoc creator/4.4/psoc creator/import/gnu/arm/5.4.1/bin/../lib/gcc/arm-none-eabi/5.4.1/../../../../arm-none-eabi/lib/armv7-m\libg_nano.a(lib_a-nano-vfprintf_i.o)
                0x00006740                _printf_common
 .text._printf_i
                0x0000682c      0x24c c:/program files (x86)/cypress/psoc creator/4.4/psoc creator/import/gnu/arm/5.4.1/bin/../lib/gcc/arm-none-eabi/5.4.1/../../../../arm-none-eabi/lib/armv7-m\libg_nano.a(lib_a-nano-vfprintf_i.o)
                0x0000682c                _printf_i
 .text.memchr   0x00006a78       0x1c c:/program files (x86)/cypress/psoc creator/4.4/psoc creator/import/gnu/arm/5.4.1/bin/../lib/gcc/arm-none-eabi/5.4.1/../../../../arm-none-eabi/lib/armv7-m\libg_nano.a(lib_a-memchr-stub.o)
                0x00006a78                memchr
 .text.memmove  0x00006a94       0x36 c:/program files (x86)/cypress/psoc creator/4.4/psoc creator/import/gnu/arm/5.4.1/bin/../lib/gcc/arm-none-eabi/5.4.1/../../../../arm-none-eabi/lib/armv7-m\libg_nano.a(lib_a-memmove.o)
                0x00006a94                memmove
 *fill*         0x00006aca        0x2 
 .text._free_r  0x00006acc       0x98 c:/program files (x86)/cypress/psoc creator/4.4/psoc creator/import/gnu/arm/5.4.1/bin/../lib/gcc/arm-none-eabi/5.4.1/../../../../arm-none-eabi/lib/armv7-m\libg_nano.a(lib_a-nano-freer.o)
                0x00006acc                _free_r
 .text._malloc_r
                0x00006b64       0xbc c:/program files (x86)/cypress/psoc creator/4.4/psoc creator/import/gnu/arm/5.4.1/bin/../lib/gcc/arm-none-eabi/5.4.1/../../../../arm-none-eabi/lib/armv7-m\libg_nano.a(lib_a-nano-mallocr.o)
                0x00006b64                _malloc_r
 .text._realloc_r
                0x00006c20       0x4c c:/program files (x86)/cypress/psoc creator/4.4/psoc creator/import/gnu/arm/5.4.1/bin/../lib/gcc/arm-none-eabi/5.4.1/../../../../arm-none-eabi/lib/armv7-m\libg_nano.a(lib_a-nano-reallocr.o)
                0x00006c20                _realloc_r
 .text._sbrk_r  0x00006c6c       0x20 c:/program files (x86)/cypress/psoc creator/4.4/psoc creator/import/gnu/arm/5.4.1/bin/../lib/gcc/arm-none-eabi/5.4.1/../../../../arm-none-eabi/lib/armv7-m\libg_nano.a(lib_a-sbrkr.o)
                0x00006c6c                _sbrk_r
 .text.__malloc_lock
                0x00006c8c        0x2 c:/program files (x86)/cypress/psoc creator/4.4/psoc creator/import/gnu/arm/5.4.1/bin/../lib/gcc/arm-none-eabi/5.4.1/../../../../arm-none-eabi/lib/armv7-m\libg_nano.a(lib_a-mlock.o)
                0x00006c8c                __malloc_lock
 .text.__malloc_unlock
                0x00006c8e        0x2 c:/program files (x86)/cypress/psoc creator/4.4/psoc creator/import/gnu/arm/5.4.1/bin/../lib/gcc/arm-none-eabi/5.4.1/../../../../arm-none-eabi/lib/armv7-m\libg_nano.a(lib_a-mlock.o)
                0x00006c8e                __malloc_unlock
 .text._malloc_usable_size_r
                0x00006c90       0x14 c:/program files (x86)/cypress/psoc creator/4.4/psoc creator/import/gnu/arm/5.4.1/bin/../lib/gcc/arm-none-eabi/5.4.1/../../../../arm-none-eabi/lib/armv7-m\libg_nano.a(lib_a-nano-msizer.o)
                0x00006c90                _malloc_usable_size_r
 *(.plt)
 *(.gnu.warning)
 *(.glue_7t)
 .glue_7t       0x00006ca4        0x0 linker stubs
 *(.glue_7)
 .glue_7        0x00006ca4        0x0 linker stubs
 *(.vfp11_veneer)
 .vfp11_veneer  0x00006ca4        0x0 linker stubs
 *(.bootloader)
 *(.ARM.extab* .gnu.linkonce.armextab.*)
 *(.gcc_except_table)

.v4_bx          0x00006ca4        0x0
 .v4_bx         0x00006ca4        0x0 linker stubs

.iplt           0x00006ca4        0x0
 .iplt          0x00006ca4        0x0 c:/program files (x86)/cypress/psoc creator/4.4/psoc creator/import/gnu/arm/5.4.1/bin/../lib/gcc/arm-none-eabi/5.4.1/armv7-m/crtbegin.o

.eh_frame_hdr
 *(.eh_frame_hdr)

.eh_frame       0x00006ca4        0x4
 *(.eh_frame)
 .eh_frame      0x00006ca4        0x0 c:/program files (x86)/cypress/psoc creator/4.4/psoc creator/import/gnu/arm/5.4.1/bin/../lib/gcc/arm-none-eabi/5.4.1/armv7-m/crtbegin.o
 .eh_frame      0x00006ca4        0x4 c:/program files (x86)/cypress/psoc creator/4.4/psoc creator/import/gnu/arm/5.4.1/bin/../lib/gcc/arm-none-eabi/5.4.1/armv7-m/crtend.o
                [!provide]                PROVIDE (__exidx_start, .)

.ARM.exidx
 *(.ARM.exidx* .gnu.linkonce.armexidx.*)
                0x00006ca8                __exidx_end = .

.rodata         0x00006ca8     0x1730
 *(.rodata .rodata.* .gnu.linkonce.r.*)
 .rodata        0x00006ca8       0x17 .\ARM_GCC_541\Debug\ExtEEPROM.o
 *fill*         0x00006cbf        0x1 
 .rodata        0x00006cc0      0x151 .\ARM_GCC_541\Debug\EEPROM__Images.o
                0x00006cc0                rpp_uio_16_eeprom
                0x00006d30                raspi_plus_gvs_cfg_eeprom
                0x00006da8                rppsoc_eeprom
 *fill*         0x00006e11        0x3 
 .rodata        0x00006e14      0x8f3 .\ARM_GCC_541\Debug\PSoC_Menu.o
 *fill*         0x00007707        0x1 
 .rodata        0x00007708       0x72 .\ARM_GCC_541\Debug\Test_RPI_I2C_HUB.o
 *fill*         0x0000777a        0x2 
 .rodata        0x0000777c       0xd6 .\ARM_GCC_541\Debug\Debug_Cards.o
 *fill*         0x00007852        0x2 
 .rodata        0x00007854       0x69 .\ARM_GCC_541\Debug\Test_SPI_POTX2.o
 *fill*         0x000078bd        0x3 
 .rodata        0x000078c0      0x8c0 .\ARM_GCC_541\Debug\cyfitter_cfg.o
 .rodata        0x00008180       0x11 .\ARM_GCC_541\Debug\RPI_PSOC5_CARD_TEST_STATION.a(USBUART_std.o)
 *fill*         0x00008191        0x3 
 .rodata        0x00008194      0x1d4 .\ARM_GCC_541\Debug\RPI_PSOC5_CARD_TEST_STATION.a(USBUART_descr.o)
                0x00008194                USBUART_DEVICE0_DESCR
                0x000081a8                USBUART_DEVICE0_CONFIGURATION0_DESCR
                0x000081ec                USBUART_STRING_DESCRIPTORS
                0x0000828c                USBUART_SN_STRING_DESCRIPTOR
                0x00008290                USBUART_HIDREPORT_DESCRIPTOR1
                0x000082c8                USBUART_DEVICE0_CONFIGURATION0_EP_SETTINGS_TABLE
                0x000082e0                USBUART_DEVICE0_CONFIGURATION0_INTERFACE_CLASS
                0x000082e4                USBUART_DEVICE0_CONFIGURATION0_TABLE
                0x0000830c                USBUART_DEVICE0_TABLE
                0x00008324                USBUART_TABLE
                0x0000832c                USBUART_MSOS_DESCRIPTOR
                0x00008340                USBUART_MSOS_CONFIGURATION_DESCR
 .rodata.str1.1
                0x00008368        0x2 c:/program files (x86)/cypress/psoc creator/4.4/psoc creator/import/gnu/arm/5.4.1/bin/../lib/gcc/arm-none-eabi/5.4.1/../../../../arm-none-eabi/lib/armv7-m\libg_nano.a(lib_a-impure.o)
 .rodata.str1.1
                0x0000836a       0x11 c:/program files (x86)/cypress/psoc creator/4.4/psoc creator/import/gnu/arm/5.4.1/bin/../lib/gcc/arm-none-eabi/5.4.1/../../../../arm-none-eabi/lib/armv7-m\libg_nano.a(lib_a-nano-svfprintf.o)
 .rodata.str1.1
                0x0000837b       0x22 c:/program files (x86)/cypress/psoc creator/4.4/psoc creator/import/gnu/arm/5.4.1/bin/../lib/gcc/arm-none-eabi/5.4.1/../../../../arm-none-eabi/lib/armv7-m\libg_nano.a(lib_a-nano-vfprintf_i.o)
                0x000083a0                . = ALIGN (0x4)
 *fill*         0x0000839d        0x3 
 *(.init)
 .init          0x000083a0        0x4 c:/program files (x86)/cypress/psoc creator/4.4/psoc creator/import/gnu/arm/5.4.1/bin/../lib/gcc/arm-none-eabi/5.4.1/armv7-m/crti.o
                0x000083a0                _init
 .init          0x000083a4        0x8 c:/program files (x86)/cypress/psoc creator/4.4/psoc creator/import/gnu/arm/5.4.1/bin/../lib/gcc/arm-none-eabi/5.4.1/armv7-m/crtn.o
                0x000083ac                . = ALIGN (0x4)
                0x000083ac                __preinit_array_start = .
 *(.preinit_array)
                0x000083ac                __preinit_array_end = .
                0x000083ac                . = ALIGN (0x4)
                0x000083ac                __init_array_start = .
 *(SORT(.init_array.*))
 *(.init_array)
 .init_array    0x000083ac        0x4 c:/program files (x86)/cypress/psoc creator/4.4/psoc creator/import/gnu/arm/5.4.1/bin/../lib/gcc/arm-none-eabi/5.4.1/armv7-m/crtbegin.o
 .init_array    0x000083b0        0x4 .\ARM_GCC_541\Debug\Cm3Start.o
                0x000083b4                __init_array_end = .
                0x000083b4                . = ALIGN (0x4)
 *(.fini)
 .fini          0x000083b4        0x4 c:/program files (x86)/cypress/psoc creator/4.4/psoc creator/import/gnu/arm/5.4.1/bin/../lib/gcc/arm-none-eabi/5.4.1/armv7-m/crti.o
                0x000083b4                _fini
 .fini          0x000083b8        0x8 c:/program files (x86)/cypress/psoc creator/4.4/psoc creator/import/gnu/arm/5.4.1/bin/../lib/gcc/arm-none-eabi/5.4.1/armv7-m/crtn.o
                0x000083c0                . = ALIGN (0x4)
                0x000083c0                __fini_array_start = .
 *(.fini_array)
 .fini_array    0x000083c0        0x4 c:/program files (x86)/cypress/psoc creator/4.4/psoc creator/import/gnu/arm/5.4.1/bin/../lib/gcc/arm-none-eabi/5.4.1/armv7-m/crtbegin.o
 *(SORT(.fini_array.*))
                0x000083c4                __fini_array_end = .
                0x000083c4                . = ALIGN (0x4)
 *crtbegin.o(.ctors)
 *(EXCLUDE_FILE(*crtend.o) .ctors)
 *(SORT(.ctors.*))
 *crtend.o(.ctors)
                0x000083c4                . = ALIGN (0x4)
 *crtbegin.o(.dtors)
 *(EXCLUDE_FILE(*crtend.o) .dtors)
 *(SORT(.dtors.*))
 *crtend.o(.dtors)
                0x000083c4                . = ALIGN (0x4)
                0x000083c4                __cy_regions = .
                0x000083c4        0x4 LONG 0x83d8 __cy_region_init_ram
                0x000083c8        0x4 LONG 0x1fffc0c8 __cy_region_start_data
                0x000083cc        0x4 LONG 0x98 __cy_region_init_size_ram
                0x000083d0        0x4 LONG 0x198 __cy_region_zero_size_ram
                0x000083d4                __cy_regions_end = .
                0x000083d8                . = ALIGN (0x8)
 *fill*         0x000083d4        0x4 
                0x000083d8                _etext = .

.cy_checksum_exclude
                0x000083d8        0x0
 *(.cy_checksum_exclude)

.ramvectors     0x1fffc000       0xc0
                0x1fffc000                __cy_region_start_ram = .
 *(.ramvectors)
 .ramvectors    0x1fffc000       0xc0 .\ARM_GCC_541\Debug\Cm3Start.o
                0x1fffc000                CyRamVectors

.noinit         0x1fffc0c0        0x5
 *(.noinit)
 .noinit        0x1fffc0c0        0x4 .\ARM_GCC_541\Debug\Cm3Start.o
 .noinit        0x1fffc0c4        0x1 .\ARM_GCC_541\Debug\RPI_PSOC5_CARD_TEST_STATION.a(CyLib.o)
                0x1fffc0c4                CyResetStatus

.data           0x1fffc0c8       0x98 load address 0x000083d8
                0x1fffc0c8                __cy_region_start_data = .
 *(.jcr)
 .jcr           0x1fffc0c8        0x0 c:/program files (x86)/cypress/psoc creator/4.4/psoc creator/import/gnu/arm/5.4.1/bin/../lib/gcc/arm-none-eabi/5.4.1/armv7-m/crtbegin.o
 .jcr           0x1fffc0c8        0x4 c:/program files (x86)/cypress/psoc creator/4.4/psoc creator/import/gnu/arm/5.4.1/bin/../lib/gcc/arm-none-eabi/5.4.1/armv7-m/crtend.o
 *(.got.plt)
 *(.got)
 *(.shdata)
 *(.data .data.* .gnu.linkonce.d.*)
 .data          0x1fffc0cc        0x4 .\ARM_GCC_541\Debug\Cm3Start.o
 .data          0x1fffc0d0       0x1a .\ARM_GCC_541\Debug\RPI_PSOC5_CARD_TEST_STATION.a(USBUART_cdc.o)
                0x1fffc0d0                USBUART_linesCoding
 *fill*         0x1fffc0ea        0x2 
 .data          0x1fffc0ec       0x10 .\ARM_GCC_541\Debug\RPI_PSOC5_CARD_TEST_STATION.a(CyLib.o)
                0x1fffc0ec                cydelay_freq_hz
                0x1fffc0f0                cydelay_freq_khz
                0x1fffc0f4                cydelay_freq_mhz
                0x1fffc0f8                cydelay_32k_ms
 .data.impure_data
                0x1fffc0fc       0x60 c:/program files (x86)/cypress/psoc creator/4.4/psoc creator/import/gnu/arm/5.4.1/bin/../lib/gcc/arm-none-eabi/5.4.1/../../../../arm-none-eabi/lib/armv7-m\libg_nano.a(lib_a-impure.o)
 .data._impure_ptr
                0x1fffc15c        0x4 c:/program files (x86)/cypress/psoc creator/4.4/psoc creator/import/gnu/arm/5.4.1/bin/../lib/gcc/arm-none-eabi/5.4.1/../../../../arm-none-eabi/lib/armv7-m\libg_nano.a(lib_a-impure.o)
                0x1fffc15c                _impure_ptr
                0x1fffc160                . = ALIGN (0x8)
 *(.ram)
                0x1fffc160                _edata = .

.igot.plt       0x1fffc160        0x0 load address 0x00008470
 .igot.plt      0x1fffc160        0x0 c:/program files (x86)/cypress/psoc creator/4.4/psoc creator/import/gnu/arm/5.4.1/bin/../lib/gcc/arm-none-eabi/5.4.1/armv7-m/crtbegin.o

.bss            0x1fffc160      0x198 load address 0x00008470
                0x1fffc160                PROVIDE (__bss_start__, .)
 *(.shbss)
 *(.bss .bss.* .gnu.linkonce.b.*)
 .bss           0x1fffc160       0x1c c:/program files (x86)/cypress/psoc creator/4.4/psoc creator/import/gnu/arm/5.4.1/bin/../lib/gcc/arm-none-eabi/5.4.1/armv7-m/crtbegin.o
 .bss           0x1fffc17c        0x2 .\ARM_GCC_541\Debug\PSoC_Menu.o
                0x1fffc17c                cardType
 .bss           0x1fffc17e        0x1 .\ARM_GCC_541\Debug\RPI_PSOC5_CARD_TEST_STATION.a(USBUART.o)
                0x1fffc17e                USBUART_initVar
 .bss           0x1fffc17f        0x1 .\ARM_GCC_541\Debug\RPI_PSOC5_CARD_TEST_STATION.a(USBUART_cdc.o)
 .bss           0x1fffc180        0x2 .\ARM_GCC_541\Debug\RPI_PSOC5_CARD_TEST_STATION.a(USBUART_std.o)
 .bss           0x1fffc182        0x1 .\ARM_GCC_541\Debug\RPI_PSOC5_CARD_TEST_STATION.a(I2C_EEPROM.o)
                0x1fffc182                I2C_EEPROM_initVar
 .bss           0x1fffc183        0x1 .\ARM_GCC_541\Debug\RPI_PSOC5_CARD_TEST_STATION.a(I2C1.o)
                0x1fffc183                I2C1_initVar
 .bss           0x1fffc184        0x1 .\ARM_GCC_541\Debug\RPI_PSOC5_CARD_TEST_STATION.a(SPIM_1.o)
                0x1fffc184                SPIM_1_initVar
 *fill*         0x1fffc185        0x3 
 .bss.__malloc_sbrk_start
                0x1fffc188        0x4 c:/program files (x86)/cypress/psoc creator/4.4/psoc creator/import/gnu/arm/5.4.1/bin/../lib/gcc/arm-none-eabi/5.4.1/../../../../arm-none-eabi/lib/armv7-m\libg_nano.a(lib_a-nano-mallocr.o)
                0x1fffc188                __malloc_sbrk_start
 .bss.__malloc_free_list
                0x1fffc18c        0x4 c:/program files (x86)/cypress/psoc creator/4.4/psoc creator/import/gnu/arm/5.4.1/bin/../lib/gcc/arm-none-eabi/5.4.1/../../../../arm-none-eabi/lib/armv7-m\libg_nano.a(lib_a-nano-mallocr.o)
                0x1fffc18c                __malloc_free_list
 *(COMMON)
 COMMON         0x1fffc190       0x54 .\ARM_GCC_541\Debug\PSoC_Menu.o
                0x1fffc190                receiveBufferPtr
                0x1fffc191                gotCRorLF
                0x1fffc194                receiveBuffer
 COMMON         0x1fffc1e4        0x2 .\ARM_GCC_541\Debug\DIGIO8Driver.o
                0x1fffc1e4                myWrBuffer
 *fill*         0x1fffc1e6        0x2 
 COMMON         0x1fffc1e8       0x18 .\ARM_GCC_541\Debug\RPI_PSOC5_CARD_TEST_STATION.a(USBUART_cdc.o)
                0x1fffc1e8                USBUART_linesChanged
                0x1fffc1ec                USBUART_cdcDataInEp
                0x1fffc1f0                USBUART_cdcCommInInterruptEp
                0x1fffc1f4                USBUART_cdcDataOutEp
                0x1fffc1f8                USBUART_serialStateBitmap
                0x1fffc1fc                USBUART_linesControlBitmap
 COMMON         0x1fffc200       0x9a .\ARM_GCC_541\Debug\RPI_PSOC5_CARD_TEST_STATION.a(USBUART_drv.o)
                0x1fffc200                USBUART_lastPacketSize
                0x1fffc201                USBUART_device
                0x1fffc202                USBUART_transferByteCount
                0x1fffc204                USBUART_transferState
                0x1fffc208                USBUART_interfaceSettingLast
                0x1fffc20c                USBUART_currentTD
                0x1fffc218                USBUART_interfaceNumber
                0x1fffc21c                USBUART_interfaceClass
                0x1fffc220                USBUART_configurationChanged
                0x1fffc221                USBUART_ep0Mode
                0x1fffc222                USBUART_deviceAddress
                0x1fffc223                USBUART_configuration
                0x1fffc224                USBUART_ep0Count
                0x1fffc225                USBUART_deviceStatus
                0x1fffc228                USBUART_EP
                0x1fffc294                USBUART_interfaceSetting
                0x1fffc296                USBUART_ep0Toggle
                0x1fffc298                USBUART_interfaceStatus
 *fill*         0x1fffc29a        0x2 
 COMMON         0x1fffc29c        0xa .\ARM_GCC_541\Debug\RPI_PSOC5_CARD_TEST_STATION.a(USBUART_hid.o)
                0x1fffc29c                USBUART_hidProtocol
                0x1fffc2a0                USBUART_hidIdleTimer
                0x1fffc2a4                USBUART_hidIdleRate
 COMMON         0x1fffc2a6        0x1 .\ARM_GCC_541\Debug\RPI_PSOC5_CARD_TEST_STATION.a(I2C_EEPROM.o)
                0x1fffc2a6                I2C_EEPROM_state
 *fill*         0x1fffc2a7        0x1 
 COMMON         0x1fffc2a8       0x11 .\ARM_GCC_541\Debug\RPI_PSOC5_CARD_TEST_STATION.a(I2C_EEPROM_MASTER.o)
                0x1fffc2a8                I2C_EEPROM_mstrStatus
                0x1fffc2ac                I2C_EEPROM_mstrWrBufPtr
                0x1fffc2b0                I2C_EEPROM_mstrRdBufPtr
                0x1fffc2b4                I2C_EEPROM_mstrRdBufSize
                0x1fffc2b5                I2C_EEPROM_mstrControl
                0x1fffc2b6                I2C_EEPROM_mstrWrBufIndex
                0x1fffc2b7                I2C_EEPROM_mstrRdBufIndex
                0x1fffc2b8                I2C_EEPROM_mstrWrBufSize
 COMMON         0x1fffc2b9        0x1 .\ARM_GCC_541\Debug\RPI_PSOC5_CARD_TEST_STATION.a(I2C1.o)
                0x1fffc2b9                I2C1_state
 *fill*         0x1fffc2ba        0x2 
 COMMON         0x1fffc2bc       0x10 .\ARM_GCC_541\Debug\RPI_PSOC5_CARD_TEST_STATION.a(I2C1_MASTER.o)
                0x1fffc2bc                I2C1_mstrWrBufPtr
                0x1fffc2c0                I2C1_mstrWrBufIndex
                0x1fffc2c1                I2C1_mstrControl
                0x1fffc2c2                I2C1_mstrWrBufSize
                0x1fffc2c3                I2C1_mstrStatus
                0x1fffc2c4                I2C1_mstrRdBufSize
                0x1fffc2c5                I2C1_mstrRdBufIndex
                0x1fffc2c8                I2C1_mstrRdBufPtr
 COMMON         0x1fffc2cc       0x22 .\ARM_GCC_541\Debug\RPI_PSOC5_CARD_TEST_STATION.a(USBUART_descr.o)
                0x1fffc2cc                USBUART_idSerialNumberStringDescriptor
 *fill*         0x1fffc2ee        0x2 
 COMMON         0x1fffc2f0        0x4 c:/program files (x86)/cypress/psoc creator/4.4/psoc creator/import/gnu/arm/5.4.1/bin/../lib/gcc/arm-none-eabi/5.4.1/../../../../arm-none-eabi/lib/armv7-m\libg_nano.a(lib_a-reent.o)
                0x1fffc2f0                errno
                0x1fffc2f8                . = ALIGN (0x8)
 *fill*         0x1fffc2f4        0x4 
 *(.ram.b)
                0x1fffc2f8                _end = .
                0x1fffc2f8                __end = .
                0x1fffc2f8                PROVIDE (end, .)
                0x1fffc2f8                PROVIDE (__bss_end__, .)
                0x000083d8                __cy_region_init_ram = LOADADDR (.data)
                0x00000098                __cy_region_init_size_ram = (_edata - ADDR (.data))
                0x00000198                __cy_region_zero_size_ram = (_end - _edata)

.heap           0x1fffc2f8       0x80 load address 0x00008470
                0x1fffc2f8                . = _end
                0x1fffc378                . = (. + 0x80)
 *fill*         0x1fffc2f8       0x80 
                0x1fffc378                __cy_heap_limit = .

.stack          0x20003800      0x800
                0x20003800                __cy_stack_limit = .
                0x20004000                . = (. + 0x800)
 *fill*         0x20003800      0x800 
                0x00000001                ASSERT ((__cy_stack_limit >= __cy_heap_limit), region RAM overflowed with stack)
                0x00000000                cy_checksum_exclude_size = (CY_APPL_LOADABLE == 0x1)?SIZEOF (.cy_checksum_exclude):0x0
                0x00000001                ASSERT ((cy_checksum_exclude_size <= CY_CHECKSUM_EXCLUDE_SIZE), CY_BOOT: Section .cy_checksum_exclude size exceedes specified limit.)

.cyloadermeta
 *(.cyloadermeta)

.cyloadablemeta
 *(.cyloadablemeta)

.cyconfigecc    0x80000000        0x1
 *(.cyconfigecc)
 .cyconfigecc   0x80000000        0x1 .\ARM_GCC_541\Debug\cymetadata.o
                0x80000000                cy_meta_configecc

.cycustnvl      0x90000000        0x4
 *(.cycustnvl)
 .cycustnvl     0x90000000        0x4 .\ARM_GCC_541\Debug\cymetadata.o
                0x90000000                cy_meta_custnvl

.cywolatch      0x90100000        0x4
 *(.cywolatch)
 .cywolatch     0x90100000        0x4 .\ARM_GCC_541\Debug\cymetadata.o
                0x90100000                cy_meta_wonvl

.cyeeprom       0x90200000        0x0
 *(.cyeeprom)
                0x00000001                ASSERT ((. <= ((0x90200000 + ee_offset) + ee_size)), .cyeeprom data will not fit in EEPROM)

.cyflashprotect
                0x90400000       0x80
 *(.cyflashprotect)
 .cyflashprotect
                0x90400000       0x80 .\ARM_GCC_541\Debug\cymetadata.o
                0x90400000                cy_meta_flashprotect

.cymeta         0x90500000        0xc
 *(.cymeta)
 .cymeta        0x90500000        0xc .\ARM_GCC_541\Debug\cymetadata.o
                0x90500000                cy_metadata

.rel.dyn        0x00008470        0x0 load address 0x9050000c
 .rel.iplt      0x00008470        0x0 c:/program files (x86)/cypress/psoc creator/4.4/psoc creator/import/gnu/arm/5.4.1/bin/../lib/gcc/arm-none-eabi/5.4.1/armv7-m/crtbegin.o

.stab
 *(.stab)

.stabstr
 *(.stabstr)

.debug
 *(.debug)

.line
 *(.line)

.debug_srcinfo
 *(.debug_srcinfo)

.debug_sfnames
 *(.debug_sfnames)

.debug_aranges  0x00000000     0x1550
 *(.debug_aranges)
 .debug_aranges
                0x00000000       0x20 .\ARM_GCC_541\Debug\main.o
 .debug_aranges
                0x00000020       0x28 .\ARM_GCC_541\Debug\Test_RPP-UIO_16.o
 .debug_aranges
                0x00000048       0x28 .\ARM_GCC_541\Debug\RasPi_Pins.o
 .debug_aranges
                0x00000070       0x38 .\ARM_GCC_541\Debug\ExtEEPROM.o
 .debug_aranges
                0x000000a8       0x18 .\ARM_GCC_541\Debug\EEPROM__Images.o
 .debug_aranges
                0x000000c0       0x20 .\ARM_GCC_541\Debug\Test_RASPI_GVS.o
 .debug_aranges
                0x000000e0       0x20 .\ARM_GCC_541\Debug\Test_RASPI_PLUS_GVS.o
 .debug_aranges
                0x00000100       0x50 .\ARM_GCC_541\Debug\PSoC_Menu.o
 .debug_aranges
                0x00000150       0x30 .\ARM_GCC_541\Debug\Test_RPI_I2C_HUB.o
 .debug_aranges
                0x00000180       0x40 .\ARM_GCC_541\Debug\DIGIO8Driver.o
 .debug_aranges
                0x000001c0       0x50 .\ARM_GCC_541\Debug\Debug_Cards.o
 .debug_aranges
                0x00000210       0x28 .\ARM_GCC_541\Debug\Test_RPI_SPI8.o
 .debug_aranges
                0x00000238       0x30 .\ARM_GCC_541\Debug\Test_SPI_POTX2.o
 .debug_aranges
                0x00000268       0x60 .\ARM_GCC_541\Debug\cyfitter_cfg.o
 .debug_aranges
                0x000002c8       0x18 .\ARM_GCC_541\Debug\cymetadata.o
 .debug_aranges
                0x000002e0       0x48 .\ARM_GCC_541\Debug\Cm3Start.o
 .debug_aranges
                0x00000328       0xc8 .\ARM_GCC_541\Debug\RPI_PSOC5_CARD_TEST_STATION.a(USBUART.o)
 .debug_aranges
                0x000003f0       0xe8 .\ARM_GCC_541\Debug\RPI_PSOC5_CARD_TEST_STATION.a(USBUART_cdc.o)
 .debug_aranges
                0x000004d8       0x98 .\ARM_GCC_541\Debug\RPI_PSOC5_CARD_TEST_STATION.a(USBUART_drv.o)
 .debug_aranges
                0x00000570       0x40 .\ARM_GCC_541\Debug\RPI_PSOC5_CARD_TEST_STATION.a(USBUART_episr.o)
 .debug_aranges
                0x000005b0       0x48 .\ARM_GCC_541\Debug\RPI_PSOC5_CARD_TEST_STATION.a(USBUART_hid.o)
 .debug_aranges
                0x000005f8       0x40 .\ARM_GCC_541\Debug\RPI_PSOC5_CARD_TEST_STATION.a(USBUART_pm.o)
 .debug_aranges
                0x00000638       0x80 .\ARM_GCC_541\Debug\RPI_PSOC5_CARD_TEST_STATION.a(USBUART_std.o)
 .debug_aranges
                0x000006b8       0x20 .\ARM_GCC_541\Debug\RPI_PSOC5_CARD_TEST_STATION.a(USBUART_vnd.o)
 .debug_aranges
                0x000006d8       0x38 .\ARM_GCC_541\Debug\RPI_PSOC5_CARD_TEST_STATION.a(I2C_EEPROM.o)
 .debug_aranges
                0x00000710       0x20 .\ARM_GCC_541\Debug\RPI_PSOC5_CARD_TEST_STATION.a(I2C_EEPROM_INT.o)
 .debug_aranges
                0x00000730       0x38 .\ARM_GCC_541\Debug\RPI_PSOC5_CARD_TEST_STATION.a(I2C_EEPROM_PM.o)
 .debug_aranges
                0x00000768       0x80 .\ARM_GCC_541\Debug\RPI_PSOC5_CARD_TEST_STATION.a(I2C_EEPROM_MASTER.o)
 .debug_aranges
                0x000007e8       0x48 .\ARM_GCC_541\Debug\RPI_PSOC5_CARD_TEST_STATION.a(USBUART_Dp.o)
 .debug_aranges
                0x00000830      0x2a8 .\ARM_GCC_541\Debug\RPI_PSOC5_CARD_TEST_STATION.a(CyLib.o)
 .debug_aranges
                0x00000ad8       0x98 .\ARM_GCC_541\Debug\RPI_PSOC5_CARD_TEST_STATION.a(cyPm.o)
 .debug_aranges
                0x00000b70       0x38 .\ARM_GCC_541\Debug\RPI_PSOC5_CARD_TEST_STATION.a(IO_3.o)
 .debug_aranges
                0x00000ba8       0x38 .\ARM_GCC_541\Debug\RPI_PSOC5_CARD_TEST_STATION.a(IO_12.o)
 .debug_aranges
                0x00000be0       0x38 .\ARM_GCC_541\Debug\RPI_PSOC5_CARD_TEST_STATION.a(IO_13.o)
 .debug_aranges
                0x00000c18       0x38 .\ARM_GCC_541\Debug\RPI_PSOC5_CARD_TEST_STATION.a(IO_6.o)
 .debug_aranges
                0x00000c50       0x38 .\ARM_GCC_541\Debug\RPI_PSOC5_CARD_TEST_STATION.a(IO_16.o)
 .debug_aranges
                0x00000c88       0x38 .\ARM_GCC_541\Debug\RPI_PSOC5_CARD_TEST_STATION.a(IO_2.o)
 .debug_aranges
                0x00000cc0       0x38 .\ARM_GCC_541\Debug\RPI_PSOC5_CARD_TEST_STATION.a(IO_14.o)
 .debug_aranges
                0x00000cf8       0x38 .\ARM_GCC_541\Debug\RPI_PSOC5_CARD_TEST_STATION.a(IO_5.o)
 .debug_aranges
                0x00000d30       0x38 .\ARM_GCC_541\Debug\RPI_PSOC5_CARD_TEST_STATION.a(IO_19.o)
 .debug_aranges
                0x00000d68       0x38 .\ARM_GCC_541\Debug\RPI_PSOC5_CARD_TEST_STATION.a(IO_20.o)
 .debug_aranges
                0x00000da0       0x38 .\ARM_GCC_541\Debug\RPI_PSOC5_CARD_TEST_STATION.a(IO_26.o)
 .debug_aranges
                0x00000dd8       0x38 .\ARM_GCC_541\Debug\RPI_PSOC5_CARD_TEST_STATION.a(IO_21.o)
 .debug_aranges
                0x00000e10       0x38 .\ARM_GCC_541\Debug\RPI_PSOC5_CARD_TEST_STATION.a(IO_17.o)
 .debug_aranges
                0x00000e48       0x38 .\ARM_GCC_541\Debug\RPI_PSOC5_CARD_TEST_STATION.a(IO_18.o)
 .debug_aranges
                0x00000e80       0x38 .\ARM_GCC_541\Debug\RPI_PSOC5_CARD_TEST_STATION.a(IO_27.o)
 .debug_aranges
                0x00000eb8       0x38 .\ARM_GCC_541\Debug\RPI_PSOC5_CARD_TEST_STATION.a(IO_22.o)
 .debug_aranges
                0x00000ef0       0x38 .\ARM_GCC_541\Debug\RPI_PSOC5_CARD_TEST_STATION.a(IO_23.o)
 .debug_aranges
                0x00000f28       0x38 .\ARM_GCC_541\Debug\RPI_PSOC5_CARD_TEST_STATION.a(IO_24.o)
 .debug_aranges
                0x00000f60       0x38 .\ARM_GCC_541\Debug\RPI_PSOC5_CARD_TEST_STATION.a(IO_7.o)
 .debug_aranges
                0x00000f98       0x38 .\ARM_GCC_541\Debug\RPI_PSOC5_CARD_TEST_STATION.a(IO_15.o)
 .debug_aranges
                0x00000fd0       0x38 .\ARM_GCC_541\Debug\RPI_PSOC5_CARD_TEST_STATION.a(IO_4.o)
 .debug_aranges
                0x00001008       0x38 .\ARM_GCC_541\Debug\RPI_PSOC5_CARD_TEST_STATION.a(IO_25.o)
 .debug_aranges
                0x00001040       0x38 .\ARM_GCC_541\Debug\RPI_PSOC5_CARD_TEST_STATION.a(IO_9.o)
 .debug_aranges
                0x00001078       0x38 .\ARM_GCC_541\Debug\RPI_PSOC5_CARD_TEST_STATION.a(IO_10.o)
 .debug_aranges
                0x000010b0       0x38 .\ARM_GCC_541\Debug\RPI_PSOC5_CARD_TEST_STATION.a(IO_8.o)
 .debug_aranges
                0x000010e8       0x38 .\ARM_GCC_541\Debug\RPI_PSOC5_CARD_TEST_STATION.a(IO_11.o)
 .debug_aranges
                0x00001120       0x38 .\ARM_GCC_541\Debug\RPI_PSOC5_CARD_TEST_STATION.a(I2C1.o)
 .debug_aranges
                0x00001158       0x20 .\ARM_GCC_541\Debug\RPI_PSOC5_CARD_TEST_STATION.a(I2C1_INT.o)
 .debug_aranges
                0x00001178       0x80 .\ARM_GCC_541\Debug\RPI_PSOC5_CARD_TEST_STATION.a(I2C1_MASTER.o)
 .debug_aranges
                0x000011f8       0xd8 .\ARM_GCC_541\Debug\RPI_PSOC5_CARD_TEST_STATION.a(SPIM_1.o)
 .debug_aranges
                0x000012d0       0x28 .\ARM_GCC_541\Debug\RPI_PSOC5_CARD_TEST_STATION.a(SPI_ADDR.o)
 .debug_aranges
                0x000012f8       0x70 .\ARM_GCC_541\Debug\RPI_PSOC5_CARD_TEST_STATION.a(SPIM_1_IntClock.o)
 .debug_aranges
                0x00001368       0x20 .\ARM_GCC_541\Debug\RPI_PSOC5_CARD_TEST_STATION.a(CyBootAsmGnu.o)
 .debug_aranges
                0x00001388       0x80 .\ARM_GCC_541\Debug\RPI_PSOC5_CARD_TEST_STATION.a(CyScBoostClk.o)
 .debug_aranges
                0x00001408       0x20 .\ARM_GCC_541\Debug\RPI_PSOC5_CARD_TEST_STATION.a(USBUART_cls.o)
 .debug_aranges
                0x00001428       0x18 .\ARM_GCC_541\Debug\RPI_PSOC5_CARD_TEST_STATION.a(USBUART_descr.o)
 .debug_aranges
                0x00001440       0x90 .\ARM_GCC_541\Debug\RPI_PSOC5_CARD_TEST_STATION.a(CyFlash.o)
 .debug_aranges
                0x000014d0       0x80 .\ARM_GCC_541\Debug\RPI_PSOC5_CARD_TEST_STATION.a(CySpc.o)

.debug_pubnames
 *(.debug_pubnames)

.debug_info     0x00000000     0xa4c2
 *(.debug_info .gnu.linkonce.wi.*)
 .debug_info    0x00000000      0x18f .\ARM_GCC_541\Debug\main.o
 .debug_info    0x0000018f      0x1a4 .\ARM_GCC_541\Debug\Test_RPP-UIO_16.o
 .debug_info    0x00000333      0x1d3 .\ARM_GCC_541\Debug\RasPi_Pins.o
 .debug_info    0x00000506      0x3b9 .\ARM_GCC_541\Debug\ExtEEPROM.o
 .debug_info    0x000008bf      0x131 .\ARM_GCC_541\Debug\EEPROM__Images.o
 .debug_info    0x000009f0      0x180 .\ARM_GCC_541\Debug\Test_RASPI_GVS.o
 .debug_info    0x00000b70      0x180 .\ARM_GCC_541\Debug\Test_RASPI_PLUS_GVS.o
 .debug_info    0x00000cf0      0x2d1 .\ARM_GCC_541\Debug\PSoC_Menu.o
 .debug_info    0x00000fc1      0x1ae .\ARM_GCC_541\Debug\Test_RPI_I2C_HUB.o
 .debug_info    0x0000116f      0x1f3 .\ARM_GCC_541\Debug\DIGIO8Driver.o
 .debug_info    0x00001362      0x246 .\ARM_GCC_541\Debug\Debug_Cards.o
 .debug_info    0x000015a8      0x191 .\ARM_GCC_541\Debug\Test_RPI_SPI8.o
 .debug_info    0x00001739      0x146 .\ARM_GCC_541\Debug\Test_SPI_POTX2.o
 .debug_info    0x0000187f      0x5b8 .\ARM_GCC_541\Debug\cyfitter_cfg.o
 .debug_info    0x00001e37      0x134 .\ARM_GCC_541\Debug\cymetadata.o
 .debug_info    0x00001f6b      0x32b .\ARM_GCC_541\Debug\Cm3Start.o
 .debug_info    0x00002296      0x747 .\ARM_GCC_541\Debug\RPI_PSOC5_CARD_TEST_STATION.a(USBUART.o)
 .debug_info    0x000029dd      0x924 .\ARM_GCC_541\Debug\RPI_PSOC5_CARD_TEST_STATION.a(USBUART_cdc.o)
 .debug_info    0x00003301      0x52d .\ARM_GCC_541\Debug\RPI_PSOC5_CARD_TEST_STATION.a(USBUART_drv.o)
 .debug_info    0x0000382e      0x23b .\ARM_GCC_541\Debug\RPI_PSOC5_CARD_TEST_STATION.a(USBUART_episr.o)
 .debug_info    0x00003a69      0x37b .\ARM_GCC_541\Debug\RPI_PSOC5_CARD_TEST_STATION.a(USBUART_hid.o)
 .debug_info    0x00003de4      0x18d .\ARM_GCC_541\Debug\RPI_PSOC5_CARD_TEST_STATION.a(USBUART_pm.o)
 .debug_info    0x00003f71      0x961 .\ARM_GCC_541\Debug\RPI_PSOC5_CARD_TEST_STATION.a(USBUART_std.o)
 .debug_info    0x000048d2      0x1a9 .\ARM_GCC_541\Debug\RPI_PSOC5_CARD_TEST_STATION.a(USBUART_vnd.o)
 .debug_info    0x00004a7b      0x201 .\ARM_GCC_541\Debug\RPI_PSOC5_CARD_TEST_STATION.a(I2C_EEPROM.o)
 .debug_info    0x00004c7c      0x156 .\ARM_GCC_541\Debug\RPI_PSOC5_CARD_TEST_STATION.a(I2C_EEPROM_INT.o)
 .debug_info    0x00004dd2      0x19a .\ARM_GCC_541\Debug\RPI_PSOC5_CARD_TEST_STATION.a(I2C_EEPROM_PM.o)
 .debug_info    0x00004f6c      0x3f8 .\ARM_GCC_541\Debug\RPI_PSOC5_CARD_TEST_STATION.a(I2C_EEPROM_MASTER.o)
 .debug_info    0x00005364      0x171 .\ARM_GCC_541\Debug\RPI_PSOC5_CARD_TEST_STATION.a(USBUART_Dp.o)
 .debug_info    0x000054d5      0xe88 .\ARM_GCC_541\Debug\RPI_PSOC5_CARD_TEST_STATION.a(CyLib.o)
 .debug_info    0x0000635d      0x57a .\ARM_GCC_541\Debug\RPI_PSOC5_CARD_TEST_STATION.a(cyPm.o)
 .debug_info    0x000068d7      0x11e .\ARM_GCC_541\Debug\RPI_PSOC5_CARD_TEST_STATION.a(IO_3.o)
 .debug_info    0x000069f5      0x11e .\ARM_GCC_541\Debug\RPI_PSOC5_CARD_TEST_STATION.a(IO_12.o)
 .debug_info    0x00006b13      0x11e .\ARM_GCC_541\Debug\RPI_PSOC5_CARD_TEST_STATION.a(IO_13.o)
 .debug_info    0x00006c31      0x11e .\ARM_GCC_541\Debug\RPI_PSOC5_CARD_TEST_STATION.a(IO_6.o)
 .debug_info    0x00006d4f      0x11e .\ARM_GCC_541\Debug\RPI_PSOC5_CARD_TEST_STATION.a(IO_16.o)
 .debug_info    0x00006e6d      0x11e .\ARM_GCC_541\Debug\RPI_PSOC5_CARD_TEST_STATION.a(IO_2.o)
 .debug_info    0x00006f8b      0x11e .\ARM_GCC_541\Debug\RPI_PSOC5_CARD_TEST_STATION.a(IO_14.o)
 .debug_info    0x000070a9      0x11e .\ARM_GCC_541\Debug\RPI_PSOC5_CARD_TEST_STATION.a(IO_5.o)
 .debug_info    0x000071c7      0x11e .\ARM_GCC_541\Debug\RPI_PSOC5_CARD_TEST_STATION.a(IO_19.o)
 .debug_info    0x000072e5      0x11e .\ARM_GCC_541\Debug\RPI_PSOC5_CARD_TEST_STATION.a(IO_20.o)
 .debug_info    0x00007403      0x11e .\ARM_GCC_541\Debug\RPI_PSOC5_CARD_TEST_STATION.a(IO_26.o)
 .debug_info    0x00007521      0x11e .\ARM_GCC_541\Debug\RPI_PSOC5_CARD_TEST_STATION.a(IO_21.o)
 .debug_info    0x0000763f      0x11e .\ARM_GCC_541\Debug\RPI_PSOC5_CARD_TEST_STATION.a(IO_17.o)
 .debug_info    0x0000775d      0x11e .\ARM_GCC_541\Debug\RPI_PSOC5_CARD_TEST_STATION.a(IO_18.o)
 .debug_info    0x0000787b      0x11e .\ARM_GCC_541\Debug\RPI_PSOC5_CARD_TEST_STATION.a(IO_27.o)
 .debug_info    0x00007999      0x11e .\ARM_GCC_541\Debug\RPI_PSOC5_CARD_TEST_STATION.a(IO_22.o)
 .debug_info    0x00007ab7      0x11e .\ARM_GCC_541\Debug\RPI_PSOC5_CARD_TEST_STATION.a(IO_23.o)
 .debug_info    0x00007bd5      0x11e .\ARM_GCC_541\Debug\RPI_PSOC5_CARD_TEST_STATION.a(IO_24.o)
 .debug_info    0x00007cf3      0x11e .\ARM_GCC_541\Debug\RPI_PSOC5_CARD_TEST_STATION.a(IO_7.o)
 .debug_info    0x00007e11      0x11e .\ARM_GCC_541\Debug\RPI_PSOC5_CARD_TEST_STATION.a(IO_15.o)
 .debug_info    0x00007f2f      0x11e .\ARM_GCC_541\Debug\RPI_PSOC5_CARD_TEST_STATION.a(IO_4.o)
 .debug_info    0x0000804d      0x11e .\ARM_GCC_541\Debug\RPI_PSOC5_CARD_TEST_STATION.a(IO_25.o)
 .debug_info    0x0000816b      0x11e .\ARM_GCC_541\Debug\RPI_PSOC5_CARD_TEST_STATION.a(IO_9.o)
 .debug_info    0x00008289      0x11e .\ARM_GCC_541\Debug\RPI_PSOC5_CARD_TEST_STATION.a(IO_10.o)
 .debug_info    0x000083a7      0x11e .\ARM_GCC_541\Debug\RPI_PSOC5_CARD_TEST_STATION.a(IO_8.o)
 .debug_info    0x000084c5      0x11e .\ARM_GCC_541\Debug\RPI_PSOC5_CARD_TEST_STATION.a(IO_11.o)
 .debug_info    0x000085e3      0x163 .\ARM_GCC_541\Debug\RPI_PSOC5_CARD_TEST_STATION.a(I2C1.o)
 .debug_info    0x00008746      0x156 .\ARM_GCC_541\Debug\RPI_PSOC5_CARD_TEST_STATION.a(I2C1_INT.o)
 .debug_info    0x0000889c      0x3f8 .\ARM_GCC_541\Debug\RPI_PSOC5_CARD_TEST_STATION.a(I2C1_MASTER.o)
 .debug_info    0x00008c94      0x411 .\ARM_GCC_541\Debug\RPI_PSOC5_CARD_TEST_STATION.a(SPIM_1.o)
 .debug_info    0x000090a5       0xd7 .\ARM_GCC_541\Debug\RPI_PSOC5_CARD_TEST_STATION.a(SPI_ADDR.o)
 .debug_info    0x0000917c      0x25d .\ARM_GCC_541\Debug\RPI_PSOC5_CARD_TEST_STATION.a(SPIM_1_IntClock.o)
 .debug_info    0x000093d9       0xad .\ARM_GCC_541\Debug\RPI_PSOC5_CARD_TEST_STATION.a(CyBootAsmGnu.o)
 .debug_info    0x00009486      0x299 .\ARM_GCC_541\Debug\RPI_PSOC5_CARD_TEST_STATION.a(CyScBoostClk.o)
 .debug_info    0x0000971f      0x1c8 .\ARM_GCC_541\Debug\RPI_PSOC5_CARD_TEST_STATION.a(USBUART_cls.o)
 .debug_info    0x000098e7      0x30b .\ARM_GCC_541\Debug\RPI_PSOC5_CARD_TEST_STATION.a(USBUART_descr.o)
 .debug_info    0x00009bf2      0x410 .\ARM_GCC_541\Debug\RPI_PSOC5_CARD_TEST_STATION.a(CyFlash.o)
 .debug_info    0x0000a002      0x4c0 .\ARM_GCC_541\Debug\RPI_PSOC5_CARD_TEST_STATION.a(CySpc.o)

.debug_abbrev   0x00000000     0x39df
 *(.debug_abbrev)
 .debug_abbrev  0x00000000       0xc2 .\ARM_GCC_541\Debug\main.o
 .debug_abbrev  0x000000c2       0xb7 .\ARM_GCC_541\Debug\Test_RPP-UIO_16.o
 .debug_abbrev  0x00000179       0x9f .\ARM_GCC_541\Debug\RasPi_Pins.o
 .debug_abbrev  0x00000218      0x111 .\ARM_GCC_541\Debug\ExtEEPROM.o
 .debug_abbrev  0x00000329       0x82 .\ARM_GCC_541\Debug\EEPROM__Images.o
 .debug_abbrev  0x000003ab       0x8e .\ARM_GCC_541\Debug\Test_RASPI_GVS.o
 .debug_abbrev  0x00000439       0x8e .\ARM_GCC_541\Debug\Test_RASPI_PLUS_GVS.o
 .debug_abbrev  0x000004c7      0x174 .\ARM_GCC_541\Debug\PSoC_Menu.o
 .debug_abbrev  0x0000063b       0x97 .\ARM_GCC_541\Debug\Test_RPI_I2C_HUB.o
 .debug_abbrev  0x000006d2       0xd3 .\ARM_GCC_541\Debug\DIGIO8Driver.o
 .debug_abbrev  0x000007a5       0xeb .\ARM_GCC_541\Debug\Debug_Cards.o
 .debug_abbrev  0x00000890       0xa6 .\ARM_GCC_541\Debug\Test_RPI_SPI8.o
 .debug_abbrev  0x00000936       0xac .\ARM_GCC_541\Debug\Test_SPI_POTX2.o
 .debug_abbrev  0x000009e2      0x1c2 .\ARM_GCC_541\Debug\cyfitter_cfg.o
 .debug_abbrev  0x00000ba4       0x5d .\ARM_GCC_541\Debug\cymetadata.o
 .debug_abbrev  0x00000c01      0x1d6 .\ARM_GCC_541\Debug\Cm3Start.o
 .debug_abbrev  0x00000dd7      0x1f3 .\ARM_GCC_541\Debug\RPI_PSOC5_CARD_TEST_STATION.a(USBUART.o)
 .debug_abbrev  0x00000fca      0x233 .\ARM_GCC_541\Debug\RPI_PSOC5_CARD_TEST_STATION.a(USBUART_cdc.o)
 .debug_abbrev  0x000011fd      0x161 .\ARM_GCC_541\Debug\RPI_PSOC5_CARD_TEST_STATION.a(USBUART_drv.o)
 .debug_abbrev  0x0000135e       0xfd .\ARM_GCC_541\Debug\RPI_PSOC5_CARD_TEST_STATION.a(USBUART_episr.o)
 .debug_abbrev  0x0000145b      0x15e .\ARM_GCC_541\Debug\RPI_PSOC5_CARD_TEST_STATION.a(USBUART_hid.o)
 .debug_abbrev  0x000015b9       0xd1 .\ARM_GCC_541\Debug\RPI_PSOC5_CARD_TEST_STATION.a(USBUART_pm.o)
 .debug_abbrev  0x0000168a      0x1c2 .\ARM_GCC_541\Debug\RPI_PSOC5_CARD_TEST_STATION.a(USBUART_std.o)
 .debug_abbrev  0x0000184c       0xc5 .\ARM_GCC_541\Debug\RPI_PSOC5_CARD_TEST_STATION.a(USBUART_vnd.o)
 .debug_abbrev  0x00001911       0xe2 .\ARM_GCC_541\Debug\RPI_PSOC5_CARD_TEST_STATION.a(I2C_EEPROM.o)
 .debug_abbrev  0x000019f3       0x81 .\ARM_GCC_541\Debug\RPI_PSOC5_CARD_TEST_STATION.a(I2C_EEPROM_INT.o)
 .debug_abbrev  0x00001a74       0xf8 .\ARM_GCC_541\Debug\RPI_PSOC5_CARD_TEST_STATION.a(I2C_EEPROM_PM.o)
 .debug_abbrev  0x00001b6c      0x11e .\ARM_GCC_541\Debug\RPI_PSOC5_CARD_TEST_STATION.a(I2C_EEPROM_MASTER.o)
 .debug_abbrev  0x00001c8a       0x90 .\ARM_GCC_541\Debug\RPI_PSOC5_CARD_TEST_STATION.a(USBUART_Dp.o)
 .debug_abbrev  0x00001d1a      0x217 .\ARM_GCC_541\Debug\RPI_PSOC5_CARD_TEST_STATION.a(CyLib.o)
 .debug_abbrev  0x00001f31      0x161 .\ARM_GCC_541\Debug\RPI_PSOC5_CARD_TEST_STATION.a(cyPm.o)
 .debug_abbrev  0x00002092       0x90 .\ARM_GCC_541\Debug\RPI_PSOC5_CARD_TEST_STATION.a(IO_3.o)
 .debug_abbrev  0x00002122       0x90 .\ARM_GCC_541\Debug\RPI_PSOC5_CARD_TEST_STATION.a(IO_12.o)
 .debug_abbrev  0x000021b2       0x90 .\ARM_GCC_541\Debug\RPI_PSOC5_CARD_TEST_STATION.a(IO_13.o)
 .debug_abbrev  0x00002242       0x90 .\ARM_GCC_541\Debug\RPI_PSOC5_CARD_TEST_STATION.a(IO_6.o)
 .debug_abbrev  0x000022d2       0x90 .\ARM_GCC_541\Debug\RPI_PSOC5_CARD_TEST_STATION.a(IO_16.o)
 .debug_abbrev  0x00002362       0x90 .\ARM_GCC_541\Debug\RPI_PSOC5_CARD_TEST_STATION.a(IO_2.o)
 .debug_abbrev  0x000023f2       0x90 .\ARM_GCC_541\Debug\RPI_PSOC5_CARD_TEST_STATION.a(IO_14.o)
 .debug_abbrev  0x00002482       0x90 .\ARM_GCC_541\Debug\RPI_PSOC5_CARD_TEST_STATION.a(IO_5.o)
 .debug_abbrev  0x00002512       0x90 .\ARM_GCC_541\Debug\RPI_PSOC5_CARD_TEST_STATION.a(IO_19.o)
 .debug_abbrev  0x000025a2       0x90 .\ARM_GCC_541\Debug\RPI_PSOC5_CARD_TEST_STATION.a(IO_20.o)
 .debug_abbrev  0x00002632       0x90 .\ARM_GCC_541\Debug\RPI_PSOC5_CARD_TEST_STATION.a(IO_26.o)
 .debug_abbrev  0x000026c2       0x90 .\ARM_GCC_541\Debug\RPI_PSOC5_CARD_TEST_STATION.a(IO_21.o)
 .debug_abbrev  0x00002752       0x90 .\ARM_GCC_541\Debug\RPI_PSOC5_CARD_TEST_STATION.a(IO_17.o)
 .debug_abbrev  0x000027e2       0x90 .\ARM_GCC_541\Debug\RPI_PSOC5_CARD_TEST_STATION.a(IO_18.o)
 .debug_abbrev  0x00002872       0x90 .\ARM_GCC_541\Debug\RPI_PSOC5_CARD_TEST_STATION.a(IO_27.o)
 .debug_abbrev  0x00002902       0x90 .\ARM_GCC_541\Debug\RPI_PSOC5_CARD_TEST_STATION.a(IO_22.o)
 .debug_abbrev  0x00002992       0x90 .\ARM_GCC_541\Debug\RPI_PSOC5_CARD_TEST_STATION.a(IO_23.o)
 .debug_abbrev  0x00002a22       0x90 .\ARM_GCC_541\Debug\RPI_PSOC5_CARD_TEST_STATION.a(IO_24.o)
 .debug_abbrev  0x00002ab2       0x90 .\ARM_GCC_541\Debug\RPI_PSOC5_CARD_TEST_STATION.a(IO_7.o)
 .debug_abbrev  0x00002b42       0x90 .\ARM_GCC_541\Debug\RPI_PSOC5_CARD_TEST_STATION.a(IO_15.o)
 .debug_abbrev  0x00002bd2       0x90 .\ARM_GCC_541\Debug\RPI_PSOC5_CARD_TEST_STATION.a(IO_4.o)
 .debug_abbrev  0x00002c62       0x90 .\ARM_GCC_541\Debug\RPI_PSOC5_CARD_TEST_STATION.a(IO_25.o)
 .debug_abbrev  0x00002cf2       0x90 .\ARM_GCC_541\Debug\RPI_PSOC5_CARD_TEST_STATION.a(IO_9.o)
 .debug_abbrev  0x00002d82       0x90 .\ARM_GCC_541\Debug\RPI_PSOC5_CARD_TEST_STATION.a(IO_10.o)
 .debug_abbrev  0x00002e12       0x90 .\ARM_GCC_541\Debug\RPI_PSOC5_CARD_TEST_STATION.a(IO_8.o)
 .debug_abbrev  0x00002ea2       0x90 .\ARM_GCC_541\Debug\RPI_PSOC5_CARD_TEST_STATION.a(IO_11.o)
 .debug_abbrev  0x00002f32       0xb9 .\ARM_GCC_541\Debug\RPI_PSOC5_CARD_TEST_STATION.a(I2C1.o)
 .debug_abbrev  0x00002feb       0x81 .\ARM_GCC_541\Debug\RPI_PSOC5_CARD_TEST_STATION.a(I2C1_INT.o)
 .debug_abbrev  0x0000306c      0x11e .\ARM_GCC_541\Debug\RPI_PSOC5_CARD_TEST_STATION.a(I2C1_MASTER.o)
 .debug_abbrev  0x0000318a      0x156 .\ARM_GCC_541\Debug\RPI_PSOC5_CARD_TEST_STATION.a(SPIM_1.o)
 .debug_abbrev  0x000032e0       0x81 .\ARM_GCC_541\Debug\RPI_PSOC5_CARD_TEST_STATION.a(SPI_ADDR.o)
 .debug_abbrev  0x00003361      0x11d .\ARM_GCC_541\Debug\RPI_PSOC5_CARD_TEST_STATION.a(SPIM_1_IntClock.o)
 .debug_abbrev  0x0000347e       0x14 .\ARM_GCC_541\Debug\RPI_PSOC5_CARD_TEST_STATION.a(CyBootAsmGnu.o)
 .debug_abbrev  0x00003492      0x11d .\ARM_GCC_541\Debug\RPI_PSOC5_CARD_TEST_STATION.a(CyScBoostClk.o)
 .debug_abbrev  0x000035af       0xc5 .\ARM_GCC_541\Debug\RPI_PSOC5_CARD_TEST_STATION.a(USBUART_cls.o)
 .debug_abbrev  0x00003674       0xb4 .\ARM_GCC_541\Debug\RPI_PSOC5_CARD_TEST_STATION.a(USBUART_descr.o)
 .debug_abbrev  0x00003728      0x14b .\ARM_GCC_541\Debug\RPI_PSOC5_CARD_TEST_STATION.a(CyFlash.o)
 .debug_abbrev  0x00003873      0x16c .\ARM_GCC_541\Debug\RPI_PSOC5_CARD_TEST_STATION.a(CySpc.o)

.debug_line     0x00000000     0x621c
 *(.debug_line)
 .debug_line    0x00000000      0x1b3 .\ARM_GCC_541\Debug\main.o
 .debug_line    0x000001b3      0x1e2 .\ARM_GCC_541\Debug\Test_RPP-UIO_16.o
 .debug_line    0x00000395      0x1fb .\ARM_GCC_541\Debug\RasPi_Pins.o
 .debug_line    0x00000590      0x2e2 .\ARM_GCC_541\Debug\ExtEEPROM.o
 .debug_line    0x00000872      0x160 .\ARM_GCC_541\Debug\EEPROM__Images.o
 .debug_line    0x000009d2      0x1c4 .\ARM_GCC_541\Debug\Test_RASPI_GVS.o
 .debug_line    0x00000b96      0x1d2 .\ARM_GCC_541\Debug\Test_RASPI_PLUS_GVS.o
 .debug_line    0x00000d68      0x37a .\ARM_GCC_541\Debug\PSoC_Menu.o
 .debug_line    0x000010e2      0x248 .\ARM_GCC_541\Debug\Test_RPI_I2C_HUB.o
 .debug_line    0x0000132a      0x1d2 .\ARM_GCC_541\Debug\DIGIO8Driver.o
 .debug_line    0x000014fc      0x216 .\ARM_GCC_541\Debug\Debug_Cards.o
 .debug_line    0x00001712      0x1cd .\ARM_GCC_541\Debug\Test_RPI_SPI8.o
 .debug_line    0x000018df      0x1db .\ARM_GCC_541\Debug\Test_SPI_POTX2.o
 .debug_line    0x00001aba      0x224 .\ARM_GCC_541\Debug\cyfitter_cfg.o
 .debug_line    0x00001cde      0x141 .\ARM_GCC_541\Debug\cymetadata.o
 .debug_line    0x00001e1f      0x1dc .\ARM_GCC_541\Debug\Cm3Start.o
 .debug_line    0x00001ffb      0x327 .\ARM_GCC_541\Debug\RPI_PSOC5_CARD_TEST_STATION.a(USBUART.o)
 .debug_line    0x00002322      0x30c .\ARM_GCC_541\Debug\RPI_PSOC5_CARD_TEST_STATION.a(USBUART_cdc.o)
 .debug_line    0x0000262e      0x21f .\ARM_GCC_541\Debug\RPI_PSOC5_CARD_TEST_STATION.a(USBUART_drv.o)
 .debug_line    0x0000284d       0xf2 .\ARM_GCC_541\Debug\RPI_PSOC5_CARD_TEST_STATION.a(USBUART_episr.o)
 .debug_line    0x0000293f      0x179 .\ARM_GCC_541\Debug\RPI_PSOC5_CARD_TEST_STATION.a(USBUART_hid.o)
 .debug_line    0x00002ab8       0xe6 .\ARM_GCC_541\Debug\RPI_PSOC5_CARD_TEST_STATION.a(USBUART_pm.o)
 .debug_line    0x00002b9e      0x470 .\ARM_GCC_541\Debug\RPI_PSOC5_CARD_TEST_STATION.a(USBUART_std.o)
 .debug_line    0x0000300e       0x8f .\ARM_GCC_541\Debug\RPI_PSOC5_CARD_TEST_STATION.a(USBUART_vnd.o)
 .debug_line    0x0000309d       0xea .\ARM_GCC_541\Debug\RPI_PSOC5_CARD_TEST_STATION.a(I2C_EEPROM.o)
 .debug_line    0x00003187      0x149 .\ARM_GCC_541\Debug\RPI_PSOC5_CARD_TEST_STATION.a(I2C_EEPROM_INT.o)
 .debug_line    0x000032d0       0xc9 .\ARM_GCC_541\Debug\RPI_PSOC5_CARD_TEST_STATION.a(I2C_EEPROM_PM.o)
 .debug_line    0x00003399      0x1f6 .\ARM_GCC_541\Debug\RPI_PSOC5_CARD_TEST_STATION.a(I2C_EEPROM_MASTER.o)
 .debug_line    0x0000358f       0xbf .\ARM_GCC_541\Debug\RPI_PSOC5_CARD_TEST_STATION.a(USBUART_Dp.o)
 .debug_line    0x0000364e      0x8b5 .\ARM_GCC_541\Debug\RPI_PSOC5_CARD_TEST_STATION.a(CyLib.o)
 .debug_line    0x00003f03      0x38e .\ARM_GCC_541\Debug\RPI_PSOC5_CARD_TEST_STATION.a(cyPm.o)
 .debug_line    0x00004291       0x94 .\ARM_GCC_541\Debug\RPI_PSOC5_CARD_TEST_STATION.a(IO_3.o)
 .debug_line    0x00004325       0x95 .\ARM_GCC_541\Debug\RPI_PSOC5_CARD_TEST_STATION.a(IO_12.o)
 .debug_line    0x000043ba       0x95 .\ARM_GCC_541\Debug\RPI_PSOC5_CARD_TEST_STATION.a(IO_13.o)
 .debug_line    0x0000444f       0x94 .\ARM_GCC_541\Debug\RPI_PSOC5_CARD_TEST_STATION.a(IO_6.o)
 .debug_line    0x000044e3       0x95 .\ARM_GCC_541\Debug\RPI_PSOC5_CARD_TEST_STATION.a(IO_16.o)
 .debug_line    0x00004578       0x94 .\ARM_GCC_541\Debug\RPI_PSOC5_CARD_TEST_STATION.a(IO_2.o)
 .debug_line    0x0000460c       0x95 .\ARM_GCC_541\Debug\RPI_PSOC5_CARD_TEST_STATION.a(IO_14.o)
 .debug_line    0x000046a1       0x94 .\ARM_GCC_541\Debug\RPI_PSOC5_CARD_TEST_STATION.a(IO_5.o)
 .debug_line    0x00004735       0x95 .\ARM_GCC_541\Debug\RPI_PSOC5_CARD_TEST_STATION.a(IO_19.o)
 .debug_line    0x000047ca       0x95 .\ARM_GCC_541\Debug\RPI_PSOC5_CARD_TEST_STATION.a(IO_20.o)
 .debug_line    0x0000485f       0x95 .\ARM_GCC_541\Debug\RPI_PSOC5_CARD_TEST_STATION.a(IO_26.o)
 .debug_line    0x000048f4       0x95 .\ARM_GCC_541\Debug\RPI_PSOC5_CARD_TEST_STATION.a(IO_21.o)
 .debug_line    0x00004989       0x95 .\ARM_GCC_541\Debug\RPI_PSOC5_CARD_TEST_STATION.a(IO_17.o)
 .debug_line    0x00004a1e       0x95 .\ARM_GCC_541\Debug\RPI_PSOC5_CARD_TEST_STATION.a(IO_18.o)
 .debug_line    0x00004ab3       0x95 .\ARM_GCC_541\Debug\RPI_PSOC5_CARD_TEST_STATION.a(IO_27.o)
 .debug_line    0x00004b48       0x95 .\ARM_GCC_541\Debug\RPI_PSOC5_CARD_TEST_STATION.a(IO_22.o)
 .debug_line    0x00004bdd       0x95 .\ARM_GCC_541\Debug\RPI_PSOC5_CARD_TEST_STATION.a(IO_23.o)
 .debug_line    0x00004c72       0x95 .\ARM_GCC_541\Debug\RPI_PSOC5_CARD_TEST_STATION.a(IO_24.o)
 .debug_line    0x00004d07       0x94 .\ARM_GCC_541\Debug\RPI_PSOC5_CARD_TEST_STATION.a(IO_7.o)
 .debug_line    0x00004d9b       0x95 .\ARM_GCC_541\Debug\RPI_PSOC5_CARD_TEST_STATION.a(IO_15.o)
 .debug_line    0x00004e30       0x94 .\ARM_GCC_541\Debug\RPI_PSOC5_CARD_TEST_STATION.a(IO_4.o)
 .debug_line    0x00004ec4       0x95 .\ARM_GCC_541\Debug\RPI_PSOC5_CARD_TEST_STATION.a(IO_25.o)
 .debug_line    0x00004f59       0x94 .\ARM_GCC_541\Debug\RPI_PSOC5_CARD_TEST_STATION.a(IO_9.o)
 .debug_line    0x00004fed       0x95 .\ARM_GCC_541\Debug\RPI_PSOC5_CARD_TEST_STATION.a(IO_10.o)
 .debug_line    0x00005082       0x94 .\ARM_GCC_541\Debug\RPI_PSOC5_CARD_TEST_STATION.a(IO_8.o)
 .debug_line    0x00005116       0x95 .\ARM_GCC_541\Debug\RPI_PSOC5_CARD_TEST_STATION.a(IO_11.o)
 .debug_line    0x000051ab       0xc3 .\ARM_GCC_541\Debug\RPI_PSOC5_CARD_TEST_STATION.a(I2C1.o)
 .debug_line    0x0000526e      0x13e .\ARM_GCC_541\Debug\RPI_PSOC5_CARD_TEST_STATION.a(I2C1_INT.o)
 .debug_line    0x000053ac      0x212 .\ARM_GCC_541\Debug\RPI_PSOC5_CARD_TEST_STATION.a(I2C1_MASTER.o)
 .debug_line    0x000055be      0x268 .\ARM_GCC_541\Debug\RPI_PSOC5_CARD_TEST_STATION.a(SPIM_1.o)
 .debug_line    0x00005826       0x71 .\ARM_GCC_541\Debug\RPI_PSOC5_CARD_TEST_STATION.a(SPI_ADDR.o)
 .debug_line    0x00005897      0x1ae .\ARM_GCC_541\Debug\RPI_PSOC5_CARD_TEST_STATION.a(SPIM_1_IntClock.o)
 .debug_line    0x00005a45       0x7d .\ARM_GCC_541\Debug\RPI_PSOC5_CARD_TEST_STATION.a(CyBootAsmGnu.o)
 .debug_line    0x00005ac2      0x1cf .\ARM_GCC_541\Debug\RPI_PSOC5_CARD_TEST_STATION.a(CyScBoostClk.o)
 .debug_line    0x00005c91       0x97 .\ARM_GCC_541\Debug\RPI_PSOC5_CARD_TEST_STATION.a(USBUART_cls.o)
 .debug_line    0x00005d28       0x61 .\ARM_GCC_541\Debug\RPI_PSOC5_CARD_TEST_STATION.a(USBUART_descr.o)
 .debug_line    0x00005d89      0x242 .\ARM_GCC_541\Debug\RPI_PSOC5_CARD_TEST_STATION.a(CyFlash.o)
 .debug_line    0x00005fcb      0x251 .\ARM_GCC_541\Debug\RPI_PSOC5_CARD_TEST_STATION.a(CySpc.o)

.debug_frame    0x00000000     0x4e30
 *(.debug_frame)
 .debug_frame   0x00000000       0x30 .\ARM_GCC_541\Debug\main.o
 .debug_frame   0x00000030       0x54 .\ARM_GCC_541\Debug\Test_RPP-UIO_16.o
 .debug_frame   0x00000084       0x60 .\ARM_GCC_541\Debug\RasPi_Pins.o
 .debug_frame   0x000000e4       0xb0 .\ARM_GCC_541\Debug\ExtEEPROM.o
 .debug_frame   0x00000194       0x2c .\ARM_GCC_541\Debug\Test_RASPI_GVS.o
 .debug_frame   0x000001c0       0x2c .\ARM_GCC_541\Debug\Test_RASPI_PLUS_GVS.o
 .debug_frame   0x000001ec      0x118 .\ARM_GCC_541\Debug\PSoC_Menu.o
 .debug_frame   0x00000304       0x88 .\ARM_GCC_541\Debug\Test_RPI_I2C_HUB.o
 .debug_frame   0x0000038c       0xd8 .\ARM_GCC_541\Debug\DIGIO8Driver.o
 .debug_frame   0x00000464      0x11c .\ARM_GCC_541\Debug\Debug_Cards.o
 .debug_frame   0x00000580       0x50 .\ARM_GCC_541\Debug\Test_RPI_SPI8.o
 .debug_frame   0x000005d0       0x84 .\ARM_GCC_541\Debug\Test_SPI_POTX2.o
 .debug_frame   0x00000654      0x16c .\ARM_GCC_541\Debug\cyfitter_cfg.o
 .debug_frame   0x000007c0       0xd8 .\ARM_GCC_541\Debug\Cm3Start.o
 .debug_frame   0x00000898      0x380 .\ARM_GCC_541\Debug\RPI_PSOC5_CARD_TEST_STATION.a(USBUART.o)
 .debug_frame   0x00000c18      0x3ec .\ARM_GCC_541\Debug\RPI_PSOC5_CARD_TEST_STATION.a(USBUART_cdc.o)
 .debug_frame   0x00001004      0x23c .\ARM_GCC_541\Debug\RPI_PSOC5_CARD_TEST_STATION.a(USBUART_drv.o)
 .debug_frame   0x00001240       0xbc .\ARM_GCC_541\Debug\RPI_PSOC5_CARD_TEST_STATION.a(USBUART_episr.o)
 .debug_frame   0x000012fc      0x100 .\ARM_GCC_541\Debug\RPI_PSOC5_CARD_TEST_STATION.a(USBUART_hid.o)
 .debug_frame   0x000013fc       0xbc .\ARM_GCC_541\Debug\RPI_PSOC5_CARD_TEST_STATION.a(USBUART_pm.o)
 .debug_frame   0x000014b8      0x224 .\ARM_GCC_541\Debug\RPI_PSOC5_CARD_TEST_STATION.a(USBUART_std.o)
 .debug_frame   0x000016dc       0x38 .\ARM_GCC_541\Debug\RPI_PSOC5_CARD_TEST_STATION.a(USBUART_vnd.o)
 .debug_frame   0x00001714       0x98 .\ARM_GCC_541\Debug\RPI_PSOC5_CARD_TEST_STATION.a(I2C_EEPROM.o)
 .debug_frame   0x000017ac       0x38 .\ARM_GCC_541\Debug\RPI_PSOC5_CARD_TEST_STATION.a(I2C_EEPROM_INT.o)
 .debug_frame   0x000017e4       0x94 .\ARM_GCC_541\Debug\RPI_PSOC5_CARD_TEST_STATION.a(I2C_EEPROM_PM.o)
 .debug_frame   0x00001878      0x208 .\ARM_GCC_541\Debug\RPI_PSOC5_CARD_TEST_STATION.a(I2C_EEPROM_MASTER.o)
 .debug_frame   0x00001a80       0xf4 .\ARM_GCC_541\Debug\RPI_PSOC5_CARD_TEST_STATION.a(USBUART_Dp.o)
 .debug_frame   0x00001b74      0xc34 .\ARM_GCC_541\Debug\RPI_PSOC5_CARD_TEST_STATION.a(CyLib.o)
 .debug_frame   0x000027a8      0x234 .\ARM_GCC_541\Debug\RPI_PSOC5_CARD_TEST_STATION.a(cyPm.o)
 .debug_frame   0x000029dc       0xa8 .\ARM_GCC_541\Debug\RPI_PSOC5_CARD_TEST_STATION.a(IO_3.o)
 .debug_frame   0x00002a84       0xa8 .\ARM_GCC_541\Debug\RPI_PSOC5_CARD_TEST_STATION.a(IO_12.o)
 .debug_frame   0x00002b2c       0xa8 .\ARM_GCC_541\Debug\RPI_PSOC5_CARD_TEST_STATION.a(IO_13.o)
 .debug_frame   0x00002bd4       0xa8 .\ARM_GCC_541\Debug\RPI_PSOC5_CARD_TEST_STATION.a(IO_6.o)
 .debug_frame   0x00002c7c       0xa8 .\ARM_GCC_541\Debug\RPI_PSOC5_CARD_TEST_STATION.a(IO_16.o)
 .debug_frame   0x00002d24       0xa8 .\ARM_GCC_541\Debug\RPI_PSOC5_CARD_TEST_STATION.a(IO_2.o)
 .debug_frame   0x00002dcc       0xa8 .\ARM_GCC_541\Debug\RPI_PSOC5_CARD_TEST_STATION.a(IO_14.o)
 .debug_frame   0x00002e74       0xa8 .\ARM_GCC_541\Debug\RPI_PSOC5_CARD_TEST_STATION.a(IO_5.o)
 .debug_frame   0x00002f1c       0xa8 .\ARM_GCC_541\Debug\RPI_PSOC5_CARD_TEST_STATION.a(IO_19.o)
 .debug_frame   0x00002fc4       0xa8 .\ARM_GCC_541\Debug\RPI_PSOC5_CARD_TEST_STATION.a(IO_20.o)
 .debug_frame   0x0000306c       0xa8 .\ARM_GCC_541\Debug\RPI_PSOC5_CARD_TEST_STATION.a(IO_26.o)
 .debug_frame   0x00003114       0xa8 .\ARM_GCC_541\Debug\RPI_PSOC5_CARD_TEST_STATION.a(IO_21.o)
 .debug_frame   0x000031bc       0xa8 .\ARM_GCC_541\Debug\RPI_PSOC5_CARD_TEST_STATION.a(IO_17.o)
 .debug_frame   0x00003264       0xa8 .\ARM_GCC_541\Debug\RPI_PSOC5_CARD_TEST_STATION.a(IO_18.o)
 .debug_frame   0x0000330c       0xa8 .\ARM_GCC_541\Debug\RPI_PSOC5_CARD_TEST_STATION.a(IO_27.o)
 .debug_frame   0x000033b4       0xa8 .\ARM_GCC_541\Debug\RPI_PSOC5_CARD_TEST_STATION.a(IO_22.o)
 .debug_frame   0x0000345c       0xa8 .\ARM_GCC_541\Debug\RPI_PSOC5_CARD_TEST_STATION.a(IO_23.o)
 .debug_frame   0x00003504       0xa8 .\ARM_GCC_541\Debug\RPI_PSOC5_CARD_TEST_STATION.a(IO_24.o)
 .debug_frame   0x000035ac       0xa8 .\ARM_GCC_541\Debug\RPI_PSOC5_CARD_TEST_STATION.a(IO_7.o)
 .debug_frame   0x00003654       0xa8 .\ARM_GCC_541\Debug\RPI_PSOC5_CARD_TEST_STATION.a(IO_15.o)
 .debug_frame   0x000036fc       0xa8 .\ARM_GCC_541\Debug\RPI_PSOC5_CARD_TEST_STATION.a(IO_4.o)
 .debug_frame   0x000037a4       0xa8 .\ARM_GCC_541\Debug\RPI_PSOC5_CARD_TEST_STATION.a(IO_25.o)
 .debug_frame   0x0000384c       0xa8 .\ARM_GCC_541\Debug\RPI_PSOC5_CARD_TEST_STATION.a(IO_9.o)
 .debug_frame   0x000038f4       0xa8 .\ARM_GCC_541\Debug\RPI_PSOC5_CARD_TEST_STATION.a(IO_10.o)
 .debug_frame   0x0000399c       0xa8 .\ARM_GCC_541\Debug\RPI_PSOC5_CARD_TEST_STATION.a(IO_8.o)
 .debug_frame   0x00003a44       0xa8 .\ARM_GCC_541\Debug\RPI_PSOC5_CARD_TEST_STATION.a(IO_11.o)
 .debug_frame   0x00003aec       0x9c .\ARM_GCC_541\Debug\RPI_PSOC5_CARD_TEST_STATION.a(I2C1.o)
 .debug_frame   0x00003b88       0x38 .\ARM_GCC_541\Debug\RPI_PSOC5_CARD_TEST_STATION.a(I2C1_INT.o)
 .debug_frame   0x00003bc0      0x208 .\ARM_GCC_541\Debug\RPI_PSOC5_CARD_TEST_STATION.a(I2C1_MASTER.o)
 .debug_frame   0x00003dc8      0x38c .\ARM_GCC_541\Debug\RPI_PSOC5_CARD_TEST_STATION.a(SPIM_1.o)
 .debug_frame   0x00004154       0x5c .\ARM_GCC_541\Debug\RPI_PSOC5_CARD_TEST_STATION.a(SPI_ADDR.o)
 .debug_frame   0x000041b0      0x1b4 .\ARM_GCC_541\Debug\RPI_PSOC5_CARD_TEST_STATION.a(SPIM_1_IntClock.o)
 .debug_frame   0x00004364      0x200 .\ARM_GCC_541\Debug\RPI_PSOC5_CARD_TEST_STATION.a(CyScBoostClk.o)
 .debug_frame   0x00004564       0x38 .\ARM_GCC_541\Debug\RPI_PSOC5_CARD_TEST_STATION.a(USBUART_cls.o)
 .debug_frame   0x0000459c      0x260 .\ARM_GCC_541\Debug\RPI_PSOC5_CARD_TEST_STATION.a(CyFlash.o)
 .debug_frame   0x000047fc      0x228 .\ARM_GCC_541\Debug\RPI_PSOC5_CARD_TEST_STATION.a(CySpc.o)
 .debug_frame   0x00004a24       0x20 c:/program files (x86)/cypress/psoc creator/4.4/psoc creator/import/gnu/arm/5.4.1/bin/../lib/gcc/arm-none-eabi/5.4.1/../../../../arm-none-eabi/lib/armv7-m\libg_nano.a(lib_a-errno.o)
 .debug_frame   0x00004a44       0x28 c:/program files (x86)/cypress/psoc creator/4.4/psoc creator/import/gnu/arm/5.4.1/bin/../lib/gcc/arm-none-eabi/5.4.1/../../../../arm-none-eabi/lib/armv7-m\libg_nano.a(lib_a-exit.o)
 .debug_frame   0x00004a6c       0x2c c:/program files (x86)/cypress/psoc creator/4.4/psoc creator/import/gnu/arm/5.4.1/bin/../lib/gcc/arm-none-eabi/5.4.1/../../../../arm-none-eabi/lib/armv7-m\libg_nano.a(lib_a-init.o)