Archive member included to satisfy reference by file (symbol)

.\ARM_GCC_541\Debug\RPS_PSOC5_Serial_01.a(USBUART.o)
                              .\ARM_GCC_541\Debug\main.o (USBUART_Start)
.\ARM_GCC_541\Debug\RPS_PSOC5_Serial_01.a(USBUART_cdc.o)
                              .\ARM_GCC_541\Debug\main.o (USBUART_CDC_Init)
.\ARM_GCC_541\Debug\RPS_PSOC5_Serial_01.a(USBUART_drv.o)
                              .\ARM_GCC_541\Debug\RPS_PSOC5_Serial_01.a(USBUART.o) (USBUART_EP)
.\ARM_GCC_541\Debug\RPS_PSOC5_Serial_01.a(USBUART_episr.o)
                              .\ARM_GCC_541\Debug\RPS_PSOC5_Serial_01.a(USBUART.o) (USBUART_EP_1_ISR)
.\ARM_GCC_541\Debug\RPS_PSOC5_Serial_01.a(USBUART_hid.o)
                              .\ARM_GCC_541\Debug\RPS_PSOC5_Serial_01.a(USBUART.o) (USBUART_hidProtocol)
.\ARM_GCC_541\Debug\RPS_PSOC5_Serial_01.a(USBUART_pm.o)
                              .\ARM_GCC_541\Debug\RPS_PSOC5_Serial_01.a(USBUART.o) (USBUART_DP_ISR)
.\ARM_GCC_541\Debug\RPS_PSOC5_Serial_01.a(USBUART_std.o)
                              .\ARM_GCC_541\Debug\RPS_PSOC5_Serial_01.a(USBUART_drv.o) (USBUART_HandleStandardRqst)
.\ARM_GCC_541\Debug\RPS_PSOC5_Serial_01.a(USBUART_vnd.o)
                              .\ARM_GCC_541\Debug\RPS_PSOC5_Serial_01.a(USBUART_drv.o) (USBUART_HandleVendorRqst)
.\ARM_GCC_541\Debug\RPS_PSOC5_Serial_01.a(I2C_EEPROM.o)
                              .\ARM_GCC_541\Debug\main.o (I2C_EEPROM_Start)
.\ARM_GCC_541\Debug\RPS_PSOC5_Serial_01.a(I2C_EEPROM_INT.o)
                              .\ARM_GCC_541\Debug\RPS_PSOC5_Serial_01.a(I2C_EEPROM.o) (I2C_EEPROM_ISR)
.\ARM_GCC_541\Debug\RPS_PSOC5_Serial_01.a(I2C_EEPROM_PM.o)
                              .\ARM_GCC_541\Debug\RPS_PSOC5_Serial_01.a(I2C_EEPROM.o) (I2C_EEPROM_backup)
.\ARM_GCC_541\Debug\RPS_PSOC5_Serial_01.a(I2C_EEPROM_MASTER.o)
                              .\ARM_GCC_541\Debug\RPS_PSOC5_Serial_01.a(I2C_EEPROM.o) (I2C_EEPROM_mstrStatus)
.\ARM_GCC_541\Debug\RPS_PSOC5_Serial_01.a(USBUART_Dp.o)
                              .\ARM_GCC_541\Debug\RPS_PSOC5_Serial_01.a(USBUART.o) (USBUART_Dp_ClearInterrupt)
.\ARM_GCC_541\Debug\RPS_PSOC5_Serial_01.a(CyLib.o)
                              .\ARM_GCC_541\Debug\Cm3Start.o (CyResetStatus)
.\ARM_GCC_541\Debug\RPS_PSOC5_Serial_01.a(cyPm.o)
                              .\ARM_GCC_541\Debug\RPS_PSOC5_Serial_01.a(CyLib.o) (CyPmReadStatus)
.\ARM_GCC_541\Debug\RPS_PSOC5_Serial_01.a(IO_3.o)
                              .\ARM_GCC_541\Debug\RasPi_Pins.o (IO_3_Write)
.\ARM_GCC_541\Debug\RPS_PSOC5_Serial_01.a(IO_12.o)
                              .\ARM_GCC_541\Debug\RasPi_Pins.o (IO_12_Write)
.\ARM_GCC_541\Debug\RPS_PSOC5_Serial_01.a(IO_13.o)
                              .\ARM_GCC_541\Debug\RasPi_Pins.o (IO_13_Write)
.\ARM_GCC_541\Debug\RPS_PSOC5_Serial_01.a(IO_6.o)
                              .\ARM_GCC_541\Debug\RasPi_Pins.o (IO_6_Write)
.\ARM_GCC_541\Debug\RPS_PSOC5_Serial_01.a(IO_16.o)
                              .\ARM_GCC_541\Debug\RasPi_Pins.o (IO_16_Write)
.\ARM_GCC_541\Debug\RPS_PSOC5_Serial_01.a(IO_2.o)
                              .\ARM_GCC_541\Debug\RasPi_Pins.o (IO_2_Write)
.\ARM_GCC_541\Debug\RPS_PSOC5_Serial_01.a(IO_14.o)
                              .\ARM_GCC_541\Debug\RasPi_Pins.o (IO_14_Write)
.\ARM_GCC_541\Debug\RPS_PSOC5_Serial_01.a(IO_5.o)
                              .\ARM_GCC_541\Debug\RasPi_Pins.o (IO_5_Write)
.\ARM_GCC_541\Debug\RPS_PSOC5_Serial_01.a(IO_19.o)
                              .\ARM_GCC_541\Debug\RasPi_Pins.o (IO_19_Write)
.\ARM_GCC_541\Debug\RPS_PSOC5_Serial_01.a(IO_20.o)
                              .\ARM_GCC_541\Debug\RasPi_Pins.o (IO_20_Write)
.\ARM_GCC_541\Debug\RPS_PSOC5_Serial_01.a(IO_26.o)
                              .\ARM_GCC_541\Debug\RasPi_Pins.o (IO_26_Write)
.\ARM_GCC_541\Debug\RPS_PSOC5_Serial_01.a(IO_21.o)
                              .\ARM_GCC_541\Debug\RasPi_Pins.o (IO_21_Write)
.\ARM_GCC_541\Debug\RPS_PSOC5_Serial_01.a(IO_17.o)
                              .\ARM_GCC_541\Debug\RasPi_Pins.o (IO_17_Write)
.\ARM_GCC_541\Debug\RPS_PSOC5_Serial_01.a(IO_18.o)
                              .\ARM_GCC_541\Debug\RasPi_Pins.o (IO_18_Write)
.\ARM_GCC_541\Debug\RPS_PSOC5_Serial_01.a(IO_27.o)
                              .\ARM_GCC_541\Debug\RasPi_Pins.o (IO_27_Write)
.\ARM_GCC_541\Debug\RPS_PSOC5_Serial_01.a(IO_22.o)
                              .\ARM_GCC_541\Debug\RasPi_Pins.o (IO_22_Write)
.\ARM_GCC_541\Debug\RPS_PSOC5_Serial_01.a(IO_23.o)
                              .\ARM_GCC_541\Debug\RasPi_Pins.o (IO_23_Write)
.\ARM_GCC_541\Debug\RPS_PSOC5_Serial_01.a(IO_24.o)
                              .\ARM_GCC_541\Debug\RasPi_Pins.o (IO_24_Write)
.\ARM_GCC_541\Debug\RPS_PSOC5_Serial_01.a(IO_7.o)
                              .\ARM_GCC_541\Debug\RasPi_Pins.o (IO_7_Write)
.\ARM_GCC_541\Debug\RPS_PSOC5_Serial_01.a(IO_15.o)
                              .\ARM_GCC_541\Debug\RasPi_Pins.o (IO_15_Write)
.\ARM_GCC_541\Debug\RPS_PSOC5_Serial_01.a(IO_4.o)
[...]
Memory Configuration

Name             Origin             Length             Attributes
rom              0x00000000         0x00020000         xr
ram              0x1fffc000         0x00008000         xrw
*default*        0x00000000         0xffffffff

Linker script and memory map

LOAD c:/program files (x86)/cypress/psoc creator/4.4/psoc creator/import/gnu/arm/5.4.1/bin/../lib/gcc/arm-none-eabi/5.4.1/armv7-m/crti.o
LOAD c:/program files (x86)/cypress/psoc creator/4.4/psoc creator/import/gnu/arm/5.4.1/bin/../lib/gcc/arm-none-eabi/5.4.1/armv7-m/crtbegin.o
LOAD c:/program files (x86)/cypress/psoc creator/4.4/psoc creator/import/gnu/arm/5.4.1/bin/../lib/gcc/arm-none-eabi/5.4.1/../../../../arm-none-eabi/lib/armv7-m/crt0.o
START GROUP
LOAD .\ARM_GCC_541\Debug\main.o
LOAD .\ARM_GCC_541\Debug\Test_RPP-UIO_16.o
LOAD .\ARM_GCC_541\Debug\RasPi_Pins.o
LOAD .\ARM_GCC_541\Debug\ExtEEPROM.o
LOAD .\ARM_GCC_541\Debug\EEPROM__Images.o
LOAD .\ARM_GCC_541\Debug\Test_RASPI_GVS.o
LOAD .\ARM_GCC_541\Debug\Test_RASPI_PLUS_GVS.o
LOAD .\ARM_GCC_541\Debug\PSoC_Menu.o
LOAD .\ARM_GCC_541\Debug\Test_RPI_I2C_HUB.o
LOAD .\ARM_GCC_541\Debug\DIGIO8Driver.o
LOAD .\ARM_GCC_541\Debug\Debug_Cards.o
LOAD .\ARM_GCC_541\Debug\Test_RPI_SPI8.o
LOAD .\ARM_GCC_541\Debug\cyfitter_cfg.o
LOAD .\ARM_GCC_541\Debug\cymetadata.o
LOAD .\ARM_GCC_541\Debug\Cm3Start.o
LOAD .\ARM_GCC_541\Debug\RPS_PSOC5_Serial_01.a
LOAD C:\Program Files (x86)\Cypress\PSoC Creator\4.4\PSoC Creator\psoc\content\cycomponentlibrary\CyComponentLibrary.cylib\CortexM3\ARM_GCC_541\Debug\CyComponentLibrary.a
END GROUP
START GROUP
LOAD c:/program files (x86)/cypress/psoc creator/4.4/psoc creator/import/gnu/arm/5.4.1/bin/../lib/gcc/arm-none-eabi/5.4.1/armv7-m\libgcc.a
LOAD c:/program files (x86)/cypress/psoc creator/4.4/psoc creator/import/gnu/arm/5.4.1/bin/../lib/gcc/arm-none-eabi/5.4.1/../../../../arm-none-eabi/lib/armv7-m\libg_nano.a
LOAD c:/program files (x86)/cypress/psoc creator/4.4/psoc creator/import/gnu/arm/5.4.1/bin/../lib/gcc/arm-none-eabi/5.4.1/../../../../arm-none-eabi/lib/armv7-m\libc_nano.a
END GROUP
START GROUP
LOAD c:/program files (x86)/cypress/psoc creator/4.4/psoc creator/import/gnu/arm/5.4.1/bin/../lib/gcc/arm-none-eabi/5.4.1/armv7-m\libgcc.a
LOAD c:/program files (x86)/cypress/psoc creator/4.4/psoc creator/import/gnu/arm/5.4.1/bin/../lib/gcc/arm-none-eabi/5.4.1/../../../../arm-none-eabi/lib/armv7-m\libc_nano.a
END GROUP
LOAD c:/program files (x86)/cypress/psoc creator/4.4/psoc creator/import/gnu/arm/5.4.1/bin/../lib/gcc/arm-none-eabi/5.4.1/armv7-m/crtend.o
LOAD c:/program files (x86)/cypress/psoc creator/4.4/psoc creator/import/gnu/arm/5.4.1/bin/../lib/gcc/arm-none-eabi/5.4.1/armv7-m/crtn.o
START GROUP
LOAD c:/program files (x86)/cypress/psoc creator/4.4/psoc creator/import/gnu/arm/5.4.1/bin/../lib/gcc/arm-none-eabi/5.4.1/armv7-m\libgcc.a
LOAD c:/program files (x86)/cypress/psoc creator/4.4/psoc creator/import/gnu/arm/5.4.1/bin/../lib/gcc/arm-none-eabi/5.4.1/../../../../arm-none-eabi/lib/armv7-m\libc.a
LOAD c:/program files (x86)/cypress/psoc creator/4.4/psoc creator/import/gnu/arm/5.4.1/bin/../lib/gcc/arm-none-eabi/5.4.1/../../../../arm-none-eabi/lib/armv7-m\libnosys.a
END GROUP
                0x00000000                CY_APPL_ORIGIN = 0x0
                0x00000100                CY_FLASH_ROW_SIZE = 0x100
                0x00000020                CY_ECC_ROW_SIZE = 0x20
                0x00000000                CY_EE_IN_BTLDR = 0x0
                0x00000000                CY_APPL_LOADABLE = 0x0
                0x00000800                CY_EE_SIZE = 0x800
                0x00000001                CY_APPL_NUM = 0x1
                0x00000001                CY_APPL_MAX = 0x1
                0x00000040                CY_METADATA_SIZE = 0x40
                0x00000000                CY_APPL_LOADABLE = 0x0
                0x00000000                CY_CHECKSUM_EXCLUDE_SIZE = ALIGN (0x0, CY_FLASH_ROW_SIZE)
                [!provide]                PROVIDE (__cy_heap_start, _end)
                0x00000001                PROVIDE (__cy_region_num, ((__cy_regions_end - __cy_regions) / 0x10))
                0x20004000                PROVIDE (__cy_stack, (ORIGIN (ram) + LENGTH (ram)))
                [!provide]                PROVIDE (__cy_heap_end, (__cy_stack - 0x800))

.cybootloader   0x00000000        0x0
 *(.cybootloader)
                0x00000000                appl1_start = CY_APPL_ORIGIN?CY_APPL_ORIGIN:ALIGN (CY_FLASH_ROW_SIZE)
                0x0000ff00                appl2_start = (appl1_start + ALIGN ((((LENGTH (rom) - appl1_start) - (0x2 * CY_FLASH_ROW_SIZE)) / 0x2), CY_FLASH_ROW_SIZE))
                0x00000000                appl_start = (CY_APPL_NUM == 0x1)?appl1_start:appl2_start
                0x00000000                ecc_offset = ((appl_start / CY_FLASH_ROW_SIZE) * CY_ECC_ROW_SIZE)
                0x00000000                ee_offset = (CY_APPL_LOADABLE && ! (CY_EE_IN_BTLDR))?((CY_EE_SIZE / CY_APPL_MAX) * (CY_APPL_NUM - 0x1)):0x0
                0x00000800                ee_size = (CY_APPL_LOADABLE && ! (CY_EE_IN_BTLDR))?(CY_EE_SIZE / CY_APPL_MAX):CY_EE_SIZE
                [!provide]                PROVIDE (CY_ECC_OFFSET, ecc_offset)

.text           0x00000000     0x68d4
 CREATE_OBJECT_SYMBOLS
                0x00000000                PROVIDE (__cy_interrupt_vector, RomVectors)
 *(.romvectors)
 .romvectors    0x00000000       0x10 .\ARM_GCC_541\Debug\Cm3Start.o
                0x00000000                RomVectors
                0x00000001                ASSERT ((. != __cy_interrupt_vector), No interrupt vector)
                0x00000001                ASSERT (CY_APPL_ORIGIN?(SIZEOF (.cybootloader) <= CY_APPL_ORIGIN):0x1, Wrong image location)
                0x00000010                PROVIDE (__cy_reset, Reset)
 *(.text.Reset)
 .text.Reset    0x00000010       0x18 .\ARM_GCC_541\Debug\Cm3Start.o
                0x00000010                Reset
                0x00000001                ASSERT ((. != __cy_reset), No reset code)
 *(.dma_init)
                0x00000001                ASSERT ((((appl_start + .) <= 0x10000) || 0x1), DMA Init must be within the first 64k of flash)
 *(.text .text.* .gnu.linkonce.t.*)
 .text          0x00000028       0x5c c:/program files (x86)/cypress/psoc creator/4.4/psoc creator/import/gnu/arm/5.4.1/bin/../lib/gcc/arm-none-eabi/5.4.1/armv7-m/crtbegin.o
 .text.main     0x00000084       0xa0 .\ARM_GCC_541\Debug\main.o
                0x00000084                main
 .text.blinkLED
                0x00000124       0x2c .\ARM_GCC_541\Debug\Test_RPP-UIO_16.o
                0x00000124                blinkLED
 .text.testRPPUIO16
                0x00000150      0x244 .\ARM_GCC_541\Debug\Test_RPP-UIO_16.o
                0x00000150                testRPPUIO16
 .text.setRasPiPinValue
                0x00000394      0x194 .\ARM_GCC_541\Debug\RasPi_Pins.o
                0x00000394                setRasPiPinValue
 .text.readEEPROM
                0x00000528       0x68 .\ARM_GCC_541\Debug\ExtEEPROM.o
                0x00000528                readEEPROM
 .text.dumpEEPROM
                0x00000590      0x1cc .\ARM_GCC_541\Debug\ExtEEPROM.o
                0x00000590                dumpEEPROM
 .text.writeEEPROM
                0x0000075c      0x200 .\ARM_GCC_541\Debug\ExtEEPROM.o
                0x0000075c                writeEEPROM
 .text.writeEEPROMBlock
                0x0000095c       0x3c .\ARM_GCC_541\Debug\ExtEEPROM.o
                0x0000095c                writeEEPROMBlock
 .text.testRASPIGVS
                0x00000998      0x208 .\ARM_GCC_541\Debug\Test_RASPI_GVS.o
                0x00000998                testRASPIGVS
 .text.testRPPGVS
                0x00000ba0      0x240 .\ARM_GCC_541\Debug\Test_RASPI_PLUS_GVS.o
                0x00000ba0                testRPPGVS
 .text.printMenuOptions
                0x00000de0       0x94 .\ARM_GCC_541\Debug\PSoC_Menu.o
                0x00000de0                printMenuOptions
 .text.psocMenu
                0x00000e74      0x3d8 .\ARM_GCC_541\Debug\PSoC_Menu.o
                0x00000e74                psocMenu
 .text.clearReceiveBuffer
                0x0000124c       0x2c .\ARM_GCC_541\Debug\PSoC_Menu.o
                0x0000124c                clearReceiveBuffer
 .text.addToReceiveBuffer
                0x00001278      0x128 .\ARM_GCC_541\Debug\PSoC_Menu.o
                0x00001278                addToReceiveBuffer
 .text.putStringToUSB
                0x000013a0       0x30 .\ARM_GCC_541\Debug\PSoC_Menu.o
                0x000013a0                putStringToUSB
 .text.init_RPII2CHUB
                0x000013d0       0x54 .\ARM_GCC_541\Debug\Test_RPI_I2C_HUB.o
                0x000013d0                init_RPII2CHUB
 .text.test_RPII2CHUB
                0x00001424      0x168 .\ARM_GCC_541\Debug\Test_RPI_I2C_HUB.o
                0x00001424                test_RPII2CHUB
 .text.bounceRPIHubLEDs
                0x0000158c       0xa8 .\ARM_GCC_541\Debug\Test_RPI_I2C_HUB.o
                0x0000158c                bounceRPIHubLEDs
 .text.readRegisterDIGIO8Card
                0x00001634       0x50 .\ARM_GCC_541\Debug\DIGIO8Driver.o
                0x00001634                readRegisterDIGIO8Card
 .text.writeRegisterDIGIO8Card
                0x00001684       0x50 .\ARM_GCC_541\Debug\DIGIO8Driver.o
                0x00001684                writeRegisterDIGIO8Card
 .text.writeDIGIO8Card
                0x000016d4       0x24 .\ARM_GCC_541\Debug\DIGIO8Driver.o
                0x000016d4                writeDIGIO8Card
 .text.initDIGIO8Card
                0x000016f8       0x74 .\ARM_GCC_541\Debug\DIGIO8Driver.o
                0x000016f8                initDIGIO8Card
 .text.debugRPPUIO16
                0x0000176c        0xc .\ARM_GCC_541\Debug\Debug_Cards.o
                0x0000176c                debugRPPUIO16
 .text.debugRPPGVS
                0x00001778        0xc .\ARM_GCC_541\Debug\Debug_Cards.o
                0x00001778                debugRPPGVS
 .text.debugRASPIGVS
                0x00001784        0xc .\ARM_GCC_541\Debug\Debug_Cards.o
                0x00001784                debugRASPIGVS
 .text.debugRPPGVSCFG
                0x00001790        0xc .\ARM_GCC_541\Debug\Debug_Cards.o
                0x00001790                debugRPPGVSCFG
 .text.readRegisterDIGIO8CardX
                0x0000179c       0x50 .\ARM_GCC_541\Debug\Debug_Cards.o
                0x0000179c                readRegisterDIGIO8CardX
 .text.writeRegisterDIGIO8CardX
                0x000017ec       0x50 .\ARM_GCC_541\Debug\Debug_Cards.o
                0x000017ec                writeRegisterDIGIO8CardX
 .text.debugRPIHub
                0x0000183c      0x148 .\ARM_GCC_541\Debug\Debug_Cards.o
                0x0000183c                debugRPIHub
 .text.testRPISPI8
                0x00001984      0x1bc .\ARM_GCC_541\Debug\Test_RPI_SPI8.o
                0x00001984                testRPISPI8
 .text.debugRPISPI8
                0x00001b40        0xc .\ARM_GCC_541\Debug\Test_RPI_SPI8.o
                0x00001b40                debugRPISPI8
 .text.CYMEMZERO
                0x00001b4c       0x1c .\ARM_GCC_541\Debug\cyfitter_cfg.o
 .text.CYCONFIGCPY
                0x00001b68       0x20 .\ARM_GCC_541\Debug\cyfitter_cfg.o
 .text.CYCONFIGCPYCODE
                0x00001b88       0x20 .\ARM_GCC_541\Debug\cyfitter_cfg.o
 .text.CyClockStartupError
                0x00001ba8        0xc .\ARM_GCC_541\Debug\cyfitter_cfg.o
 .text.cfg_write_bytes32
                0x00001bb4       0x74 .\ARM_GCC_541\Debug\cyfitter_cfg.o
 .text.ClockSetup
                0x00001c28      0x12c .\ARM_GCC_541\Debug\cyfitter_cfg.o
 .text.AnalogSetDefault
                0x00001d54       0x44 .\ARM_GCC_541\Debug\cyfitter_cfg.o
 .text.cyfitter_cfg
                0x00001d98      0x160 .\ARM_GCC_541\Debug\cyfitter_cfg.o
                0x00001d98                cyfitter_cfg
 .text.IntDefaultHandler
                0x00001ef8       0x14 .\ARM_GCC_541\Debug\Cm3Start.o
                0x00001ef8                IntDefaultHandler
 .text._sbrk    0x00001f0c       0x50 .\ARM_GCC_541\Debug\Cm3Start.o
                0x00001f0c                _sbrk
 .text.Start_c  0x00001f5c       0x98 .\ARM_GCC_541\Debug\Cm3Start.o
                0x00001f5c                Start_c
 .text.initialize_psoc
                0x00001ff4       0x90 .\ARM_GCC_541\Debug\Cm3Start.o
                0x00001ff4                initialize_psoc
 .text.USBUART_Start
                0x00002084       0x3c .\ARM_GCC_541\Debug\RPS_PSOC5_Serial_01.a(USBUART.o)
                0x00002084                USBUART_Start
 .text.USBUART_Init
                0x000020c0      0x1a4 .\ARM_GCC_541\Debug\RPS_PSOC5_Serial_01.a(USBUART.o)
                0x000020c0                USBUART_Init
 .text.USBUART_InitComponent
                0x00002264      0x120 .\ARM_GCC_541\Debug\RPS_PSOC5_Serial_01.a(USBUART.o)
                0x00002264                USBUART_InitComponent
 .text.USBUART_ReInitComponent
                0x00002384       0x88 .\ARM_GCC_541\Debug\RPS_PSOC5_Serial_01.a(USBUART.o)
                0x00002384                USBUART_ReInitComponent
 .text.USBUART_GetConfiguration
                0x0000240c       0x18 .\ARM_GCC_541\Debug\RPS_PSOC5_Serial_01.a(USBUART.o)
                0x0000240c                USBUART_GetConfiguration
 .text.USBUART_IsConfigurationChanged
                0x00002424       0x30 .\ARM_GCC_541\Debug\RPS_PSOC5_Serial_01.a(USBUART.o)
                0x00002424                USBUART_IsConfigurationChanged
 .text.USBUART_GetEPState
                0x00002454       0x2c .\ARM_GCC_541\Debug\RPS_PSOC5_Serial_01.a(USBUART.o)
                0x00002454                USBUART_GetEPState
 .text.USBUART_GetEPCount
                0x00002480       0x60 .\ARM_GCC_541\Debug\RPS_PSOC5_Serial_01.a(USBUART.o)
                0x00002480                USBUART_GetEPCount
 .text.USBUART_LoadInEP
                0x000024e0      0x108 .\ARM_GCC_541\Debug\RPS_PSOC5_Serial_01.a(USBUART.o)
                0x000024e0                USBUART_LoadInEP
 .text.USBUART_ReadOutEP
                0x000025e8       0x8c .\ARM_GCC_541\Debug\RPS_PSOC5_Serial_01.a(USBUART.o)
                0x000025e8                USBUART_ReadOutEP
 .text.USBUART_EnableOutEP
                0x00002674       0x5c .\ARM_GCC_541\Debug\RPS_PSOC5_Serial_01.a(USBUART.o)
                0x00002674                USBUART_EnableOutEP
 .text.USBUART_DispatchCDCClassRqst
                0x000026d0       0xe4 .\ARM_GCC_541\Debug\RPS_PSOC5_Serial_01.a(USBUART_cdc.o)
                0x000026d0                USBUART_DispatchCDCClassRqst
 .text.USBUART_GetInterfaceComPort
                0x000027b4       0x60 .\ARM_GCC_541\Debug\RPS_PSOC5_Serial_01.a(USBUART_cdc.o)
                0x000027b4                USBUART_GetInterfaceComPort
 .text.USBUART_CDC_Init
                0x00002814       0xa8 .\ARM_GCC_541\Debug\RPS_PSOC5_Serial_01.a(USBUART_cdc.o)
                0x00002814                USBUART_CDC_Init
 .text.USBUART_PutData
                0x000028bc       0x6c .\ARM_GCC_541\Debug\RPS_PSOC5_Serial_01.a(USBUART_cdc.o)
                0x000028bc                USBUART_PutData
 .text.USBUART_DataIsReady
                0x00002928       0x24 .\ARM_GCC_541\Debug\RPS_PSOC5_Serial_01.a(USBUART_cdc.o)
                0x00002928                USBUART_DataIsReady
 .text.USBUART_CDCIsReady
                0x0000294c       0x24 .\ARM_GCC_541\Debug\RPS_PSOC5_Serial_01.a(USBUART_cdc.o)
                0x0000294c                USBUART_CDCIsReady
 .text.USBUART_GetAll
                0x00002970       0x4c .\ARM_GCC_541\Debug\RPS_PSOC5_Serial_01.a(USBUART_cdc.o)
                0x00002970                USBUART_GetAll
 .text.USBUART_Cdc_EpInit
                0x000029bc       0x90 .\ARM_GCC_541\Debug\RPS_PSOC5_Serial_01.a(USBUART_cdc.o)
                0x000029bc                USBUART_Cdc_EpInit
 .text.USBUART_EP_0_ISR
                0x00002a4c       0xf8 .\ARM_GCC_541\Debug\RPS_PSOC5_Serial_01.a(USBUART_drv.o)
                0x00002a4c                USBUART_EP_0_ISR
 .text.USBUART_HandleSetup
                0x00002b44       0x88 .\ARM_GCC_541\Debug\RPS_PSOC5_Serial_01.a(USBUART_drv.o)
                0x00002b44                USBUART_HandleSetup
 .text.USBUART_HandleIN
                0x00002bcc       0x4c .\ARM_GCC_541\Debug\RPS_PSOC5_Serial_01.a(USBUART_drv.o)
                0x00002bcc                USBUART_HandleIN
 .text.USBUART_HandleOUT
                0x00002c18       0x58 .\ARM_GCC_541\Debug\RPS_PSOC5_Serial_01.a(USBUART_drv.o)
                0x00002c18                USBUART_HandleOUT
 .text.USBUART_LoadEP0
                0x00002c70       0xd0 .\ARM_GCC_541\Debug\RPS_PSOC5_Serial_01.a(USBUART_drv.o)
                0x00002c70                USBUART_LoadEP0
 .text.USBUART_InitControlRead
                0x00002d40       0x70 .\ARM_GCC_541\Debug\RPS_PSOC5_Serial_01.a(USBUART_drv.o)
                0x00002d40                USBUART_InitControlRead
 .text.USBUART_InitZeroLengthControlTransfer
                0x00002db0       0x40 .\ARM_GCC_541\Debug\RPS_PSOC5_Serial_01.a(USBUART_drv.o)
                0x00002db0                USBUART_InitZeroLengthControlTransfer
 .text.USBUART_ControlReadDataStage
                0x00002df0        0xc .\ARM_GCC_541\Debug\RPS_PSOC5_Serial_01.a(USBUART_drv.o)
                0x00002df0                USBUART_ControlReadDataStage
 .text.USBUART_ControlReadStatusStage
                0x00002dfc       0x40 .\ARM_GCC_541\Debug\RPS_PSOC5_Serial_01.a(USBUART_drv.o)
                0x00002dfc                USBUART_ControlReadStatusStage
 .text.USBUART_InitControlWrite
                0x00002e3c       0x64 .\ARM_GCC_541\Debug\RPS_PSOC5_Serial_01.a(USBUART_drv.o)
                0x00002e3c                USBUART_InitControlWrite
 .text.USBUART_ControlWriteDataStage
                0x00002ea0       0xb4 .\ARM_GCC_541\Debug\RPS_PSOC5_Serial_01.a(USBUART_drv.o)
                0x00002ea0                USBUART_ControlWriteDataStage
 .text.USBUART_ControlWriteStatusStage
                0x00002f54       0x24 .\ARM_GCC_541\Debug\RPS_PSOC5_Serial_01.a(USBUART_drv.o)
                0x00002f54                USBUART_ControlWriteStatusStage
 .text.USBUART_InitNoDataControlTransfer
                0x00002f78       0x38 .\ARM_GCC_541\Debug\RPS_PSOC5_Serial_01.a(USBUART_drv.o)
                0x00002f78                USBUART_InitNoDataControlTransfer
 .text.USBUART_NoDataControlStatusStage
                0x00002fb0       0x4c .\ARM_GCC_541\Debug\RPS_PSOC5_Serial_01.a(USBUART_drv.o)
                0x00002fb0                USBUART_NoDataControlStatusStage
 .text.USBUART_UpdateStatusBlock
                0x00002ffc       0x40 .\ARM_GCC_541\Debug\RPS_PSOC5_Serial_01.a(USBUART_drv.o)
                0x00002ffc                USBUART_UpdateStatusBlock
 .text.USBUART_InitializeStatusBlock
                0x0000303c       0x34 .\ARM_GCC_541\Debug\RPS_PSOC5_Serial_01.a(USBUART_drv.o)
                0x0000303c                USBUART_InitializeStatusBlock
 .text.USBUART_EP_1_ISR
                0x00003070       0x48 .\ARM_GCC_541\Debug\RPS_PSOC5_Serial_01.a(USBUART_episr.o)
                0x00003070                USBUART_EP_1_ISR
 .text.USBUART_EP_2_ISR
                0x000030b8       0x4c .\ARM_GCC_541\Debug\RPS_PSOC5_Serial_01.a(USBUART_episr.o)
                0x000030b8                USBUART_EP_2_ISR
 .text.USBUART_EP_3_ISR
                0x00003104       0x54 .\ARM_GCC_541\Debug\RPS_PSOC5_Serial_01.a(USBUART_episr.o)
                0x00003104                USBUART_EP_3_ISR
 .text.USBUART_SOF_ISR
                0x00003158        0xc .\ARM_GCC_541\Debug\RPS_PSOC5_Serial_01.a(USBUART_episr.o)
                0x00003158                USBUART_SOF_ISR
 .text.USBUART_BUS_RESET_ISR
                0x00003164        0xc .\ARM_GCC_541\Debug\RPS_PSOC5_Serial_01.a(USBUART_episr.o)
                0x00003164                USBUART_BUS_RESET_ISR
 .text.USBUART_DispatchHIDClassRqst
                0x00003170      0x1e4 .\ARM_GCC_541\Debug\RPS_PSOC5_Serial_01.a(USBUART_hid.o)
                0x00003170                USBUART_DispatchHIDClassRqst
 .text.USBUART_FindHidClassDecriptor
                0x00003354       0x7c .\ARM_GCC_541\Debug\RPS_PSOC5_Serial_01.a(USBUART_hid.o)
                0x00003354                USBUART_FindHidClassDecriptor
 .text.USBUART_FindReportDescriptor
                0x000033d0       0x90 .\ARM_GCC_541\Debug\RPS_PSOC5_Serial_01.a(USBUART_hid.o)
                0x000033d0                USBUART_FindReportDescriptor
 .text.USBUART_FindReport
                0x00003460       0xcc .\ARM_GCC_541\Debug\RPS_PSOC5_Serial_01.a(USBUART_hid.o)
                0x00003460                USBUART_FindReport
 .text.USBUART_DP_ISR
                0x0000352c        0xc .\ARM_GCC_541\Debug\RPS_PSOC5_Serial_01.a(USBUART_pm.o)
                0x0000352c                USBUART_DP_ISR
 .text.USBUART_HandleStandardRqst
                0x00003538      0x4a4 .\ARM_GCC_541\Debug\RPS_PSOC5_Serial_01.a(USBUART_std.o)
                0x00003538                USBUART_HandleStandardRqst
 .text.USBUART_ReadDieID
                0x000039dc       0xd8 .\ARM_GCC_541\Debug\RPS_PSOC5_Serial_01.a(USBUART_std.o)
                0x000039dc                USBUART_ReadDieID
 .text.USBUART_ConfigReg
                0x00003ab4      0x138 .\ARM_GCC_541\Debug\RPS_PSOC5_Serial_01.a(USBUART_std.o)
                0x00003ab4                USBUART_ConfigReg
 .text.USBUART_Config
                0x00003bec      0x3a4 .\ARM_GCC_541\Debug\RPS_PSOC5_Serial_01.a(USBUART_std.o)
                0x00003bec                USBUART_Config
 .text.USBUART_ConfigAltChanged
                0x00003f90      0x25c .\ARM_GCC_541\Debug\RPS_PSOC5_Serial_01.a(USBUART_std.o)
                0x00003f90                USBUART_ConfigAltChanged
 .text.USBUART_GetConfigTablePtr
                0x000041ec       0x50 .\ARM_GCC_541\Debug\RPS_PSOC5_Serial_01.a(USBUART_std.o)
                0x000041ec                USBUART_GetConfigTablePtr
 .text.USBUART_GetDeviceTablePtr
                0x0000423c       0x24 .\ARM_GCC_541\Debug\RPS_PSOC5_Serial_01.a(USBUART_std.o)
                0x0000423c                USBUART_GetDeviceTablePtr
 .text.USBUART_GetInterfaceClassTablePtr
                0x00004260       0x4c .\ARM_GCC_541\Debug\RPS_PSOC5_Serial_01.a(USBUART_std.o)
                0x00004260                USBUART_GetInterfaceClassTablePtr
 .text.USBUART_SetEndpointHalt
                0x000042ac       0xe8 .\ARM_GCC_541\Debug\RPS_PSOC5_Serial_01.a(USBUART_std.o)
                0x000042ac                USBUART_SetEndpointHalt
 .text.USBUART_ClearEndpointHalt
                0x00004394      0x158 .\ARM_GCC_541\Debug\RPS_PSOC5_Serial_01.a(USBUART_std.o)
                0x00004394                USBUART_ClearEndpointHalt
 .text.USBUART_ValidateAlternateSetting
                0x000044ec       0x70 .\ARM_GCC_541\Debug\RPS_PSOC5_Serial_01.a(USBUART_std.o)
                0x000044ec                USBUART_ValidateAlternateSetting
 .text.USBUART_HandleVendorRqst
                0x0000455c       0x54 .\ARM_GCC_541\Debug\RPS_PSOC5_Serial_01.a(USBUART_vnd.o)
                0x0000455c                USBUART_HandleVendorRqst
 .text.I2C_EEPROM_Init
                0x000045b0       0x84 .\ARM_GCC_541\Debug\RPS_PSOC5_Serial_01.a(I2C_EEPROM.o)
                0x000045b0                I2C_EEPROM_Init
 .text.I2C_EEPROM_Enable
                0x00004634       0x48 .\ARM_GCC_541\Debug\RPS_PSOC5_Serial_01.a(I2C_EEPROM.o)
                0x00004634                I2C_EEPROM_Enable
 .text.I2C_EEPROM_Start
                0x0000467c       0x30 .\ARM_GCC_541\Debug\RPS_PSOC5_Serial_01.a(I2C_EEPROM.o)
                0x0000467c                I2C_EEPROM_Start
 .text.I2C_EEPROM_ISR
                0x000046ac      0x3a8 .\ARM_GCC_541\Debug\RPS_PSOC5_Serial_01.a(I2C_EEPROM_INT.o)
                0x000046ac                I2C_EEPROM_ISR
 .text.I2C_EEPROM_MasterWriteBuf
                0x00004a54      0x108 .\ARM_GCC_541\Debug\RPS_PSOC5_Serial_01.a(I2C_EEPROM_MASTER.o)
                0x00004a54                I2C_EEPROM_MasterWriteBuf
 .text.I2C_EEPROM_MasterReadBuf
                0x00004b5c      0x110 .\ARM_GCC_541\Debug\RPS_PSOC5_Serial_01.a(I2C_EEPROM_MASTER.o)
                0x00004b5c                I2C_EEPROM_MasterReadBuf
 .text.I2C_EEPROM_MasterStatus
                0x00004c6c       0x50 .\ARM_GCC_541\Debug\RPS_PSOC5_Serial_01.a(I2C_EEPROM_MASTER.o)
                0x00004c6c                I2C_EEPROM_MasterStatus
 .text.USBUART_Dp_ClearInterrupt
                0x00004cbc       0x20 .\ARM_GCC_541\Debug\RPS_PSOC5_Serial_01.a(USBUART_Dp.o)
                0x00004cbc                USBUART_Dp_ClearInterrupt
 .text.CyHalt   0x00004cdc       0x18 .\ARM_GCC_541\Debug\RPS_PSOC5_Serial_01.a(CyLib.o)
                0x00004cdc                CyHalt
 .text.CyDelay  0x00004cf4       0x44 .\ARM_GCC_541\Debug\RPS_PSOC5_Serial_01.a(CyLib.o)
                0x00004cf4                CyDelay
 .text.CyDelayUs
                0x00004d38       0x28 .\ARM_GCC_541\Debug\RPS_PSOC5_Serial_01.a(CyLib.o)
                0x00004d38                CyDelayUs
 .text.CyIntSetVector
                0x00004d60       0x50 .\ARM_GCC_541\Debug\RPS_PSOC5_Serial_01.a(CyLib.o)
                0x00004d60                CyIntSetVector
 .text.CyIntSetPriority
                0x00004db0       0x48 .\ARM_GCC_541\Debug\RPS_PSOC5_Serial_01.a(CyLib.o)
                0x00004db0                CyIntSetPriority
 .text.CyGetUniqueId
                0x00004df8       0xc4 .\ARM_GCC_541\Debug\RPS_PSOC5_Serial_01.a(CyLib.o)
                0x00004df8                CyGetUniqueId
 .text.IO_3_Write
                0x00004ebc       0x3c .\ARM_GCC_541\Debug\RPS_PSOC5_Serial_01.a(IO_3.o)
                0x00004ebc                IO_3_Write
 .text.IO_12_Write
                0x00004ef8       0x3c .\ARM_GCC_541\Debug\RPS_PSOC5_Serial_01.a(IO_12.o)
                0x00004ef8                IO_12_Write
 .text.IO_13_Write
                0x00004f34       0x3c .\ARM_GCC_541\Debug\RPS_PSOC5_Serial_01.a(IO_13.o)
                0x00004f34                IO_13_Write
 .text.IO_6_Write
                0x00004f70       0x34 .\ARM_GCC_541\Debug\RPS_PSOC5_Serial_01.a(IO_6.o)
                0x00004f70                IO_6_Write
 .text.IO_16_Write
                0x00004fa4       0x3c .\ARM_GCC_541\Debug\RPS_PSOC5_Serial_01.a(IO_16.o)
                0x00004fa4                IO_16_Write
 .text.IO_2_Write
                0x00004fe0       0x38 .\ARM_GCC_541\Debug\RPS_PSOC5_Serial_01.a(IO_2.o)
                0x00004fe0                IO_2_Write
 .text.IO_14_Write
                0x00005018       0x34 .\ARM_GCC_541\Debug\RPS_PSOC5_Serial_01.a(IO_14.o)
                0x00005018                IO_14_Write
 .text.IO_5_Write
                0x0000504c       0x3c .\ARM_GCC_541\Debug\RPS_PSOC5_Serial_01.a(IO_5.o)
                0x0000504c                IO_5_Write
 .text.IO_19_Write
                0x00005088       0x3c .\ARM_GCC_541\Debug\RPS_PSOC5_Serial_01.a(IO_19.o)
                0x00005088                IO_19_Write
 .text.IO_20_Write
                0x000050c4       0x3c .\ARM_GCC_541\Debug\RPS_PSOC5_Serial_01.a(IO_20.o)
                0x000050c4                IO_20_Write
 .text.IO_26_Write
                0x00005100       0x3c .\ARM_GCC_541\Debug\RPS_PSOC5_Serial_01.a(IO_26.o)
                0x00005100                IO_26_Write
 .text.IO_21_Write
                0x0000513c       0x38 .\ARM_GCC_541\Debug\RPS_PSOC5_Serial_01.a(IO_21.o)
                0x0000513c                IO_21_Write
 .text.IO_17_Write
                0x00005174       0x34 .\ARM_GCC_541\Debug\RPS_PSOC5_Serial_01.a(IO_17.o)
                0x00005174                IO_17_Write
 .text.IO_18_Write
                0x000051a8       0x3c .\ARM_GCC_541\Debug\RPS_PSOC5_Serial_01.a(IO_18.o)
                0x000051a8                IO_18_Write
 .text.IO_27_Write
                0x000051e4       0x3c .\ARM_GCC_541\Debug\RPS_PSOC5_Serial_01.a(IO_27.o)
                0x000051e4                IO_27_Write
 .text.IO_22_Write
                0x00005220       0x3c .\ARM_GCC_541\Debug\RPS_PSOC5_Serial_01.a(IO_22.o)
                0x00005220                IO_22_Write
 .text.IO_23_Write
                0x0000525c       0x3c .\ARM_GCC_541\Debug\RPS_PSOC5_Serial_01.a(IO_23.o)
                0x0000525c                IO_23_Write
 .text.IO_24_Write
                0x00005298       0x3c .\ARM_GCC_541\Debug\RPS_PSOC5_Serial_01.a(IO_24.o)
                0x00005298                IO_24_Write
 .text.IO_7_Write
                0x000052d4       0x34 .\ARM_GCC_541\Debug\RPS_PSOC5_Serial_01.a(IO_7.o)
                0x000052d4                IO_7_Write
 .text.IO_15_Write
                0x00005308       0x3c .\ARM_GCC_541\Debug\RPS_PSOC5_Serial_01.a(IO_15.o)
                0x00005308                IO_15_Write
 .text.IO_4_Write
                0x00005344       0x3c .\ARM_GCC_541\Debug\RPS_PSOC5_Serial_01.a(IO_4.o)
                0x00005344                IO_4_Write
 .text.IO_25_Write
                0x00005380       0x38 .\ARM_GCC_541\Debug\RPS_PSOC5_Serial_01.a(IO_25.o)
                0x00005380                IO_25_Write
 .text.IO_9_Write
                0x000053b8       0x3c .\ARM_GCC_541\Debug\RPS_PSOC5_Serial_01.a(IO_9.o)
                0x000053b8                IO_9_Write
 .text.IO_10_Write
                0x000053f4       0x34 .\ARM_GCC_541\Debug\RPS_PSOC5_Serial_01.a(IO_10.o)
                0x000053f4                IO_10_Write
 .text.IO_8_Write
                0x00005428       0x3c .\ARM_GCC_541\Debug\RPS_PSOC5_Serial_01.a(IO_8.o)
                0x00005428                IO_8_Write
 .text.IO_11_Write
                0x00005464       0x3c .\ARM_GCC_541\Debug\RPS_PSOC5_Serial_01.a(IO_11.o)
                0x00005464                IO_11_Write
 .text.I2C1_Init
                0x000054a0       0xa0 .\ARM_GCC_541\Debug\RPS_PSOC5_Serial_01.a(I2C1.o)
                0x000054a0                I2C1_Init
 .text.I2C1_Enable
                0x00005540       0x20 .\ARM_GCC_541\Debug\RPS_PSOC5_Serial_01.a(I2C1.o)
                0x00005540                I2C1_Enable
 .text.I2C1_Start
                0x00005560       0x2c .\ARM_GCC_541\Debug\RPS_PSOC5_Serial_01.a(I2C1.o)
                0x00005560                I2C1_Start
 .text.I2C1_ISR
                0x0000558c      0x408 .\ARM_GCC_541\Debug\RPS_PSOC5_Serial_01.a(I2C1_INT.o)
                0x0000558c                I2C1_ISR
 .text.I2C1_MasterWriteBuf
                0x00005994      0x120 .\ARM_GCC_541\Debug\RPS_PSOC5_Serial_01.a(I2C1_MASTER.o)
                0x00005994                I2C1_MasterWriteBuf
 .text.I2C1_MasterReadBuf
                0x00005ab4      0x124 .\ARM_GCC_541\Debug\RPS_PSOC5_Serial_01.a(I2C1_MASTER.o)
                0x00005ab4                I2C1_MasterReadBuf
 .text.I2C1_MasterSendStart
                0x00005bd8       0xd8 .\ARM_GCC_541\Debug\RPS_PSOC5_Serial_01.a(I2C1_MASTER.o)
                0x00005bd8                I2C1_MasterSendStart
 .text.I2C1_MasterSendStop
                0x00005cb0       0x70 .\ARM_GCC_541\Debug\RPS_PSOC5_Serial_01.a(I2C1_MASTER.o)
                0x00005cb0                I2C1_MasterSendStop
 .text.I2C1_MasterWriteByte
                0x00005d20       0xa0 .\ARM_GCC_541\Debug\RPS_PSOC5_Serial_01.a(I2C1_MASTER.o)
                0x00005d20                I2C1_MasterWriteByte
 .text.I2C1_MasterReadByte
                0x00005dc0       0xb0 .\ARM_GCC_541\Debug\RPS_PSOC5_Serial_01.a(I2C1_MASTER.o)
                0x00005dc0                I2C1_MasterReadByte
 .text.I2C1_MasterStatus
                0x00005e70       0x4c .\ARM_GCC_541\Debug\RPS_PSOC5_Serial_01.a(I2C1_MASTER.o)
                0x00005e70                I2C1_MasterStatus
 .text.I2C1_MasterClearStatus
                0x00005ebc       0x38 .\ARM_GCC_541\Debug\RPS_PSOC5_Serial_01.a(I2C1_MASTER.o)
                0x00005ebc                I2C1_MasterClearStatus
 *fill*         0x00005ef4        0x4 
 .text          0x00005ef8       0x54 .\ARM_GCC_541\Debug\RPS_PSOC5_Serial_01.a(CyBootAsmGnu.o)
                0x00005ef8                CyDelayCycles
                0x00005f36                CyEnterCriticalSection
                0x00005f3e                CyExitCriticalSection
 .text.USBUART_DispatchClassRqst
                0x00005f4c       0x94 .\ARM_GCC_541\Debug\RPS_PSOC5_Serial_01.a(USBUART_cls.o)
                0x00005f4c                USBUART_DispatchClassRqst
 .text.__errno  0x00005fe0        0xc c:/program files (x86)/cypress/psoc creator/4.4/psoc creator/import/gnu/arm/5.4.1/bin/../lib/gcc/arm-none-eabi/5.4.1/../../../../arm-none-eabi/lib/armv7-m\libg_nano.a(lib_a-errno.o)
                0x00005fe0                __errno
 .text.__libc_init_array
                0x00005fec       0x4c c:/program files (x86)/cypress/psoc creator/4.4/psoc creator/import/gnu/arm/5.4.1/bin/../lib/gcc/arm-none-eabi/5.4.1/../../../../arm-none-eabi/lib/armv7-m\libg_nano.a(lib_a-init.o)
                0x00005fec                __libc_init_array
 .text.memcpy   0x00006038       0x16 c:/program files (x86)/cypress/psoc creator/4.4/psoc creator/import/gnu/arm/5.4.1/bin/../lib/gcc/arm-none-eabi/5.4.1/../../../../arm-none-eabi/lib/armv7-m\libg_nano.a(lib_a-memcpy-stub.o)
                0x00006038                memcpy
 .text.memset   0x0000604e       0x10 c:/program files (x86)/cypress/psoc creator/4.4/psoc creator/import/gnu/arm/5.4.1/bin/../lib/gcc/arm-none-eabi/5.4.1/../../../../arm-none-eabi/lib/armv7-m\libg_nano.a(lib_a-memset.o)
                0x0000604e                memset
 *fill*         0x0000605e        0x2 
 .text.sprintf  0x00006060       0x48 c:/program files (x86)/cypress/psoc creator/4.4/psoc creator/import/gnu/arm/5.4.1/bin/../lib/gcc/arm-none-eabi/5.4.1/../../../../arm-none-eabi/lib/armv7-m\libg_nano.a(lib_a-sprintf.o)
                0x00006060                siprintf
                0x00006060                sprintf
 .text.strcat   0x000060a8       0x1e c:/program files (x86)/cypress/psoc creator/4.4/psoc creator/import/gnu/arm/5.4.1/bin/../lib/gcc/arm-none-eabi/5.4.1/../../../../arm-none-eabi/lib/armv7-m\libg_nano.a(lib_a-strcat.o)
                0x000060a8                strcat
 .text          0x000060c6       0x10 c:/program files (x86)/cypress/psoc creator/4.4/psoc creator/import/gnu/arm/5.4.1/bin/../lib/gcc/arm-none-eabi/5.4.1/../../../../arm-none-eabi/lib/armv7-m\libg_nano.a(lib_a-strlen.o)
                0x000060c6                strlen
 .text.__ssputs_r
                0x000060d6       0xb2 c:/program files (x86)/cypress/psoc creator/4.4/psoc creator/import/gnu/arm/5.4.1/bin/../lib/gcc/arm-none-eabi/5.4.1/../../../../arm-none-eabi/lib/armv7-m\libg_nano.a(lib_a-nano-svfprintf.o)
                0x000060d6                __ssputs_r
 .text._svfprintf_r
                0x00006188      0x1e8 c:/program files (x86)/cypress/psoc creator/4.4/psoc creator/import/gnu/arm/5.4.1/bin/../lib/gcc/arm-none-eabi/5.4.1/../../../../arm-none-eabi/lib/armv7-m\libg_nano.a(lib_a-nano-svfprintf.o)
                0x00006188                _svfiprintf_r
                0x00006188                _svfprintf_r
 .text._printf_common
                0x00006370       0xec c:/program files (x86)/cypress/psoc creator/4.4/psoc creator/import/gnu/arm/5.4.1/bin/../lib/gcc/arm-none-eabi/5.4.1/../../../../arm-none-eabi/lib/armv7-m\libg_nano.a(lib_a-nano-vfprintf_i.o)
                0x00006370                _printf_common
 .text._printf_i
                0x0000645c      0x24c c:/program files (x86)/cypress/psoc creator/4.4/psoc creator/import/gnu/arm/5.4.1/bin/../lib/gcc/arm-none-eabi/5.4.1/../../../../arm-none-eabi/lib/armv7-m\libg_nano.a(lib_a-nano-vfprintf_i.o)
                0x0000645c                _printf_i
 .text.memchr   0x000066a8       0x1c c:/program files (x86)/cypress/psoc creator/4.4/psoc creator/import/gnu/arm/5.4.1/bin/../lib/gcc/arm-none-eabi/5.4.1/../../../../arm-none-eabi/lib/armv7-m\libg_nano.a(lib_a-memchr-stub.o)
                0x000066a8                memchr
 .text.memmove  0x000066c4       0x36 c:/program files (x86)/cypress/psoc creator/4.4/psoc creator/import/gnu/arm/5.4.1/bin/../lib/gcc/arm-none-eabi/5.4.1/../../../../arm-none-eabi/lib/armv7-m\libg_nano.a(lib_a-memmove.o)
                0x000066c4                memmove
 *fill*         0x000066fa        0x2 
 .text._free_r  0x000066fc       0x98 c:/program files (x86)/cypress/psoc creator/4.4/psoc creator/import/gnu/arm/5.4.1/bin/../lib/gcc/arm-none-eabi/5.4.1/../../../../arm-none-eabi/lib/armv7-m\libg_nano.a(lib_a-nano-freer.o)
                0x000066fc                _free_r
 .text._malloc_r
                0x00006794       0xbc c:/program files (x86)/cypress/psoc creator/4.4/psoc creator/import/gnu/arm/5.4.1/bin/../lib/gcc/arm-none-eabi/5.4.1/../../../../arm-none-eabi/lib/armv7-m\libg_nano.a(lib_a-nano-mallocr.o)
                0x00006794                _malloc_r
 .text._realloc_r
                0x00006850       0x4c c:/program files (x86)/cypress/psoc creator/4.4/psoc creator/import/gnu/arm/5.4.1/bin/../lib/gcc/arm-none-eabi/5.4.1/../../../../arm-none-eabi/lib/armv7-m\libg_nano.a(lib_a-nano-reallocr.o)
                0x00006850                _realloc_r
 .text._sbrk_r  0x0000689c       0x20 c:/program files (x86)/cypress/psoc creator/4.4/psoc creator/import/gnu/arm/5.4.1/bin/../lib/gcc/arm-none-eabi/5.4.1/../../../../arm-none-eabi/lib/armv7-m\libg_nano.a(lib_a-sbrkr.o)
                0x0000689c                _sbrk_r
 .text.__malloc_lock
                0x000068bc        0x2 c:/program files (x86)/cypress/psoc creator/4.4/psoc creator/import/gnu/arm/5.4.1/bin/../lib/gcc/arm-none-eabi/5.4.1/../../../../arm-none-eabi/lib/armv7-m\libg_nano.a(lib_a-mlock.o)
                0x000068bc                __malloc_lock
 .text.__malloc_unlock
                0x000068be        0x2 c:/program files (x86)/cypress/psoc creator/4.4/psoc creator/import/gnu/arm/5.4.1/bin/../lib/gcc/arm-none-eabi/5.4.1/../../../../arm-none-eabi/lib/armv7-m\libg_nano.a(lib_a-mlock.o)
                0x000068be                __malloc_unlock
 .text._malloc_usable_size_r
                0x000068c0       0x14 c:/program files (x86)/cypress/psoc creator/4.4/psoc creator/import/gnu/arm/5.4.1/bin/../lib/gcc/arm-none-eabi/5.4.1/../../../../arm-none-eabi/lib/armv7-m\libg_nano.a(lib_a-nano-msizer.o)
                0x000068c0                _malloc_usable_size_r
 *(.plt)
 *(.gnu.warning)
 *(.glue_7t)
 .glue_7t       0x000068d4        0x0 linker stubs
 *(.glue_7)
 .glue_7        0x000068d4        0x0 linker stubs
 *(.vfp11_veneer)
 .vfp11_veneer  0x000068d4        0x0 linker stubs
 *(.bootloader)
 *(.ARM.extab* .gnu.linkonce.armextab.*)
 *(.gcc_except_table)

.v4_bx          0x000068d4        0x0
 .v4_bx         0x000068d4        0x0 linker stubs

.iplt           0x000068d4        0x0
 .iplt          0x000068d4        0x0 c:/program files (x86)/cypress/psoc creator/4.4/psoc creator/import/gnu/arm/5.4.1/bin/../lib/gcc/arm-none-eabi/5.4.1/armv7-m/crtbegin.o

.eh_frame_hdr
 *(.eh_frame_hdr)

.eh_frame       0x000068d4        0x4
 *(.eh_frame)
 .eh_frame      0x000068d4        0x0 c:/program files (x86)/cypress/psoc creator/4.4/psoc creator/import/gnu/arm/5.4.1/bin/../lib/gcc/arm-none-eabi/5.4.1/armv7-m/crtbegin.o
 .eh_frame      0x000068d4        0x4 c:/program files (x86)/cypress/psoc creator/4.4/psoc creator/import/gnu/arm/5.4.1/bin/../lib/gcc/arm-none-eabi/5.4.1/armv7-m/crtend.o
                [!provide]                PROVIDE (__exidx_start, .)

.ARM.exidx
 *(.ARM.exidx* .gnu.linkonce.armexidx.*)
                0x000068d8                __exidx_end = .

.rodata         0x000068d8     0x13b0
 *(.rodata .rodata.* .gnu.linkonce.r.*)
 .rodata        0x000068d8       0x17 .\ARM_GCC_541\Debug\ExtEEPROM.o
 *fill*         0x000068ef        0x1 
 .rodata        0x000068f0      0x151 .\ARM_GCC_541\Debug\EEPROM__Images.o
                0x000068f0                rpp_uio_16_eeprom
                0x00006960                raspi_plus_gvs_cfg_eeprom
                0x000069d8                rppsoc_eeprom
 *fill*         0x00006a41        0x3 
 .rodata        0x00006a44      0x81f .\ARM_GCC_541\Debug\PSoC_Menu.o
 *fill*         0x00007263        0x1 
 .rodata        0x00007264       0x72 .\ARM_GCC_541\Debug\Test_RPI_I2C_HUB.o
 *fill*         0x000072d6        0x2 
 .rodata        0x000072d8       0xd6 .\ARM_GCC_541\Debug\Debug_Cards.o
 *fill*         0x000073ae        0x2 
 .rodata        0x000073b0      0x684 .\ARM_GCC_541\Debug\cyfitter_cfg.o
 .rodata        0x00007a34       0x11 .\ARM_GCC_541\Debug\RPS_PSOC5_Serial_01.a(USBUART_std.o)
 *fill*         0x00007a45        0x3 
 .rodata        0x00007a48      0x1d4 .\ARM_GCC_541\Debug\RPS_PSOC5_Serial_01.a(USBUART_descr.o)
                0x00007a48                USBUART_DEVICE0_DESCR
                0x00007a5c                USBUART_DEVICE0_CONFIGURATION0_DESCR
                0x00007aa0                USBUART_STRING_DESCRIPTORS
                0x00007b40                USBUART_SN_STRING_DESCRIPTOR
                0x00007b44                USBUART_HIDREPORT_DESCRIPTOR1
                0x00007b7c                USBUART_DEVICE0_CONFIGURATION0_EP_SETTINGS_TABLE
                0x00007b94                USBUART_DEVICE0_CONFIGURATION0_INTERFACE_CLASS
                0x00007b98                USBUART_DEVICE0_CONFIGURATION0_TABLE
                0x00007bc0                USBUART_DEVICE0_TABLE
                0x00007bd8                USBUART_TABLE
                0x00007be0                USBUART_MSOS_DESCRIPTOR
                0x00007bf4                USBUART_MSOS_CONFIGURATION_DESCR
 .rodata.str1.1
                0x00007c1c        0x2 c:/program files (x86)/cypress/psoc creator/4.4/psoc creator/import/gnu/arm/5.4.1/bin/../lib/gcc/arm-none-eabi/5.4.1/../../../../arm-none-eabi/lib/armv7-m\libg_nano.a(lib_a-impure.o)
 .rodata.str1.1
                0x00007c1e       0x11 c:/program files (x86)/cypress/psoc creator/4.4/psoc creator/import/gnu/arm/5.4.1/bin/../lib/gcc/arm-none-eabi/5.4.1/../../../../arm-none-eabi/lib/armv7-m\libg_nano.a(lib_a-nano-svfprintf.o)
 .rodata.str1.1
                0x00007c2f       0x22 c:/program files (x86)/cypress/psoc creator/4.4/psoc creator/import/gnu/arm/5.4.1/bin/../lib/gcc/arm-none-eabi/5.4.1/../../../../arm-none-eabi/lib/armv7-m\libg_nano.a(lib_a-nano-vfprintf_i.o)
                0x00007c54                . = ALIGN (0x4)
 *fill*         0x00007c51        0x3 
 *(.init)
 .init          0x00007c54        0x4 c:/program files (x86)/cypress/psoc creator/4.4/psoc creator/import/gnu/arm/5.4.1/bin/../lib/gcc/arm-none-eabi/5.4.1/armv7-m/crti.o
                0x00007c54                _init
 .init          0x00007c58        0x8 c:/program files (x86)/cypress/psoc creator/4.4/psoc creator/import/gnu/arm/5.4.1/bin/../lib/gcc/arm-none-eabi/5.4.1/armv7-m/crtn.o
                0x00007c60                . = ALIGN (0x4)
                0x00007c60                __preinit_array_start = .
 *(.preinit_array)
                0x00007c60                __preinit_array_end = .
                0x00007c60                . = ALIGN (0x4)
                0x00007c60                __init_array_start = .
 *(SORT(.init_array.*))
 *(.init_array)
 .init_array    0x00007c60        0x4 c:/program files (x86)/cypress/psoc creator/4.4/psoc creator/import/gnu/arm/5.4.1/bin/../lib/gcc/arm-none-eabi/5.4.1/armv7-m/crtbegin.o
 .init_array    0x00007c64        0x4 .\ARM_GCC_541\Debug\Cm3Start.o
                0x00007c68                __init_array_end = .
                0x00007c68                . = ALIGN (0x4)
 *(.fini)
 .fini          0x00007c68        0x4 c:/program files (x86)/cypress/psoc creator/4.4/psoc creator/import/gnu/arm/5.4.1/bin/../lib/gcc/arm-none-eabi/5.4.1/armv7-m/crti.o
                0x00007c68                _fini
 .fini          0x00007c6c        0x8 c:/program files (x86)/cypress/psoc creator/4.4/psoc creator/import/gnu/arm/5.4.1/bin/../lib/gcc/arm-none-eabi/5.4.1/armv7-m/crtn.o
                0x00007c74                . = ALIGN (0x4)
                0x00007c74                __fini_array_start = .
 *(.fini_array)
 .fini_array    0x00007c74        0x4 c:/program files (x86)/cypress/psoc creator/4.4/psoc creator/import/gnu/arm/5.4.1/bin/../lib/gcc/arm-none-eabi/5.4.1/armv7-m/crtbegin.o
 *(SORT(.fini_array.*))
                0x00007c78                __fini_array_end = .
                0x00007c78                . = ALIGN (0x4)
 *crtbegin.o(.ctors)
 *(EXCLUDE_FILE(*crtend.o) .ctors)
 *(SORT(.ctors.*))
 *crtend.o(.ctors)
                0x00007c78                . = ALIGN (0x4)
 *crtbegin.o(.dtors)
 *(EXCLUDE_FILE(*crtend.o) .dtors)
 *(SORT(.dtors.*))
 *crtend.o(.dtors)
                0x00007c78                . = ALIGN (0x4)
                0x00007c78                __cy_regions = .
                0x00007c78        0x4 LONG 0x7c88 __cy_region_init_ram
                0x00007c7c        0x4 LONG 0x1fffc0c8 __cy_region_start_data
                0x00007c80        0x4 LONG 0x98 __cy_region_init_size_ram
                0x00007c84        0x4 LONG 0x190 __cy_region_zero_size_ram
                0x00007c88                __cy_regions_end = .
                0x00007c88                . = ALIGN (0x8)
                0x00007c88                _etext = .

.cy_checksum_exclude
                0x00007c88        0x0
 *(.cy_checksum_exclude)

.ramvectors     0x1fffc000       0xc0
                0x1fffc000                __cy_region_start_ram = .
 *(.ramvectors)
 .ramvectors    0x1fffc000       0xc0 .\ARM_GCC_541\Debug\Cm3Start.o
                0x1fffc000                CyRamVectors

.noinit         0x1fffc0c0        0x5
 *(.noinit)
 .noinit        0x1fffc0c0        0x4 .\ARM_GCC_541\Debug\Cm3Start.o
 .noinit        0x1fffc0c4        0x1 .\ARM_GCC_541\Debug\RPS_PSOC5_Serial_01.a(CyLib.o)
                0x1fffc0c4                CyResetStatus

.data           0x1fffc0c8       0x98 load address 0x00007c88
                0x1fffc0c8                __cy_region_start_data = .
 *(.jcr)
 .jcr           0x1fffc0c8        0x0 c:/program files (x86)/cypress/psoc creator/4.4/psoc creator/import/gnu/arm/5.4.1/bin/../lib/gcc/arm-none-eabi/5.4.1/armv7-m/crtbegin.o
 .jcr           0x1fffc0c8        0x4 c:/program files (x86)/cypress/psoc creator/4.4/psoc creator/import/gnu/arm/5.4.1/bin/../lib/gcc/arm-none-eabi/5.4.1/armv7-m/crtend.o
 *(.got.plt)
 *(.got)
 *(.shdata)
 *(.data .data.* .gnu.linkonce.d.*)
 .data          0x1fffc0cc        0x4 .\ARM_GCC_541\Debug\Cm3Start.o
 .data          0x1fffc0d0       0x1a .\ARM_GCC_541\Debug\RPS_PSOC5_Serial_01.a(USBUART_cdc.o)
                0x1fffc0d0                USBUART_linesCoding
 *fill*         0x1fffc0ea        0x2 
 .data          0x1fffc0ec       0x10 .\ARM_GCC_541\Debug\RPS_PSOC5_Serial_01.a(CyLib.o)
                0x1fffc0ec                cydelay_freq_hz
                0x1fffc0f0                cydelay_freq_khz
                0x1fffc0f4                cydelay_freq_mhz
                0x1fffc0f8                cydelay_32k_ms
 .data.impure_data
                0x1fffc0fc       0x60 c:/program files (x86)/cypress/psoc creator/4.4/psoc creator/import/gnu/arm/5.4.1/bin/../lib/gcc/arm-none-eabi/5.4.1/../../../../arm-none-eabi/lib/armv7-m\libg_nano.a(lib_a-impure.o)
 .data._impure_ptr
                0x1fffc15c        0x4 c:/program files (x86)/cypress/psoc creator/4.4/psoc creator/import/gnu/arm/5.4.1/bin/../lib/gcc/arm-none-eabi/5.4.1/../../../../arm-none-eabi/lib/armv7-m\libg_nano.a(lib_a-impure.o)
                0x1fffc15c                _impure_ptr
                0x1fffc160                . = ALIGN (0x8)
 *(.ram)
                0x1fffc160                _edata = .

.igot.plt       0x1fffc160        0x0 load address 0x00007d20
 .igot.plt      0x1fffc160        0x0 c:/program files (x86)/cypress/psoc creator/4.4/psoc creator/import/gnu/arm/5.4.1/bin/../lib/gcc/arm-none-eabi/5.4.1/armv7-m/crtbegin.o

.bss            0x1fffc160      0x190 load address 0x00007d20
                0x1fffc160                PROVIDE (__bss_start__, .)
 *(.shbss)
 *(.bss .bss.* .gnu.linkonce.b.*)
 .bss           0x1fffc160       0x1c c:/program files (x86)/cypress/psoc creator/4.4/psoc creator/import/gnu/arm/5.4.1/bin/../lib/gcc/arm-none-eabi/5.4.1/armv7-m/crtbegin.o
 .bss           0x1fffc17c        0x2 .\ARM_GCC_541\Debug\PSoC_Menu.o
                0x1fffc17c                cardType
 .bss           0x1fffc17e        0x1 .\ARM_GCC_541\Debug\RPS_PSOC5_Serial_01.a(USBUART.o)
                0x1fffc17e                USBUART_initVar
 .bss           0x1fffc17f        0x1 .\ARM_GCC_541\Debug\RPS_PSOC5_Serial_01.a(USBUART_cdc.o)
 .bss           0x1fffc180        0x2 .\ARM_GCC_541\Debug\RPS_PSOC5_Serial_01.a(USBUART_std.o)
 .bss           0x1fffc182        0x1 .\ARM_GCC_541\Debug\RPS_PSOC5_Serial_01.a(I2C_EEPROM.o)
                0x1fffc182                I2C_EEPROM_initVar
 .bss           0x1fffc183        0x1 .\ARM_GCC_541\Debug\RPS_PSOC5_Serial_01.a(I2C1.o)
                0x1fffc183                I2C1_initVar
 .bss.__malloc_sbrk_start
                0x1fffc184        0x4 c:/program files (x86)/cypress/psoc creator/4.4/psoc creator/import/gnu/arm/5.4.1/bin/../lib/gcc/arm-none-eabi/5.4.1/../../../../arm-none-eabi/lib/armv7-m\libg_nano.a(lib_a-nano-mallocr.o)
                0x1fffc184                __malloc_sbrk_start
 .bss.__malloc_free_list
                0x1fffc188        0x4 c:/program files (x86)/cypress/psoc creator/4.4/psoc creator/import/gnu/arm/5.4.1/bin/../lib/gcc/arm-none-eabi/5.4.1/../../../../arm-none-eabi/lib/armv7-m\libg_nano.a(lib_a-nano-mallocr.o)
                0x1fffc188                __malloc_free_list
 *(COMMON)
 COMMON         0x1fffc18c       0x54 .\ARM_GCC_541\Debug\PSoC_Menu.o
                0x1fffc18c                receiveBufferPtr
                0x1fffc18d                gotCRorLF
                0x1fffc190                receiveBuffer
 COMMON         0x1fffc1e0        0x2 .\ARM_GCC_541\Debug\DIGIO8Driver.o
                0x1fffc1e0                myWrBuffer
 *fill*         0x1fffc1e2        0x2 
 COMMON         0x1fffc1e4       0x18 .\ARM_GCC_541\Debug\RPS_PSOC5_Serial_01.a(USBUART_cdc.o)
                0x1fffc1e4                USBUART_linesChanged
                0x1fffc1e8                USBUART_cdcDataInEp
                0x1fffc1ec                USBUART_cdcCommInInterruptEp
                0x1fffc1f0                USBUART_cdcDataOutEp
                0x1fffc1f4                USBUART_serialStateBitmap
                0x1fffc1f8                USBUART_linesControlBitmap
 COMMON         0x1fffc1fc       0x9a .\ARM_GCC_541\Debug\RPS_PSOC5_Serial_01.a(USBUART_drv.o)
                0x1fffc1fc                USBUART_lastPacketSize
                0x1fffc1fd                USBUART_device
                0x1fffc1fe                USBUART_transferByteCount
                0x1fffc200                USBUART_transferState
                0x1fffc204                USBUART_interfaceSettingLast
                0x1fffc208                USBUART_currentTD
                0x1fffc214                USBUART_interfaceNumber
                0x1fffc218                USBUART_interfaceClass
                0x1fffc21c                USBUART_configurationChanged
                0x1fffc21d                USBUART_ep0Mode
                0x1fffc21e                USBUART_deviceAddress
                0x1fffc21f                USBUART_configuration
                0x1fffc220                USBUART_ep0Count
                0x1fffc221                USBUART_deviceStatus
                0x1fffc224                USBUART_EP
                0x1fffc290                USBUART_interfaceSetting
                0x1fffc292                USBUART_ep0Toggle
                0x1fffc294                USBUART_interfaceStatus
 *fill*         0x1fffc296        0x2 
 COMMON         0x1fffc298        0xa .\ARM_GCC_541\Debug\RPS_PSOC5_Serial_01.a(USBUART_hid.o)
                0x1fffc298                USBUART_hidProtocol
                0x1fffc29c                USBUART_hidIdleTimer
                0x1fffc2a0                USBUART_hidIdleRate
 COMMON         0x1fffc2a2        0x1 .\ARM_GCC_541\Debug\RPS_PSOC5_Serial_01.a(I2C_EEPROM.o)
                0x1fffc2a2                I2C_EEPROM_state
 *fill*         0x1fffc2a3        0x1 
 COMMON         0x1fffc2a4       0x11 .\ARM_GCC_541\Debug\RPS_PSOC5_Serial_01.a(I2C_EEPROM_MASTER.o)
                0x1fffc2a4                I2C_EEPROM_mstrStatus
                0x1fffc2a8                I2C_EEPROM_mstrWrBufPtr
                0x1fffc2ac                I2C_EEPROM_mstrRdBufPtr
                0x1fffc2b0                I2C_EEPROM_mstrRdBufSize
                0x1fffc2b1                I2C_EEPROM_mstrControl
                0x1fffc2b2                I2C_EEPROM_mstrWrBufIndex
                0x1fffc2b3                I2C_EEPROM_mstrRdBufIndex
                0x1fffc2b4                I2C_EEPROM_mstrWrBufSize
 COMMON         0x1fffc2b5        0x1 .\ARM_GCC_541\Debug\RPS_PSOC5_Serial_01.a(I2C1.o)
                0x1fffc2b5                I2C1_state
 *fill*         0x1fffc2b6        0x2 
 COMMON         0x1fffc2b8       0x10 .\ARM_GCC_541\Debug\RPS_PSOC5_Serial_01.a(I2C1_MASTER.o)
                0x1fffc2b8                I2C1_mstrWrBufPtr
                0x1fffc2bc                I2C1_mstrWrBufIndex
                0x1fffc2bd                I2C1_mstrControl
                0x1fffc2be                I2C1_mstrWrBufSize
                0x1fffc2bf                I2C1_mstrStatus
                0x1fffc2c0                I2C1_mstrRdBufSize
                0x1fffc2c1                I2C1_mstrRdBufIndex
                0x1fffc2c4                I2C1_mstrRdBufPtr
 COMMON         0x1fffc2c8       0x22 .\ARM_GCC_541\Debug\RPS_PSOC5_Serial_01.a(USBUART_descr.o)
                0x1fffc2c8                USBUART_idSerialNumberStringDescriptor
 *fill*         0x1fffc2ea        0x2 
 COMMON         0x1fffc2ec        0x4 c:/program files (x86)/cypress/psoc creator/4.4/psoc creator/import/gnu/arm/5.4.1/bin/../lib/gcc/arm-none-eabi/5.4.1/../../../../arm-none-eabi/lib/armv7-m\libg_nano.a(lib_a-reent.o)
                0x1fffc2ec                errno
                0x1fffc2f0                . = ALIGN (0x8)
 *(.ram.b)
                0x1fffc2f0                _end = .
                0x1fffc2f0                __end = .
                0x1fffc2f0                PROVIDE (end, .)
                0x1fffc2f0                PROVIDE (__bss_end__, .)
                0x00007c88                __cy_region_init_ram = LOADADDR (.data)
                0x00000098                __cy_region_init_size_ram = (_edata - ADDR (.data))
                0x00000190                __cy_region_zero_size_ram = (_end - _edata)

.heap           0x1fffc2f0       0x80 load address 0x00007d20
                0x1fffc2f0                . = _end
                0x1fffc370                . = (. + 0x80)
 *fill*         0x1fffc2f0       0x80 
                0x1fffc370                __cy_heap_limit = .

.stack          0x20003800      0x800
                0x20003800                __cy_stack_limit = .
                0x20004000                . = (. + 0x800)
 *fill*         0x20003800      0x800 
                0x00000001                ASSERT ((__cy_stack_limit >= __cy_heap_limit), region RAM overflowed with stack)
                0x00000000                cy_checksum_exclude_size = (CY_APPL_LOADABLE == 0x1)?SIZEOF (.cy_checksum_exclude):0x0
                0x00000001                ASSERT ((cy_checksum_exclude_size <= CY_CHECKSUM_EXCLUDE_SIZE), CY_BOOT: Section .cy_checksum_exclude size exceedes specified limit.)

.cyloadermeta
 *(.cyloadermeta)

.cyloadablemeta
 *(.cyloadablemeta)

.cyconfigecc    0x80000000        0x1
 *(.cyconfigecc)
 .cyconfigecc   0x80000000        0x1 .\ARM_GCC_541\Debug\cymetadata.o
                0x80000000                cy_meta_configecc

.cycustnvl      0x90000000        0x4
 *(.cycustnvl)
 .cycustnvl     0x90000000        0x4 .\ARM_GCC_541\Debug\cymetadata.o
                0x90000000                cy_meta_custnvl

.cywolatch      0x90100000        0x4
 *(.cywolatch)
 .cywolatch     0x90100000        0x4 .\ARM_GCC_541\Debug\cymetadata.o
                0x90100000                cy_meta_wonvl

.cyeeprom       0x90200000        0x0
 *(.cyeeprom)
                0x00000001                ASSERT ((. <= ((0x90200000 + ee_offset) + ee_size)), .cyeeprom data will not fit in EEPROM)

.cyflashprotect
                0x90400000       0x80
 *(.cyflashprotect)
 .cyflashprotect
                0x90400000       0x80 .\ARM_GCC_541\Debug\cymetadata.o
                0x90400000                cy_meta_flashprotect

.cymeta         0x90500000        0xc
 *(.cymeta)
 .cymeta        0x90500000        0xc .\ARM_GCC_541\Debug\cymetadata.o
                0x90500000                cy_metadata

.rel.dyn        0x00007d20        0x0 load address 0x9050000c
 .rel.iplt      0x00007d20        0x0 c:/program files (x86)/cypress/psoc creator/4.4/psoc creator/import/gnu/arm/5.4.1/bin/../lib/gcc/arm-none-eabi/5.4.1/armv7-m/crtbegin.o

.stab
 *(.stab)

.stabstr
 *(.stabstr)

.debug
 *(.debug)

.line
 *(.line)

.debug_srcinfo
 *(.debug_srcinfo)

.debug_sfnames
 *(.debug_sfnames)

.debug_aranges  0x00000000     0x13b0
 *(.debug_aranges)
 .debug_aranges
                0x00000000       0x20 .\ARM_GCC_541\Debug\main.o
 .debug_aranges
                0x00000020       0x28 .\ARM_GCC_541\Debug\Test_RPP-UIO_16.o
 .debug_aranges
                0x00000048       0x28 .\ARM_GCC_541\Debug\RasPi_Pins.o
 .debug_aranges
                0x00000070       0x38 .\ARM_GCC_541\Debug\ExtEEPROM.o
 .debug_aranges
                0x000000a8       0x18 .\ARM_GCC_541\Debug\EEPROM__Images.o
 .debug_aranges
                0x000000c0       0x20 .\ARM_GCC_541\Debug\Test_RASPI_GVS.o
 .debug_aranges
                0x000000e0       0x20 .\ARM_GCC_541\Debug\Test_RASPI_PLUS_GVS.o
 .debug_aranges
                0x00000100       0x50 .\ARM_GCC_541\Debug\PSoC_Menu.o
 .debug_aranges
                0x00000150       0x30 .\ARM_GCC_541\Debug\Test_RPI_I2C_HUB.o
 .debug_aranges
                0x00000180       0x40 .\ARM_GCC_541\Debug\DIGIO8Driver.o
 .debug_aranges
                0x000001c0       0x50 .\ARM_GCC_541\Debug\Debug_Cards.o
 .debug_aranges
                0x00000210       0x28 .\ARM_GCC_541\Debug\Test_RPI_SPI8.o
 .debug_aranges
                0x00000238       0x60 .\ARM_GCC_541\Debug\cyfitter_cfg.o
 .debug_aranges
                0x00000298       0x18 .\ARM_GCC_541\Debug\cymetadata.o
 .debug_aranges
                0x000002b0       0x48 .\ARM_GCC_541\Debug\Cm3Start.o
 .debug_aranges
                0x000002f8       0xc8 .\ARM_GCC_541\Debug\RPS_PSOC5_Serial_01.a(USBUART.o)
 .debug_aranges
                0x000003c0       0xe8 .\ARM_GCC_541\Debug\RPS_PSOC5_Serial_01.a(USBUART_cdc.o)
 .debug_aranges
                0x000004a8       0x98 .\ARM_GCC_541\Debug\RPS_PSOC5_Serial_01.a(USBUART_drv.o)
 .debug_aranges
                0x00000540       0x40 .\ARM_GCC_541\Debug\RPS_PSOC5_Serial_01.a(USBUART_episr.o)
 .debug_aranges
                0x00000580       0x48 .\ARM_GCC_541\Debug\RPS_PSOC5_Serial_01.a(USBUART_hid.o)
 .debug_aranges
                0x000005c8       0x40 .\ARM_GCC_541\Debug\RPS_PSOC5_Serial_01.a(USBUART_pm.o)
 .debug_aranges
                0x00000608       0x80 .\ARM_GCC_541\Debug\RPS_PSOC5_Serial_01.a(USBUART_std.o)
 .debug_aranges
                0x00000688       0x20 .\ARM_GCC_541\Debug\RPS_PSOC5_Serial_01.a(USBUART_vnd.o)
 .debug_aranges
                0x000006a8       0x38 .\ARM_GCC_541\Debug\RPS_PSOC5_Serial_01.a(I2C_EEPROM.o)
 .debug_aranges
                0x000006e0       0x20 .\ARM_GCC_541\Debug\RPS_PSOC5_Serial_01.a(I2C_EEPROM_INT.o)
 .debug_aranges
                0x00000700       0x38 .\ARM_GCC_541\Debug\RPS_PSOC5_Serial_01.a(I2C_EEPROM_PM.o)
 .debug_aranges
                0x00000738       0x80 .\ARM_GCC_541\Debug\RPS_PSOC5_Serial_01.a(I2C_EEPROM_MASTER.o)
 .debug_aranges
                0x000007b8       0x48 .\ARM_GCC_541\Debug\RPS_PSOC5_Serial_01.a(USBUART_Dp.o)
 .debug_aranges
                0x00000800      0x2a8 .\ARM_GCC_541\Debug\RPS_PSOC5_Serial_01.a(CyLib.o)
 .debug_aranges
                0x00000aa8       0x98 .\ARM_GCC_541\Debug\RPS_PSOC5_Serial_01.a(cyPm.o)
 .debug_aranges
                0x00000b40       0x38 .\ARM_GCC_541\Debug\RPS_PSOC5_Serial_01.a(IO_3.o)
 .debug_aranges
                0x00000b78       0x38 .\ARM_GCC_541\Debug\RPS_PSOC5_Serial_01.a(IO_12.o)
 .debug_aranges
                0x00000bb0       0x38 .\ARM_GCC_541\Debug\RPS_PSOC5_Serial_01.a(IO_13.o)
 .debug_aranges
                0x00000be8       0x38 .\ARM_GCC_541\Debug\RPS_PSOC5_Serial_01.a(IO_6.o)
 .debug_aranges
                0x00000c20       0x38 .\ARM_GCC_541\Debug\RPS_PSOC5_Serial_01.a(IO_16.o)
 .debug_aranges
                0x00000c58       0x38 .\ARM_GCC_541\Debug\RPS_PSOC5_Serial_01.a(IO_2.o)
 .debug_aranges
                0x00000c90       0x38 .\ARM_GCC_541\Debug\RPS_PSOC5_Serial_01.a(IO_14.o)
 .debug_aranges
                0x00000cc8       0x38 .\ARM_GCC_541\Debug\RPS_PSOC5_Serial_01.a(IO_5.o)
 .debug_aranges
                0x00000d00       0x38 .\ARM_GCC_541\Debug\RPS_PSOC5_Serial_01.a(IO_19.o)
 .debug_aranges
                0x00000d38       0x38 .\ARM_GCC_541\Debug\RPS_PSOC5_Serial_01.a(IO_20.o)
 .debug_aranges
                0x00000d70       0x38 .\ARM_GCC_541\Debug\RPS_PSOC5_Serial_01.a(IO_26.o)
 .debug_aranges
                0x00000da8       0x38 .\ARM_GCC_541\Debug\RPS_PSOC5_Serial_01.a(IO_21.o)
 .debug_aranges
                0x00000de0       0x38 .\ARM_GCC_541\Debug\RPS_PSOC5_Serial_01.a(IO_17.o)
 .debug_aranges
                0x00000e18       0x38 .\ARM_GCC_541\Debug\RPS_PSOC5_Serial_01.a(IO_18.o)
 .debug_aranges
                0x00000e50       0x38 .\ARM_GCC_541\Debug\RPS_PSOC5_Serial_01.a(IO_27.o)
 .debug_aranges
                0x00000e88       0x38 .\ARM_GCC_541\Debug\RPS_PSOC5_Serial_01.a(IO_22.o)
 .debug_aranges
                0x00000ec0       0x38 .\ARM_GCC_541\Debug\RPS_PSOC5_Serial_01.a(IO_23.o)
 .debug_aranges
                0x00000ef8       0x38 .\ARM_GCC_541\Debug\RPS_PSOC5_Serial_01.a(IO_24.o)
 .debug_aranges
                0x00000f30       0x38 .\ARM_GCC_541\Debug\RPS_PSOC5_Serial_01.a(IO_7.o)
 .debug_aranges
                0x00000f68       0x38 .\ARM_GCC_541\Debug\RPS_PSOC5_Serial_01.a(IO_15.o)
 .debug_aranges
                0x00000fa0       0x38 .\ARM_GCC_541\Debug\RPS_PSOC5_Serial_01.a(IO_4.o)
 .debug_aranges
                0x00000fd8       0x38 .\ARM_GCC_541\Debug\RPS_PSOC5_Serial_01.a(IO_25.o)
 .debug_aranges
                0x00001010       0x38 .\ARM_GCC_541\Debug\RPS_PSOC5_Serial_01.a(IO_9.o)
 .debug_aranges
                0x00001048       0x38 .\ARM_GCC_541\Debug\RPS_PSOC5_Serial_01.a(IO_10.o)
 .debug_aranges
                0x00001080       0x38 .\ARM_GCC_541\Debug\RPS_PSOC5_Serial_01.a(IO_8.o)
 .debug_aranges
                0x000010b8       0x38 .\ARM_GCC_541\Debug\RPS_PSOC5_Serial_01.a(IO_11.o)
 .debug_aranges
                0x000010f0       0x38 .\ARM_GCC_541\Debug\RPS_PSOC5_Serial_01.a(I2C1.o)
 .debug_aranges
                0x00001128       0x20 .\ARM_GCC_541\Debug\RPS_PSOC5_Serial_01.a(I2C1_INT.o)
 .debug_aranges
                0x00001148       0x80 .\ARM_GCC_541\Debug\RPS_PSOC5_Serial_01.a(I2C1_MASTER.o)
 .debug_aranges
                0x000011c8       0x20 .\ARM_GCC_541\Debug\RPS_PSOC5_Serial_01.a(CyBootAsmGnu.o)
 .debug_aranges
                0x000011e8       0x80 .\ARM_GCC_541\Debug\RPS_PSOC5_Serial_01.a(CyScBoostClk.o)
 .debug_aranges
                0x00001268       0x20 .\ARM_GCC_541\Debug\RPS_PSOC5_Serial_01.a(USBUART_cls.o)
 .debug_aranges
                0x00001288       0x18 .\ARM_GCC_541\Debug\RPS_PSOC5_Serial_01.a(USBUART_descr.o)
 .debug_aranges
                0x000012a0       0x90 .\ARM_GCC_541\Debug\RPS_PSOC5_Serial_01.a(CyFlash.o)
 .debug_aranges
                0x00001330       0x80 .\ARM_GCC_541\Debug\RPS_PSOC5_Serial_01.a(CySpc.o)

.debug_pubnames
 *(.debug_pubnames)

.debug_info     0x00000000     0x9b49
 *(.debug_info .gnu.linkonce.wi.*)
 .debug_info    0x00000000      0x189 .\ARM_GCC_541\Debug\main.o
 .debug_info    0x00000189      0x1a4 .\ARM_GCC_541\Debug\Test_RPP-UIO_16.o
 .debug_info    0x0000032d      0x1d3 .\ARM_GCC_541\Debug\RasPi_Pins.o
 .debug_info    0x00000500      0x3b3 .\ARM_GCC_541\Debug\ExtEEPROM.o
 .debug_info    0x000008b3      0x131 .\ARM_GCC_541\Debug\EEPROM__Images.o
 .debug_info    0x000009e4      0x180 .\ARM_GCC_541\Debug\Test_RASPI_GVS.o
 .debug_info    0x00000b64      0x180 .\ARM_GCC_541\Debug\Test_RASPI_PLUS_GVS.o
 .debug_info    0x00000ce4      0x2c5 .\ARM_GCC_541\Debug\PSoC_Menu.o
 .debug_info    0x00000fa9      0x1ae .\ARM_GCC_541\Debug\Test_RPI_I2C_HUB.o
 .debug_info    0x00001157      0x1f3 .\ARM_GCC_541\Debug\DIGIO8Driver.o
 .debug_info    0x0000134a      0x246 .\ARM_GCC_541\Debug\Debug_Cards.o
 .debug_info    0x00001590      0x191 .\ARM_GCC_541\Debug\Test_RPI_SPI8.o
 .debug_info    0x00001721      0x4d9 .\ARM_GCC_541\Debug\cyfitter_cfg.o
 .debug_info    0x00001bfa      0x134 .\ARM_GCC_541\Debug\cymetadata.o
 .debug_info    0x00001d2e      0x32b .\ARM_GCC_541\Debug\Cm3Start.o
 .debug_info    0x00002059      0x747 .\ARM_GCC_541\Debug\RPS_PSOC5_Serial_01.a(USBUART.o)
 .debug_info    0x000027a0      0x924 .\ARM_GCC_541\Debug\RPS_PSOC5_Serial_01.a(USBUART_cdc.o)
 .debug_info    0x000030c4      0x52d .\ARM_GCC_541\Debug\RPS_PSOC5_Serial_01.a(USBUART_drv.o)
 .debug_info    0x000035f1      0x23b .\ARM_GCC_541\Debug\RPS_PSOC5_Serial_01.a(USBUART_episr.o)
 .debug_info    0x0000382c      0x37b .\ARM_GCC_541\Debug\RPS_PSOC5_Serial_01.a(USBUART_hid.o)
 .debug_info    0x00003ba7      0x18d .\ARM_GCC_541\Debug\RPS_PSOC5_Serial_01.a(USBUART_pm.o)
 .debug_info    0x00003d34      0x961 .\ARM_GCC_541\Debug\RPS_PSOC5_Serial_01.a(USBUART_std.o)
 .debug_info    0x00004695      0x1a9 .\ARM_GCC_541\Debug\RPS_PSOC5_Serial_01.a(USBUART_vnd.o)
 .debug_info    0x0000483e      0x201 .\ARM_GCC_541\Debug\RPS_PSOC5_Serial_01.a(I2C_EEPROM.o)
 .debug_info    0x00004a3f      0x156 .\ARM_GCC_541\Debug\RPS_PSOC5_Serial_01.a(I2C_EEPROM_INT.o)
 .debug_info    0x00004b95      0x19a .\ARM_GCC_541\Debug\RPS_PSOC5_Serial_01.a(I2C_EEPROM_PM.o)
 .debug_info    0x00004d2f      0x3f8 .\ARM_GCC_541\Debug\RPS_PSOC5_Serial_01.a(I2C_EEPROM_MASTER.o)
 .debug_info    0x00005127      0x171 .\ARM_GCC_541\Debug\RPS_PSOC5_Serial_01.a(USBUART_Dp.o)
 .debug_info    0x00005298      0xe88 .\ARM_GCC_541\Debug\RPS_PSOC5_Serial_01.a(CyLib.o)
 .debug_info    0x00006120      0x57a .\ARM_GCC_541\Debug\RPS_PSOC5_Serial_01.a(cyPm.o)
 .debug_info    0x0000669a      0x11e .\ARM_GCC_541\Debug\RPS_PSOC5_Serial_01.a(IO_3.o)
 .debug_info    0x000067b8      0x11e .\ARM_GCC_541\Debug\RPS_PSOC5_Serial_01.a(IO_12.o)
 .debug_info    0x000068d6      0x11e .\ARM_GCC_541\Debug\RPS_PSOC5_Serial_01.a(IO_13.o)
 .debug_info    0x000069f4      0x11e .\ARM_GCC_541\Debug\RPS_PSOC5_Serial_01.a(IO_6.o)
 .debug_info    0x00006b12      0x11e .\ARM_GCC_541\Debug\RPS_PSOC5_Serial_01.a(IO_16.o)
 .debug_info    0x00006c30      0x11e .\ARM_GCC_541\Debug\RPS_PSOC5_Serial_01.a(IO_2.o)
 .debug_info    0x00006d4e      0x11e .\ARM_GCC_541\Debug\RPS_PSOC5_Serial_01.a(IO_14.o)
 .debug_info    0x00006e6c      0x11e .\ARM_GCC_541\Debug\RPS_PSOC5_Serial_01.a(IO_5.o)
 .debug_info    0x00006f8a      0x11e .\ARM_GCC_541\Debug\RPS_PSOC5_Serial_01.a(IO_19.o)
 .debug_info    0x000070a8      0x11e .\ARM_GCC_541\Debug\RPS_PSOC5_Serial_01.a(IO_20.o)
 .debug_info    0x000071c6      0x11e .\ARM_GCC_541\Debug\RPS_PSOC5_Serial_01.a(IO_26.o)
 .debug_info    0x000072e4      0x11e .\ARM_GCC_541\Debug\RPS_PSOC5_Serial_01.a(IO_21.o)
 .debug_info    0x00007402      0x11e .\ARM_GCC_541\Debug\RPS_PSOC5_Serial_01.a(IO_17.o)
 .debug_info    0x00007520      0x11e .\ARM_GCC_541\Debug\RPS_PSOC5_Serial_01.a(IO_18.o)
 .debug_info    0x0000763e      0x11e .\ARM_GCC_541\Debug\RPS_PSOC5_Serial_01.a(IO_27.o)
 .debug_info    0x0000775c      0x11e .\ARM_GCC_541\Debug\RPS_PSOC5_Serial_01.a(IO_22.o)
 .debug_info    0x0000787a      0x11e .\ARM_GCC_541\Debug\RPS_PSOC5_Serial_01.a(IO_23.o)
 .debug_info    0x00007998      0x11e .\ARM_GCC_541\Debug\RPS_PSOC5_Serial_01.a(IO_24.o)
 .debug_info    0x00007ab6      0x11e .\ARM_GCC_541\Debug\RPS_PSOC5_Serial_01.a(IO_7.o)
 .debug_info    0x00007bd4      0x11e .\ARM_GCC_541\Debug\RPS_PSOC5_Serial_01.a(IO_15.o)
 .debug_info    0x00007cf2      0x11e .\ARM_GCC_541\Debug\RPS_PSOC5_Serial_01.a(IO_4.o)
 .debug_info    0x00007e10      0x11e .\ARM_GCC_541\Debug\RPS_PSOC5_Serial_01.a(IO_25.o)
 .debug_info    0x00007f2e      0x11e .\ARM_GCC_541\Debug\RPS_PSOC5_Serial_01.a(IO_9.o)
 .debug_info    0x0000804c      0x11e .\ARM_GCC_541\Debug\RPS_PSOC5_Serial_01.a(IO_10.o)
 .debug_info    0x0000816a      0x11e .\ARM_GCC_541\Debug\RPS_PSOC5_Serial_01.a(IO_8.o)
 .debug_info    0x00008288      0x11e .\ARM_GCC_541\Debug\RPS_PSOC5_Serial_01.a(IO_11.o)
 .debug_info    0x000083a6      0x163 .\ARM_GCC_541\Debug\RPS_PSOC5_Serial_01.a(I2C1.o)
 .debug_info    0x00008509      0x156 .\ARM_GCC_541\Debug\RPS_PSOC5_Serial_01.a(I2C1_INT.o)
 .debug_info    0x0000865f      0x3f8 .\ARM_GCC_541\Debug\RPS_PSOC5_Serial_01.a(I2C1_MASTER.o)
 .debug_info    0x00008a57       0xb6 .\ARM_GCC_541\Debug\RPS_PSOC5_Serial_01.a(CyBootAsmGnu.o)
 .debug_info    0x00008b0d      0x299 .\ARM_GCC_541\Debug\RPS_PSOC5_Serial_01.a(CyScBoostClk.o)
 .debug_info    0x00008da6      0x1c8 .\ARM_GCC_541\Debug\RPS_PSOC5_Serial_01.a(USBUART_cls.o)
 .debug_info    0x00008f6e      0x30b .\ARM_GCC_541\Debug\RPS_PSOC5_Serial_01.a(USBUART_descr.o)
 .debug_info    0x00009279      0x410 .\ARM_GCC_541\Debug\RPS_PSOC5_Serial_01.a(CyFlash.o)
 .debug_info    0x00009689      0x4c0 .\ARM_GCC_541\Debug\RPS_PSOC5_Serial_01.a(CySpc.o)

.debug_abbrev   0x00000000     0x3634
 *(.debug_abbrev)
 .debug_abbrev  0x00000000       0xc2 .\ARM_GCC_541\Debug\main.o
 .debug_abbrev  0x000000c2       0xb7 .\ARM_GCC_541\Debug\Test_RPP-UIO_16.o
 .debug_abbrev  0x00000179       0x9f .\ARM_GCC_541\Debug\RasPi_Pins.o
 .debug_abbrev  0x00000218      0x111 .\ARM_GCC_541\Debug\ExtEEPROM.o
 .debug_abbrev  0x00000329       0x82 .\ARM_GCC_541\Debug\EEPROM__Images.o
 .debug_abbrev  0x000003ab       0x8e .\ARM_GCC_541\Debug\Test_RASPI_GVS.o
 .debug_abbrev  0x00000439       0x8e .\ARM_GCC_541\Debug\Test_RASPI_PLUS_GVS.o
 .debug_abbrev  0x000004c7      0x183 .\ARM_GCC_541\Debug\PSoC_Menu.o
 .debug_abbrev  0x0000064a       0x97 .\ARM_GCC_541\Debug\Test_RPI_I2C_HUB.o
 .debug_abbrev  0x000006e1       0xd3 .\ARM_GCC_541\Debug\DIGIO8Driver.o
 .debug_abbrev  0x000007b4       0xeb .\ARM_GCC_541\Debug\Debug_Cards.o
 .debug_abbrev  0x0000089f       0xa6 .\ARM_GCC_541\Debug\Test_RPI_SPI8.o
 .debug_abbrev  0x00000945      0x1a8 .\ARM_GCC_541\Debug\cyfitter_cfg.o
 .debug_abbrev  0x00000aed       0x5d .\ARM_GCC_541\Debug\cymetadata.o
 .debug_abbrev  0x00000b4a      0x1d6 .\ARM_GCC_541\Debug\Cm3Start.o
 .debug_abbrev  0x00000d20      0x1f3 .\ARM_GCC_541\Debug\RPS_PSOC5_Serial_01.a(USBUART.o)
 .debug_abbrev  0x00000f13      0x233 .\ARM_GCC_541\Debug\RPS_PSOC5_Serial_01.a(USBUART_cdc.o)
 .debug_abbrev  0x00001146      0x161 .\ARM_GCC_541\Debug\RPS_PSOC5_Serial_01.a(USBUART_drv.o)
 .debug_abbrev  0x000012a7       0xfd .\ARM_GCC_541\Debug\RPS_PSOC5_Serial_01.a(USBUART_episr.o)
 .debug_abbrev  0x000013a4      0x15e .\ARM_GCC_541\Debug\RPS_PSOC5_Serial_01.a(USBUART_hid.o)
 .debug_abbrev  0x00001502       0xd1 .\ARM_GCC_541\Debug\RPS_PSOC5_Serial_01.a(USBUART_pm.o)
 .debug_abbrev  0x000015d3      0x1c2 .\ARM_GCC_541\Debug\RPS_PSOC5_Serial_01.a(USBUART_std.o)
 .debug_abbrev  0x00001795       0xc5 .\ARM_GCC_541\Debug\RPS_PSOC5_Serial_01.a(USBUART_vnd.o)
 .debug_abbrev  0x0000185a       0xe2 .\ARM_GCC_541\Debug\RPS_PSOC5_Serial_01.a(I2C_EEPROM.o)
 .debug_abbrev  0x0000193c       0x81 .\ARM_GCC_541\Debug\RPS_PSOC5_Serial_01.a(I2C_EEPROM_INT.o)
 .debug_abbrev  0x000019bd       0xf8 .\ARM_GCC_541\Debug\RPS_PSOC5_Serial_01.a(I2C_EEPROM_PM.o)
 .debug_abbrev  0x00001ab5      0x11e .\ARM_GCC_541\Debug\RPS_PSOC5_Serial_01.a(I2C_EEPROM_MASTER.o)
 .debug_abbrev  0x00001bd3       0x90 .\ARM_GCC_541\Debug\RPS_PSOC5_Serial_01.a(USBUART_Dp.o)
 .debug_abbrev  0x00001c63      0x217 .\ARM_GCC_541\Debug\RPS_PSOC5_Serial_01.a(CyLib.o)
 .debug_abbrev  0x00001e7a      0x161 .\ARM_GCC_541\Debug\RPS_PSOC5_Serial_01.a(cyPm.o)
 .debug_abbrev  0x00001fdb       0x90 .\ARM_GCC_541\Debug\RPS_PSOC5_Serial_01.a(IO_3.o)
 .debug_abbrev  0x0000206b       0x90 .\ARM_GCC_541\Debug\RPS_PSOC5_Serial_01.a(IO_12.o)
 .debug_abbrev  0x000020fb       0x90 .\ARM_GCC_541\Debug\RPS_PSOC5_Serial_01.a(IO_13.o)
 .debug_abbrev  0x0000218b       0x90 .\ARM_GCC_541\Debug\RPS_PSOC5_Serial_01.a(IO_6.o)
 .debug_abbrev  0x0000221b       0x90 .\ARM_GCC_541\Debug\RPS_PSOC5_Serial_01.a(IO_16.o)
 .debug_abbrev  0x000022ab       0x90 .\ARM_GCC_541\Debug\RPS_PSOC5_Serial_01.a(IO_2.o)
 .debug_abbrev  0x0000233b       0x90 .\ARM_GCC_541\Debug\RPS_PSOC5_Serial_01.a(IO_14.o)
 .debug_abbrev  0x000023cb       0x90 .\ARM_GCC_541\Debug\RPS_PSOC5_Serial_01.a(IO_5.o)
 .debug_abbrev  0x0000245b       0x90 .\ARM_GCC_541\Debug\RPS_PSOC5_Serial_01.a(IO_19.o)
 .debug_abbrev  0x000024eb       0x90 .\ARM_GCC_541\Debug\RPS_PSOC5_Serial_01.a(IO_20.o)
 .debug_abbrev  0x0000257b       0x90 .\ARM_GCC_541\Debug\RPS_PSOC5_Serial_01.a(IO_26.o)
 .debug_abbrev  0x0000260b       0x90 .\ARM_GCC_541\Debug\RPS_PSOC5_Serial_01.a(IO_21.o)
 .debug_abbrev  0x0000269b       0x90 .\ARM_GCC_541\Debug\RPS_PSOC5_Serial_01.a(IO_17.o)
 .debug_abbrev  0x0000272b       0x90 .\ARM_GCC_541\Debug\RPS_PSOC5_Serial_01.a(IO_18.o)
 .debug_abbrev  0x000027bb       0x90 .\ARM_GCC_541\Debug\RPS_PSOC5_Serial_01.a(IO_27.o)
 .debug_abbrev  0x0000284b       0x90 .\ARM_GCC_541\Debug\RPS_PSOC5_Serial_01.a(IO_22.o)
 .debug_abbrev  0x000028db       0x90 .\ARM_GCC_541\Debug\RPS_PSOC5_Serial_01.a(IO_23.o)
 .debug_abbrev  0x0000296b       0x90 .\ARM_GCC_541\Debug\RPS_PSOC5_Serial_01.a(IO_24.o)
 .debug_abbrev  0x000029fb       0x90 .\ARM_GCC_541\Debug\RPS_PSOC5_Serial_01.a(IO_7.o)
 .debug_abbrev  0x00002a8b       0x90 .\ARM_GCC_541\Debug\RPS_PSOC5_Serial_01.a(IO_15.o)
 .debug_abbrev  0x00002b1b       0x90 .\ARM_GCC_541\Debug\RPS_PSOC5_Serial_01.a(IO_4.o)
 .debug_abbrev  0x00002bab       0x90 .\ARM_GCC_541\Debug\RPS_PSOC5_Serial_01.a(IO_25.o)
 .debug_abbrev  0x00002c3b       0x90 .\ARM_GCC_541\Debug\RPS_PSOC5_Serial_01.a(IO_9.o)
 .debug_abbrev  0x00002ccb       0x90 .\ARM_GCC_541\Debug\RPS_PSOC5_Serial_01.a(IO_10.o)
 .debug_abbrev  0x00002d5b       0x90 .\ARM_GCC_541\Debug\RPS_PSOC5_Serial_01.a(IO_8.o)
 .debug_abbrev  0x00002deb       0x90 .\ARM_GCC_541\Debug\RPS_PSOC5_Serial_01.a(IO_11.o)
 .debug_abbrev  0x00002e7b       0xb9 .\ARM_GCC_541\Debug\RPS_PSOC5_Serial_01.a(I2C1.o)
 .debug_abbrev  0x00002f34       0x81 .\ARM_GCC_541\Debug\RPS_PSOC5_Serial_01.a(I2C1_INT.o)
 .debug_abbrev  0x00002fb5      0x11e .\ARM_GCC_541\Debug\RPS_PSOC5_Serial_01.a(I2C1_MASTER.o)
 .debug_abbrev  0x000030d3       0x14 .\ARM_GCC_541\Debug\RPS_PSOC5_Serial_01.a(CyBootAsmGnu.o)
 .debug_abbrev  0x000030e7      0x11d .\ARM_GCC_541\Debug\RPS_PSOC5_Serial_01.a(CyScBoostClk.o)
 .debug_abbrev  0x00003204       0xc5 .\ARM_GCC_541\Debug\RPS_PSOC5_Serial_01.a(USBUART_cls.o)
 .debug_abbrev  0x000032c9       0xb4 .\ARM_GCC_541\Debug\RPS_PSOC5_Serial_01.a(USBUART_descr.o)
 .debug_abbrev  0x0000337d      0x14b .\ARM_GCC_541\Debug\RPS_PSOC5_Serial_01.a(CyFlash.o)
 .debug_abbrev  0x000034c8      0x16c .\ARM_GCC_541\Debug\RPS_PSOC5_Serial_01.a(CySpc.o)

.debug_line     0x00000000     0x5b78
 *(.debug_line)
 .debug_line    0x00000000      0x1b3 .\ARM_GCC_541\Debug\main.o
 .debug_line    0x000001b3      0x1e2 .\ARM_GCC_541\Debug\Test_RPP-UIO_16.o
 .debug_line    0x00000395      0x1fb .\ARM_GCC_541\Debug\RasPi_Pins.o
 .debug_line    0x00000590      0x2e2 .\ARM_GCC_541\Debug\ExtEEPROM.o
 .debug_line    0x00000872      0x160 .\ARM_GCC_541\Debug\EEPROM__Images.o
 .debug_line    0x000009d2      0x1c4 .\ARM_GCC_541\Debug\Test_RASPI_GVS.o
 .debug_line    0x00000b96      0x1d2 .\ARM_GCC_541\Debug\Test_RASPI_PLUS_GVS.o
 .debug_line    0x00000d68      0x366 .\ARM_GCC_541\Debug\PSoC_Menu.o
 .debug_line    0x000010ce      0x248 .\ARM_GCC_541\Debug\Test_RPI_I2C_HUB.o
 .debug_line    0x00001316      0x1d2 .\ARM_GCC_541\Debug\DIGIO8Driver.o
 .debug_line    0x000014e8      0x216 .\ARM_GCC_541\Debug\Debug_Cards.o
 .debug_line    0x000016fe      0x1cb .\ARM_GCC_541\Debug\Test_RPI_SPI8.o
 .debug_line    0x000018c9      0x1f8 .\ARM_GCC_541\Debug\cyfitter_cfg.o
 .debug_line    0x00001ac1      0x141 .\ARM_GCC_541\Debug\cymetadata.o
 .debug_line    0x00001c02      0x1dc .\ARM_GCC_541\Debug\Cm3Start.o
 .debug_line    0x00001dde      0x327 .\ARM_GCC_541\Debug\RPS_PSOC5_Serial_01.a(USBUART.o)
 .debug_line    0x00002105      0x30c .\ARM_GCC_541\Debug\RPS_PSOC5_Serial_01.a(USBUART_cdc.o)
 .debug_line    0x00002411      0x21f .\ARM_GCC_541\Debug\RPS_PSOC5_Serial_01.a(USBUART_drv.o)
 .debug_line    0x00002630       0xf2 .\ARM_GCC_541\Debug\RPS_PSOC5_Serial_01.a(USBUART_episr.o)
 .debug_line    0x00002722      0x179 .\ARM_GCC_541\Debug\RPS_PSOC5_Serial_01.a(USBUART_hid.o)
 .debug_line    0x0000289b       0xe6 .\ARM_GCC_541\Debug\RPS_PSOC5_Serial_01.a(USBUART_pm.o)
 .debug_line    0x00002981      0x470 .\ARM_GCC_541\Debug\RPS_PSOC5_Serial_01.a(USBUART_std.o)
 .debug_line    0x00002df1       0x8f .\ARM_GCC_541\Debug\RPS_PSOC5_Serial_01.a(USBUART_vnd.o)
 .debug_line    0x00002e80       0xea .\ARM_GCC_541\Debug\RPS_PSOC5_Serial_01.a(I2C_EEPROM.o)
 .debug_line    0x00002f6a      0x149 .\ARM_GCC_541\Debug\RPS_PSOC5_Serial_01.a(I2C_EEPROM_INT.o)
 .debug_line    0x000030b3       0xc9 .\ARM_GCC_541\Debug\RPS_PSOC5_Serial_01.a(I2C_EEPROM_PM.o)
 .debug_line    0x0000317c      0x1f6 .\ARM_GCC_541\Debug\RPS_PSOC5_Serial_01.a(I2C_EEPROM_MASTER.o)
 .debug_line    0x00003372       0xbf .\ARM_GCC_541\Debug\RPS_PSOC5_Serial_01.a(USBUART_Dp.o)
 .debug_line    0x00003431      0x8b5 .\ARM_GCC_541\Debug\RPS_PSOC5_Serial_01.a(CyLib.o)
 .debug_line    0x00003ce6      0x38e .\ARM_GCC_541\Debug\RPS_PSOC5_Serial_01.a(cyPm.o)
 .debug_line    0x00004074       0x94 .\ARM_GCC_541\Debug\RPS_PSOC5_Serial_01.a(IO_3.o)
 .debug_line    0x00004108       0x95 .\ARM_GCC_541\Debug\RPS_PSOC5_Serial_01.a(IO_12.o)
 .debug_line    0x0000419d       0x95 .\ARM_GCC_541\Debug\RPS_PSOC5_Serial_01.a(IO_13.o)
 .debug_line    0x00004232       0x94 .\ARM_GCC_541\Debug\RPS_PSOC5_Serial_01.a(IO_6.o)
 .debug_line    0x000042c6       0x95 .\ARM_GCC_541\Debug\RPS_PSOC5_Serial_01.a(IO_16.o)
 .debug_line    0x0000435b       0x94 .\ARM_GCC_541\Debug\RPS_PSOC5_Serial_01.a(IO_2.o)
 .debug_line    0x000043ef       0x95 .\ARM_GCC_541\Debug\RPS_PSOC5_Serial_01.a(IO_14.o)
 .debug_line    0x00004484       0x94 .\ARM_GCC_541\Debug\RPS_PSOC5_Serial_01.a(IO_5.o)
 .debug_line    0x00004518       0x95 .\ARM_GCC_541\Debug\RPS_PSOC5_Serial_01.a(IO_19.o)
 .debug_line    0x000045ad       0x95 .\ARM_GCC_541\Debug\RPS_PSOC5_Serial_01.a(IO_20.o)
 .debug_line    0x00004642       0x95 .\ARM_GCC_541\Debug\RPS_PSOC5_Serial_01.a(IO_26.o)
 .debug_line    0x000046d7       0x95 .\ARM_GCC_541\Debug\RPS_PSOC5_Serial_01.a(IO_21.o)
 .debug_line    0x0000476c       0x95 .\ARM_GCC_541\Debug\RPS_PSOC5_Serial_01.a(IO_17.o)
 .debug_line    0x00004801       0x95 .\ARM_GCC_541\Debug\RPS_PSOC5_Serial_01.a(IO_18.o)
 .debug_line    0x00004896       0x95 .\ARM_GCC_541\Debug\RPS_PSOC5_Serial_01.a(IO_27.o)
 .debug_line    0x0000492b       0x95 .\ARM_GCC_541\Debug\RPS_PSOC5_Serial_01.a(IO_22.o)
 .debug_line    0x000049c0       0x95 .\ARM_GCC_541\Debug\RPS_PSOC5_Serial_01.a(IO_23.o)
 .debug_line    0x00004a55       0x95 .\ARM_GCC_541\Debug\RPS_PSOC5_Serial_01.a(IO_24.o)
 .debug_line    0x00004aea       0x94 .\ARM_GCC_541\Debug\RPS_PSOC5_Serial_01.a(IO_7.o)
 .debug_line    0x00004b7e       0x95 .\ARM_GCC_541\Debug\RPS_PSOC5_Serial_01.a(IO_15.o)
 .debug_line    0x00004c13       0x94 .\ARM_GCC_541\Debug\RPS_PSOC5_Serial_01.a(IO_4.o)
 .debug_line    0x00004ca7       0x95 .\ARM_GCC_541\Debug\RPS_PSOC5_Serial_01.a(IO_25.o)
 .debug_line    0x00004d3c       0x94 .\ARM_GCC_541\Debug\RPS_PSOC5_Serial_01.a(IO_9.o)
 .debug_line    0x00004dd0       0x95 .\ARM_GCC_541\Debug\RPS_PSOC5_Serial_01.a(IO_10.o)
 .debug_line    0x00004e65       0x94 .\ARM_GCC_541\Debug\RPS_PSOC5_Serial_01.a(IO_8.o)
 .debug_line    0x00004ef9       0x95 .\ARM_GCC_541\Debug\RPS_PSOC5_Serial_01.a(IO_11.o)
 .debug_line    0x00004f8e       0xc3 .\ARM_GCC_541\Debug\RPS_PSOC5_Serial_01.a(I2C1.o)
 .debug_line    0x00005051      0x13e .\ARM_GCC_541\Debug\RPS_PSOC5_Serial_01.a(I2C1_INT.o)
 .debug_line    0x0000518f      0x212 .\ARM_GCC_541\Debug\RPS_PSOC5_Serial_01.a(I2C1_MASTER.o)
 .debug_line    0x000053a1       0x7d .\ARM_GCC_541\Debug\RPS_PSOC5_Serial_01.a(CyBootAsmGnu.o)
 .debug_line    0x0000541e      0x1cf .\ARM_GCC_541\Debug\RPS_PSOC5_Serial_01.a(CyScBoostClk.o)
 .debug_line    0x000055ed       0x97 .\ARM_GCC_541\Debug\RPS_PSOC5_Serial_01.a(USBUART_cls.o)
 .debug_line    0x00005684       0x61 .\ARM_GCC_541\Debug\RPS_PSOC5_Serial_01.a(USBUART_descr.o)
 .debug_line    0x000056e5      0x242 .\ARM_GCC_541\Debug\RPS_PSOC5_Serial_01.a(CyFlash.o)
 .debug_line    0x00005927      0x251 .\ARM_GCC_541\Debug\RPS_PSOC5_Serial_01.a(CySpc.o)

.debug_frame    0x00000000     0x4810
 *(.debug_frame)
 .debug_frame   0x00000000       0x30 .\ARM_GCC_541\Debug\main.o
 .debug_frame   0x00000030       0x54 .\ARM_GCC_541\Debug\Test_RPP-UIO_16.o
 .debug_frame   0x00000084       0x60 .\ARM_GCC_541\Debug\RasPi_Pins.o
 .debug_frame   0x000000e4       0xb0 .\ARM_GCC_541\Debug\ExtEEPROM.o
 .debug_frame   0x00000194       0x2c .\ARM_GCC_541\Debug\Test_RASPI_GVS.o
 .debug_frame   0x000001c0       0x2c .\ARM_GCC_541\Debug\Test_RASPI_PLUS_GVS.o
 .debug_frame   0x000001ec      0x118 .\ARM_GCC_541\Debug\PSoC_Menu.o
 .debug_frame   0x00000304       0x88 .\ARM_GCC_541\Debug\Test_RPI_I2C_HUB.o
 .debug_frame   0x0000038c       0xd8 .\ARM_GCC_541\Debug\DIGIO8Driver.o
 .debug_frame   0x00000464      0x11c .\ARM_GCC_541\Debug\Debug_Cards.o
 .debug_frame   0x00000580       0x50 .\ARM_GCC_541\Debug\Test_RPI_SPI8.o
 .debug_frame   0x000005d0      0x16c .\ARM_GCC_541\Debug\cyfitter_cfg.o
 .debug_frame   0x0000073c       0xd8 .\ARM_GCC_541\Debug\Cm3Start.o
 .debug_frame   0x00000814      0x380 .\ARM_GCC_541\Debug\RPS_PSOC5_Serial_01.a(USBUART.o)
 .debug_frame   0x00000b94      0x3ec .\ARM_GCC_541\Debug\RPS_PSOC5_Serial_01.a(USBUART_cdc.o)
 .debug_frame   0x00000f80      0x23c .\ARM_GCC_541\Debug\RPS_PSOC5_Serial_01.a(USBUART_drv.o)
 .debug_frame   0x000011bc       0xbc .\ARM_GCC_541\Debug\RPS_PSOC5_Serial_01.a(USBUART_episr.o)
 .debug_frame   0x00001278      0x100 .\ARM_GCC_541\Debug\RPS_PSOC5_Serial_01.a(USBUART_hid.o)
 .debug_frame   0x00001378       0xbc .\ARM_GCC_541\Debug\RPS_PSOC5_Serial_01.a(USBUART_pm.o)
 .debug_frame   0x00001434      0x224 .\ARM_GCC_541\Debug\RPS_PSOC5_Serial_01.a(USBUART_std.o)
 .debug_frame   0x00001658       0x38 .\ARM_GCC_541\Debug\RPS_PSOC5_Serial_01.a(USBUART_vnd.o)
 .debug_frame   0x00001690       0x98 .\ARM_GCC_541\Debug\RPS_PSOC5_Serial_01.a(I2C_EEPROM.o)
 .debug_frame   0x00001728       0x38 .\ARM_GCC_541\Debug\RPS_PSOC5_Serial_01.a(I2C_EEPROM_INT.o)
 .debug_frame   0x00001760       0x94 .\ARM_GCC_541\Debug\RPS_PSOC5_Serial_01.a(I2C_EEPROM_PM.o)
 .debug_frame   0x000017f4      0x208 .\ARM_GCC_541\Debug\RPS_PSOC5_Serial_01.a(I2C_EEPROM_MASTER.o)
 .debug_frame   0x000019fc       0xf4 .\ARM_GCC_541\Debug\RPS_PSOC5_Serial_01.a(USBUART_Dp.o)
 .debug_frame   0x00001af0      0xc34 .\ARM_GCC_541\Debug\RPS_PSOC5_Serial_01.a(CyLib.o)
 .debug_frame   0x00002724      0x234 .\ARM_GCC_541\Debug\RPS_PSOC5_Serial_01.a(cyPm.o)
 .debug_frame   0x00002958       0xa8 .\ARM_GCC_541\Debug\RPS_PSOC5_Serial_01.a(IO_3.o)
 .debug_frame   0x00002a00       0xa8 .\ARM_GCC_541\Debug\RPS_PSOC5_Serial_01.a(IO_12.o)
 .debug_frame   0x00002aa8       0xa8 .\ARM_GCC_541\Debug\RPS_PSOC5_Serial_01.a(IO_13.o)
 .debug_frame   0x00002b50       0xa8 .\ARM_GCC_541\Debug\RPS_PSOC5_Serial_01.a(IO_6.o)
 .debug_frame   0x00002bf8       0xa8 .\ARM_GCC_541\Debug\RPS_PSOC5_Serial_01.a(IO_16.o)
 .debug_frame   0x00002ca0       0xa8 .\ARM_GCC_541\Debug\RPS_PSOC5_Serial_01.a(IO_2.o)
 .debug_frame   0x00002d48       0xa8 .\ARM_GCC_541\Debug\RPS_PSOC5_Serial_01.a(IO_14.o)
 .debug_frame   0x00002df0       0xa8 .\ARM_GCC_541\Debug\RPS_PSOC5_Serial_01.a(IO_5.o)
 .debug_frame   0x00002e98       0xa8 .\ARM_GCC_541\Debug\RPS_PSOC5_Serial_01.a(IO_19.o)
 .debug_frame   0x00002f40       0xa8 .\ARM_GCC_541\Debug\RPS_PSOC5_Serial_01.a(IO_20.o)
 .debug_frame   0x00002fe8       0xa8 .\ARM_GCC_541\Debug\RPS_PSOC5_Serial_01.a(IO_26.o)
 .debug_frame   0x00003090       0xa8 .\ARM_GCC_541\Debug\RPS_PSOC5_Serial_01.a(IO_21.o)
 .debug_frame   0x00003138       0xa8 .\ARM_GCC_541\Debug\RPS_PSOC5_Serial_01.a(IO_17.o)
 .debug_frame   0x000031e0       0xa8 .\ARM_GCC_541\Debug\RPS_PSOC5_Serial_01.a(IO_18.o)
 .debug_frame   0x00003288       0xa8 .\ARM_GCC_541\Debug\RPS_PSOC5_Serial_01.a(IO_27.o)
 .debug_frame   0x00003330       0xa8 .\ARM_GCC_541\Debug\RPS_PSOC5_Serial_01.a(IO_22.o)
 .debug_frame   0x000033d8       0xa8 .\ARM_GCC_541\Debug\RPS_PSOC5_Serial_01.a(IO_23.o)
 .debug_frame   0x00003480       0xa8 .\ARM_GCC_541\Debug\RPS_PSOC5_Serial_01.a(IO_24.o)
 .debug_frame   0x00003528       0xa8 .\ARM_GCC_541\Debug\RPS_PSOC5_Serial_01.a(IO_7.o)
 .debug_frame   0x000035d0       0xa8 .\ARM_GCC_541\Debug\RPS_PSOC5_Serial_01.a(IO_15.o)
 .debug_frame   0x00003678       0xa8 .\ARM_GCC_541\Debug\RPS_PSOC5_Serial_01.a(IO_4.o)
 .debug_frame   0x00003720       0xa8 .\ARM_GCC_541\Debug\RPS_PSOC5_Serial_01.a(IO_25.o)
 .debug_frame   0x000037c8       0xa8 .\ARM_GCC_541\Debug\RPS_PSOC5_Serial_01.a(IO_9.o)
 .debug_frame   0x00003870       0xa8 .\ARM_GCC_541\Debug\RPS_PSOC5_Serial_01.a(IO_10.o)
 .debug_frame   0x00003918       0xa8 .\ARM_GCC_541\Debug\RPS_PSOC5_Serial_01.a(IO_8.o)
 .debug_frame   0x000039c0       0xa8 .\ARM_GCC_541\Debug\RPS_PSOC5_Serial_01.a(IO_11.o)
 .debug_frame   0x00003a68       0x9c .\ARM_GCC_541\Debug\RPS_PSOC5_Serial_01.a(I2C1.o)
 .debug_frame   0x00003b04       0x38 .\ARM_GCC_541\Debug\RPS_PSOC5_Serial_01.a(I2C1_INT.o)
 .debug_frame   0x00003b3c      0x208 .\ARM_GCC_541\Debug\RPS_PSOC5_Serial_01.a(I2C1_MASTER.o)
 .debug_frame   0x00003d44      0x200 .\ARM_GCC_541\Debug\RPS_PSOC5_Serial_01.a(CyScBoostClk.o)
 .debug_frame   0x00003f44       0x38 .\ARM_GCC_541\Debug\RPS_PSOC5_Serial_01.a(USBUART_cls.o)
 .debug_frame   0x00003f7c      0x260 .\ARM_GCC_541\Debug\RPS_PSOC5_Serial_01.a(CyFlash.o)
 .debug_frame   0x000041dc      0x228 .\ARM_GCC_541\Debug\RPS_PSOC5_Serial_01.a(CySpc.o)
 .debug_frame   0x00004404       0x20 c:/program files (x86)/cypress/psoc creator/4.4/psoc creator/import/gnu/arm/5.4.1/bin/../lib/gcc/arm-none-eabi/5.4.1/../../../../arm-none-eabi/lib/armv7-m\libg_nano.a(lib_a-errno.o)
 .debug_frame   0x00004424       0x28 c:/program files (x86)/cypress/psoc creator/4.4/psoc creator/import/gnu/arm/5.4.1/bin/../lib/gcc/arm-none-eabi/5.4.1/../../../../arm-none-eabi/lib/armv7-m\libg_nano.a(lib_a-exit.o)
 .debug_frame   0x0000444c       0x2c c:/program files (x86)/cypress/psoc creator/4.4/psoc creator/import/gnu/arm/5.4.1/bin/../lib/gcc/arm-none-eabi/5.4.1/../../../../arm-none-eabi/lib/armv7-m\libg_nano.a(lib_a-init.o)
 .debug_frame   0x00004478       0x28 c:/program files (x86)/cypress/psoc creator/4.4/psoc creator/import/gnu/arm/5.4.1/bin/../lib/gcc/arm-none-eabi/5.4.1/../../../../arm-none-eabi/lib/armv7-m\libg_nano.a(lib_a-memcpy-stub.o)
 .debug_frame   0x000044a0       0x20 c:/program files (x86)/cypress/psoc creator/4.4/psoc creator/import/gnu/arm/5.4.1/bin/../lib/gcc/arm-none-eabi/5.4.1/../../../../arm-none-eabi/lib/armv7-m\libg_nano.a(lib_a-memset.o)
 .debug_frame   0x000044c0       0x70 c:/program files (x86)/cypress/psoc creator/4.4/psoc creator/import/gnu/arm/5.4.1/bin/../lib/gcc/arm-none-eabi/5.4.1/../../../../arm-none-eabi/lib/armv7-m\libg_nano.a(lib_a-sprintf.o)
 .debug_frame   0x00004530       0x28 c:/program files (x86)/cypress/psoc creator/4.4/psoc creator/import/gnu/arm/5.4.1/bin/../lib/gcc/arm-none-eabi/5.4.1/../../../../arm-none-eabi/lib/armv7-m\libg_nano.a(lib_a-strcat.o)
 .debug_frame   0x00004558       0x90 c:/program files (x86)/cypress/psoc creator/4.4/psoc creator/import/gnu/arm/5.4.1/bin/../lib/gcc/arm-none-eabi/5.4.1/../../../../arm-none-eabi/lib/armv7-m\libg_nano.a(lib_a-nano-svfprintf.o)
 .debug_frame   0x000045e8       0x60 c:/program files (x86)/cypress/psoc creator/4.4/psoc creator/import/gnu/arm/5.4.1/bin/../lib/gcc/arm-none-eabi/5.4.1/../../../../arm-none-eabi/lib/armv7-m\libg_nano.a(lib_a-nano-vfprintf_i.o)
 .debug_frame   0x00004648       0x28 c:/program files (x86)/cypress/psoc creator/4.4/psoc creator/import/gnu/arm/5.4.1/bin/../lib/gcc/arm-none-eabi/5.4.1/../../../../arm-none-eabi/lib/armv7-m\libg_nano.a(lib_a-memchr-stub.o)
 .debug_frame   0x00004670       0x28 c:/program files (x86)/cypress/psoc creator/4.4/psoc creator/import/gnu/arm/5.4.1/bin/../lib/gcc/arm-none-eabi/5.4.1/../../../../arm-none-eabi/lib/armv7-m\libg_nano.a(lib_a-memmove.o)
 .debug_frame   0x00004698       0x38 c:/program files (x86)/cypress/psoc creator/4.4/psoc creator/import/gnu/arm/5.4.1/bin/../lib/gcc/arm-none-eabi/5.4.1/../../../../arm-none-eabi/lib/armv7-m\libg_nano.a(lib_a-nano-freer.o)
 .debug_frame   0x000046d0       0x2c c:/program files (x86)/cypress/psoc creator/4.4/psoc creator/import/gnu/arm/5.4.1/bin/../lib/gcc/arm-none-eabi/5.4.1/../../../../arm-none-eabi/lib/armv7-m\libg_nano.a(lib_a-nano-mallocr.o)
 .debug_frame   0x000046fc       0x3c c:/program files (x86)/cypress/psoc creator/4.4/psoc creator/import/gnu/arm/5.4.1/bin/../lib/gcc/arm-none-eabi/5.4.1/../../../../arm-none-eabi/lib/armv7-m\libg_nano.a(lib_a-nano-reallocr.o)
 .debug_frame   0x00004738       0x2c c:/program files (x86)/cypress/psoc creator/4.4/psoc creator/import/gnu/arm/5.4.1/bin/../lib/gcc/arm-none-eabi/5.4.1/../../../../arm-none-eabi/lib/armv7-m\libg_nano.a(lib_a-sbrkr.o)
 .debug_frame   0x00004764       0x30 c:/program files (x86)/cypress/psoc creator/4.4/psoc creator/import/gnu/arm/5.4.1/bin/../lib/gcc/arm-none-eabi/5.4.1/../../../../arm-none-eabi/lib/armv7-m\libg_nano.a(lib_a-mlock.o)
 .debug_frame   0x00004794       0x20 c:/program files (x86)/cypress/psoc creator/4.4/psoc creator/import/gnu/arm/5.4.1/bin/../lib/gcc/arm-none-eabi/5.4.1/../../../../arm-none-eabi/lib/armv7-m\libg_nano.a(lib_a-nano-msizer.o)
 .debug_frame   0x000047b4       0x5c c:/program files (x86)/cypress/psoc creator/4.4/psoc creator/import/gnu/arm/5.4.1/bin/../lib/gcc/arm-none-eabi/5.4.1/../../../../arm-none-eabi/lib/armv7-m\libg_nano.a(lib_a-reent.o)

.debug_str      0x00000000     0x3d88
 *(.debug_str)
 .debug_str     0x00000000      0x1f6 .\ARM_GCC_541\Debug\main.o
                                0x26c (size before relaxing)
 .debug_str     0x000001f6       0xcd .\ARM_GCC_541\Debug\Test_RPP-UIO_16.o
                                0x293 (size before relaxing)
 .debug_str     0x000002c3       0x3f .\ARM_GCC_541\Debug\RasPi_Pins.o
                                0x2a2 (size before relaxing)
 .debug_str     0x00000302      0x10e .\ARM_GCC_541\Debug\ExtEEPROM.o
                                0x348 (size before relaxing)
 .debug_str     0x00000410       0x11 .\ARM_GCC_541\Debug\EEPROM__Images.o
                                0x211 (size before relaxing)
 .debug_str     0x00000421       0x1e .\ARM_GCC_541\Debug\Test_RASPI_GVS.o
                                0x281 (size before relaxing)
 .debug_str     0x0000043f       0x21 .\ARM_GCC_541\Debug\Test_RASPI_PLUS_GVS.o
                                0x284 (size before relaxing)
 .debug_str     0x00000460       0xdc .\ARM_GCC_541\Debug\PSoC_Menu.o
                                0x348 (size before relaxing)
 .debug_str     0x0000053c       0x78 .\ARM_GCC_541\Debug\Test_RPI_I2C_HUB.o
                                0x247 (size before relaxing)
 .debug_str     0x000005b4       0x9f .\ARM_GCC_541\Debug\DIGIO8Driver.o
                                0x265 (size before relaxing)
 .debug_str     0x00000653       0xa3 .\ARM_GCC_541\Debug\Debug_Cards.o
                                0x2b7 (size before relaxing)
 .debug_str     0x000006f6       0x29 .\ARM_GCC_541\Debug\Test_RPI_SPI8.o
                                0x28c (size before relaxing)
 .debug_str     0x0000071f      0x206 .\ARM_GCC_541\Debug\cyfitter_cfg.o
                                0x3e4 (size before relaxing)
 .debug_str     0x00000925       0x7f .\ARM_GCC_541\Debug\cymetadata.o
                                0x20a (size before relaxing)
 .debug_str     0x000009a4      0x11d .\ARM_GCC_541\Debug\Cm3Start.o
                                0x2fd (size before relaxing)
 .debug_str     0x00000ac1      0x448 .\ARM_GCC_541\Debug\RPS_PSOC5_Serial_01.a(USBUART.o)
                                0x625 (size before relaxing)
 .debug_str     0x00000f09      0x4d9 .\ARM_GCC_541\Debug\RPS_PSOC5_Serial_01.a(USBUART_cdc.o)
                                0x740 (size before relaxing)
 .debug_str     0x000013e2      0x296 .\ARM_GCC_541\Debug\RPS_PSOC5_Serial_01.a(USBUART_drv.o)
                                0x620 (size before relaxing)
 .debug_str     0x00001678       0x80 .\ARM_GCC_541\Debug\RPS_PSOC5_Serial_01.a(USBUART_episr.o)
                                0x2ed (size before relaxing)
 .debug_str     0x000016f8      0x120 .\ARM_GCC_541\Debug\RPS_PSOC5_Serial_01.a(USBUART_hid.o)
                                0x3bb (size before relaxing)
 .debug_str     0x00001818       0xac .\ARM_GCC_541\Debug\RPS_PSOC5_Serial_01.a(USBUART_pm.o)
                                0x291 (size before relaxing)
 .debug_str     0x000018c4      0x29a .\ARM_GCC_541\Debug\RPS_PSOC5_Serial_01.a(USBUART_std.o)
                                0x780 (size before relaxing)
 .debug_str     0x00001b5e       0x5f .\ARM_GCC_541\Debug\RPS_PSOC5_Serial_01.a(USBUART_vnd.o)
                                0x29d (size before relaxing)
 .debug_str     0x00001bbd      0x12f .\ARM_GCC_541\Debug\RPS_PSOC5_Serial_01.a(I2C_EEPROM.o)
                                0x300 (size before relaxing)
 .debug_str     0x00001cec       0xb7 .\ARM_GCC_541\Debug\RPS_PSOC5_Serial_01.a(I2C_EEPROM_INT.o)
                                0x2cb (size before relaxing)
 .debug_str     0x00001da3       0x79 .\ARM_GCC_541\Debug\RPS_PSOC5_Serial_01.a(I2C_EEPROM_PM.o)
                                0x293 (size before relaxing)
 .debug_str     0x00001e1c      0x1d2 .\ARM_GCC_541\Debug\RPS_PSOC5_Serial_01.a(I2C_EEPROM_MASTER.o)
                                0x46b (size before relaxing)
 .debug_str     0x00001fee       0xbe .\ARM_GCC_541\Debug\RPS_PSOC5_Serial_01.a(USBUART_Dp.o)
                                0x267 (size before relaxing)
 .debug_str     0x000020ac      0x813 .\ARM_GCC_541\Debug\RPS_PSOC5_Serial_01.a(CyLib.o)
                                0xa34 (size before relaxing)
 .debug_str     0x000028bf      0x371 .\ARM_GCC_541\Debug\RPS_PSOC5_Serial_01.a(cyPm.o)
                                0x569 (size before relaxing)