Archive member included to satisfy reference by file (symbol)

.\ARM_GCC_541\Debug\RPS_PSOC5_01.a(USBUART.o)
                              .\ARM_GCC_541\Debug\main.o (USBUART_Start)
.\ARM_GCC_541\Debug\RPS_PSOC5_01.a(USBUART_cdc.o)
                              .\ARM_GCC_541\Debug\main.o (USBUART_CDC_Init)
.\ARM_GCC_541\Debug\RPS_PSOC5_01.a(USBUART_drv.o)
                              .\ARM_GCC_541\Debug\RPS_PSOC5_01.a(USBUART.o) (USBUART_EP)
.\ARM_GCC_541\Debug\RPS_PSOC5_01.a(USBUART_episr.o)
                              .\ARM_GCC_541\Debug\RPS_PSOC5_01.a(USBUART.o) (USBUART_EP_1_ISR)
.\ARM_GCC_541\Debug\RPS_PSOC5_01.a(USBUART_hid.o)
                              .\ARM_GCC_541\Debug\RPS_PSOC5_01.a(USBUART.o) (USBUART_hidProtocol)
.\ARM_GCC_541\Debug\RPS_PSOC5_01.a(USBUART_pm.o)
                              .\ARM_GCC_541\Debug\RPS_PSOC5_01.a(USBUART.o) (USBUART_DP_ISR)
.\ARM_GCC_541\Debug\RPS_PSOC5_01.a(USBUART_std.o)
                              .\ARM_GCC_541\Debug\RPS_PSOC5_01.a(USBUART_drv.o) (USBUART_HandleStandardRqst)
.\ARM_GCC_541\Debug\RPS_PSOC5_01.a(USBUART_vnd.o)
                              .\ARM_GCC_541\Debug\RPS_PSOC5_01.a(USBUART_drv.o) (USBUART_HandleVendorRqst)
.\ARM_GCC_541\Debug\RPS_PSOC5_01.a(USBUART_Dp.o)
                              .\ARM_GCC_541\Debug\RPS_PSOC5_01.a(USBUART.o) (USBUART_Dp_ClearInterrupt)
.\ARM_GCC_541\Debug\RPS_PSOC5_01.a(CyLib.o)
                              .\ARM_GCC_541\Debug\Cm3Start.o (CyResetStatus)
.\ARM_GCC_541\Debug\RPS_PSOC5_01.a(cyPm.o)
                              .\ARM_GCC_541\Debug\RPS_PSOC5_01.a(CyLib.o) (CyPmReadStatus)
.\ARM_GCC_541\Debug\RPS_PSOC5_01.a(CyBootAsmGnu.o)
                              .\ARM_GCC_541\Debug\cyfitter_cfg.o (CyDelayCycles)
.\ARM_GCC_541\Debug\RPS_PSOC5_01.a(CyScBoostClk.o)
                              .\ARM_GCC_541\Debug\RPS_PSOC5_01.a(CyLib.o) (CyScBoostClk_Start)
.\ARM_GCC_541\Debug\RPS_PSOC5_01.a(USBUART_cls.o)
                              .\ARM_GCC_541\Debug\RPS_PSOC5_01.a(USBUART_drv.o) (USBUART_DispatchClassRqst)
.\ARM_GCC_541\Debug\RPS_PSOC5_01.a(USBUART_descr.o)
                              .\ARM_GCC_541\Debug\RPS_PSOC5_01.a(USBUART_std.o) (USBUART_DEVICE0_DESCR)
.\ARM_GCC_541\Debug\RPS_PSOC5_01.a(CyFlash.o)
                              .\ARM_GCC_541\Debug\RPS_PSOC5_01.a(cyPm.o) (CyFlash_SetWaitCycles)
.\ARM_GCC_541\Debug\RPS_PSOC5_01.a(CySpc.o)
                              .\ARM_GCC_541\Debug\RPS_PSOC5_01.a(CyFlash.o) (CySpcStart)
c:/program files (x86)/cypress/psoc creator/4.2/psoc creator/import/gnu/arm/5.4.1/bin/../lib/gcc/arm-none-eabi/5.4.1/../../../../arm-none-eabi/lib/armv7-m\libg_nano.a(lib_a-errno.o)
                              .\ARM_GCC_541\Debug\Cm3Start.o (__errno)
c:/program files (x86)/cypress/psoc creator/4.2/psoc creator/import/gnu/arm/5.4.1/bin/../lib/gcc/arm-none-eabi/5.4.1/../../../../arm-none-eabi/lib/armv7-m\libg_nano.a(lib_a-exit.o)
                              c:/program files (x86)/cypress/psoc creator/4.2/psoc creator/import/gnu/arm/5.4.1/bin/../lib/gcc/arm-none-eabi/5.4.1/../../../../arm-none-eabi/lib/armv7-m/crt0.o (exit)
c:/program files (x86)/cypress/psoc creator/4.2/psoc creator/import/gnu/arm/5.4.1/bin/../lib/gcc/arm-none-eabi/5.4.1/../../../../arm-none-eabi/lib/armv7-m\libg_nano.a(lib_a-impure.o)
                              c:/program files (x86)/cypress/psoc creator/4.2/psoc creator/import/gnu/arm/5.4.1/bin/../lib/gcc/arm-none-eabi/5.4.1/../../../../arm-none-eabi/lib/armv7-m\libg_nano.a(lib_a-exit.o) (_global_impure_ptr)
c:/program files (x86)/cypress/psoc creator/4.2/psoc creator/import/gnu/arm/5.4.1/bin/../lib/gcc/arm-none-eabi/5.4.1/../../../../arm-none-eabi/lib/armv7-m\libg_nano.a(lib_a-init.o)
                              c:/program files (x86)/cypress/psoc creator/4.2/psoc creator/import/gnu/arm/5.4.1/bin/../lib/gcc/arm-none-eabi/5.4.1/../../../../arm-none-eabi/lib/armv7-m/crt0.o (__libc_init_array)
c:/program files (x86)/cypress/psoc creator/4.2/psoc creator/import/gnu/arm/5.4.1/bin/../lib/gcc/arm-none-eabi/5.4.1/../../../../arm-none-eabi/lib/armv7-m\libg_nano.a(lib_a-memcpy-stub.o)
                              .\ARM_GCC_541\Debug\cyfitter_cfg.o (memcpy)
c:/program files (x86)/cypress/psoc creator/4.2/psoc creator/import/gnu/arm/5.4.1/bin/../lib/gcc/arm-none-eabi/5.4.1/../../../../arm-none-eabi/lib/armv7-m\libg_nano.a(lib_a-memset.o)
                              c:/program files (x86)/cypress/psoc creator/4.2/psoc creator/import/gnu/arm/5.4.1/bin/../lib/gcc/arm-none-eabi/5.4.1/../../../../arm-none-eabi/lib/armv7-m/crt0.o (memset)
c:/program files (x86)/cypress/psoc creator/4.2/psoc creator/import/gnu/arm/5.4.1/bin/../lib/gcc/arm-none-eabi/5.4.1/../../../../arm-none-eabi/lib/armv7-m\libg_nano.a(lib_a-nano-vfprintf_float.o)
                              .\ARM_GCC_541\Debug\main.o (_printf_float)
[...]
Memory Configuration

Name             Origin             Length             Attributes
rom              0x00000000         0x00020000         xr
ram              0x1fffc000         0x00008000         xrw
*default*        0x00000000         0xffffffff

Linker script and memory map

LOAD c:/program files (x86)/cypress/psoc creator/4.2/psoc creator/import/gnu/arm/5.4.1/bin/../lib/gcc/arm-none-eabi/5.4.1/armv7-m/crti.o
LOAD c:/program files (x86)/cypress/psoc creator/4.2/psoc creator/import/gnu/arm/5.4.1/bin/../lib/gcc/arm-none-eabi/5.4.1/armv7-m/crtbegin.o
LOAD c:/program files (x86)/cypress/psoc creator/4.2/psoc creator/import/gnu/arm/5.4.1/bin/../lib/gcc/arm-none-eabi/5.4.1/../../../../arm-none-eabi/lib/armv7-m/crt0.o
START GROUP
LOAD .\ARM_GCC_541\Debug\main.o
LOAD .\ARM_GCC_541\Debug\cyfitter_cfg.o
LOAD .\ARM_GCC_541\Debug\cymetadata.o
LOAD .\ARM_GCC_541\Debug\Cm3Start.o
LOAD .\ARM_GCC_541\Debug\RPS_PSOC5_01.a
LOAD C:\Program Files (x86)\Cypress\PSoC Creator\4.2\PSoC Creator\psoc\content\cycomponentlibrary\CyComponentLibrary.cylib\CortexM3\ARM_GCC_541\Debug\CyComponentLibrary.a
END GROUP
START GROUP
LOAD c:/program files (x86)/cypress/psoc creator/4.2/psoc creator/import/gnu/arm/5.4.1/bin/../lib/gcc/arm-none-eabi/5.4.1/armv7-m\libgcc.a
LOAD c:/program files (x86)/cypress/psoc creator/4.2/psoc creator/import/gnu/arm/5.4.1/bin/../lib/gcc/arm-none-eabi/5.4.1/../../../../arm-none-eabi/lib/armv7-m\libg_nano.a
LOAD c:/program files (x86)/cypress/psoc creator/4.2/psoc creator/import/gnu/arm/5.4.1/bin/../lib/gcc/arm-none-eabi/5.4.1/../../../../arm-none-eabi/lib/armv7-m\libc_nano.a
END GROUP
START GROUP
LOAD c:/program files (x86)/cypress/psoc creator/4.2/psoc creator/import/gnu/arm/5.4.1/bin/../lib/gcc/arm-none-eabi/5.4.1/armv7-m\libgcc.a
LOAD c:/program files (x86)/cypress/psoc creator/4.2/psoc creator/import/gnu/arm/5.4.1/bin/../lib/gcc/arm-none-eabi/5.4.1/../../../../arm-none-eabi/lib/armv7-m\libc_nano.a
END GROUP
LOAD c:/program files (x86)/cypress/psoc creator/4.2/psoc creator/import/gnu/arm/5.4.1/bin/../lib/gcc/arm-none-eabi/5.4.1/armv7-m/crtend.o
LOAD c:/program files (x86)/cypress/psoc creator/4.2/psoc creator/import/gnu/arm/5.4.1/bin/../lib/gcc/arm-none-eabi/5.4.1/armv7-m/crtn.o
START GROUP
LOAD c:/program files (x86)/cypress/psoc creator/4.2/psoc creator/import/gnu/arm/5.4.1/bin/../lib/gcc/arm-none-eabi/5.4.1/armv7-m\libgcc.a
LOAD c:/program files (x86)/cypress/psoc creator/4.2/psoc creator/import/gnu/arm/5.4.1/bin/../lib/gcc/arm-none-eabi/5.4.1/../../../../arm-none-eabi/lib/armv7-m\libc.a
LOAD c:/program files (x86)/cypress/psoc creator/4.2/psoc creator/import/gnu/arm/5.4.1/bin/../lib/gcc/arm-none-eabi/5.4.1/../../../../arm-none-eabi/lib/armv7-m\libnosys.a
END GROUP
                0x00000000                CY_APPL_ORIGIN = 0x0
                0x00000100                CY_FLASH_ROW_SIZE = 0x100
                0x00000020                CY_ECC_ROW_SIZE = 0x20
                0x00000000                CY_EE_IN_BTLDR = 0x0
                0x00000000                CY_APPL_LOADABLE = 0x0
                0x00000800                CY_EE_SIZE = 0x800
                0x00000001                CY_APPL_NUM = 0x1
                0x00000001                CY_APPL_MAX = 0x1
                0x00000040                CY_METADATA_SIZE = 0x40
                0x00000000                CY_APPL_LOADABLE = 0x0
                0x00000000                CY_CHECKSUM_EXCLUDE_SIZE = ALIGN (0x0, CY_FLASH_ROW_SIZE)
                [!provide]                PROVIDE (__cy_heap_start, _end)
                0x00000001                PROVIDE (__cy_region_num, ((__cy_regions_end - __cy_regions) / 0x10))
                0x20004000                PROVIDE (__cy_stack, (ORIGIN (ram) + LENGTH (ram)))
                [!provide]                PROVIDE (__cy_heap_end, (__cy_stack - 0x800))

.cybootloader   0x00000000        0x0
 *(.cybootloader)
                0x00000000                appl1_start = CY_APPL_ORIGIN?CY_APPL_ORIGIN:ALIGN (CY_FLASH_ROW_SIZE)
                0x0000ff00                appl2_start = (appl1_start + ALIGN ((((LENGTH (rom) - appl1_start) - (0x2 * CY_FLASH_ROW_SIZE)) / 0x2), CY_FLASH_ROW_SIZE))
                0x00000000                appl_start = (CY_APPL_NUM == 0x1)?appl1_start:appl2_start
                0x00000000                ecc_offset = ((appl_start / CY_FLASH_ROW_SIZE) * CY_ECC_ROW_SIZE)
                0x00000000                ee_offset = (CY_APPL_LOADABLE && ! (CY_EE_IN_BTLDR))?((CY_EE_SIZE / CY_APPL_MAX) * (CY_APPL_NUM - 0x1)):0x0
                0x00000800                ee_size = (CY_APPL_LOADABLE && ! (CY_EE_IN_BTLDR))?(CY_EE_SIZE / CY_APPL_MAX):CY_EE_SIZE
                [!provide]                PROVIDE (CY_ECC_OFFSET, ecc_offset)

.text           0x00000000     0x5a68
 CREATE_OBJECT_SYMBOLS
                0x00000000                PROVIDE (__cy_interrupt_vector, RomVectors)
 *(.romvectors)
 .romvectors    0x00000000       0x10 .\ARM_GCC_541\Debug\Cm3Start.o
                0x00000000                RomVectors
                0x00000001                ASSERT ((. != __cy_interrupt_vector), No interrupt vector)
                0x00000001                ASSERT (CY_APPL_ORIGIN?(SIZEOF (.cybootloader) <= CY_APPL_ORIGIN):0x1, Wrong image location)
                0x00000010                PROVIDE (__cy_reset, Reset)
 *(.text.Reset)
 .text.Reset    0x00000010       0x18 .\ARM_GCC_541\Debug\Cm3Start.o
                0x00000010                Reset
                0x00000001                ASSERT ((. != __cy_reset), No reset code)
 *(.dma_init)
                0x00000001                ASSERT ((((appl_start + .) <= 0x10000) || 0x1), DMA Init must be within the first 64k of flash)
 *(.text .text.* .gnu.linkonce.t.*)
 .text          0x00000028       0x5c c:/program files (x86)/cypress/psoc creator/4.2/psoc creator/import/gnu/arm/5.4.1/bin/../lib/gcc/arm-none-eabi/5.4.1/armv7-m/crtbegin.o
 .text.main     0x00000084      0x144 .\ARM_GCC_541\Debug\main.o
                0x00000084                main
 .text.CYMEMZERO
                0x000001c8       0x1c .\ARM_GCC_541\Debug\cyfitter_cfg.o
 .text.CYCONFIGCPY
                0x000001e4       0x20 .\ARM_GCC_541\Debug\cyfitter_cfg.o
 .text.CYCONFIGCPYCODE
                0x00000204       0x20 .\ARM_GCC_541\Debug\cyfitter_cfg.o
 .text.CyClockStartupError
                0x00000224        0xc .\ARM_GCC_541\Debug\cyfitter_cfg.o
 .text.cfg_write_bytes32
                0x00000230       0x74 .\ARM_GCC_541\Debug\cyfitter_cfg.o
 .text.ClockSetup
                0x000002a4      0x118 .\ARM_GCC_541\Debug\cyfitter_cfg.o
 .text.AnalogSetDefault
                0x000003bc       0x44 .\ARM_GCC_541\Debug\cyfitter_cfg.o
 .text.cyfitter_cfg
                0x00000400      0x1d0 .\ARM_GCC_541\Debug\cyfitter_cfg.o
                0x00000400                cyfitter_cfg
 .text.IntDefaultHandler
                0x000005d0       0x14 .\ARM_GCC_541\Debug\Cm3Start.o
                0x000005d0                IntDefaultHandler
 .text._sbrk    0x000005e4       0x50 .\ARM_GCC_541\Debug\Cm3Start.o
                0x000005e4                _sbrk
 .text.Start_c  0x00000634       0x98 .\ARM_GCC_541\Debug\Cm3Start.o
                0x00000634                Start_c
 .text.initialize_psoc
                0x000006cc       0x90 .\ARM_GCC_541\Debug\Cm3Start.o
                0x000006cc                initialize_psoc
 .text.USBUART_Start
                0x0000075c       0x3c .\ARM_GCC_541\Debug\RPS_PSOC5_01.a(USBUART.o)
                0x0000075c                USBUART_Start
 .text.USBUART_Init
                0x00000798      0x1a4 .\ARM_GCC_541\Debug\RPS_PSOC5_01.a(USBUART.o)
                0x00000798                USBUART_Init
 .text.USBUART_InitComponent
                0x0000093c      0x120 .\ARM_GCC_541\Debug\RPS_PSOC5_01.a(USBUART.o)
                0x0000093c                USBUART_InitComponent
 .text.USBUART_ReInitComponent
                0x00000a5c       0x88 .\ARM_GCC_541\Debug\RPS_PSOC5_01.a(USBUART.o)
                0x00000a5c                USBUART_ReInitComponent
 .text.USBUART_GetConfiguration
                0x00000ae4       0x18 .\ARM_GCC_541\Debug\RPS_PSOC5_01.a(USBUART.o)
                0x00000ae4                USBUART_GetConfiguration
 .text.USBUART_IsConfigurationChanged
                0x00000afc       0x30 .\ARM_GCC_541\Debug\RPS_PSOC5_01.a(USBUART.o)
                0x00000afc                USBUART_IsConfigurationChanged
 .text.USBUART_GetEPState
                0x00000b2c       0x2c .\ARM_GCC_541\Debug\RPS_PSOC5_01.a(USBUART.o)
                0x00000b2c                USBUART_GetEPState
 .text.USBUART_GetEPCount
                0x00000b58       0x60 .\ARM_GCC_541\Debug\RPS_PSOC5_01.a(USBUART.o)
                0x00000b58                USBUART_GetEPCount
 .text.USBUART_LoadInEP
                0x00000bb8      0x108 .\ARM_GCC_541\Debug\RPS_PSOC5_01.a(USBUART.o)
                0x00000bb8                USBUART_LoadInEP
 .text.USBUART_ReadOutEP
                0x00000cc0       0x8c .\ARM_GCC_541\Debug\RPS_PSOC5_01.a(USBUART.o)
                0x00000cc0                USBUART_ReadOutEP
 .text.USBUART_EnableOutEP
                0x00000d4c       0x5c .\ARM_GCC_541\Debug\RPS_PSOC5_01.a(USBUART.o)
                0x00000d4c                USBUART_EnableOutEP
 .text.USBUART_DispatchCDCClassRqst
                0x00000da8       0xe4 .\ARM_GCC_541\Debug\RPS_PSOC5_01.a(USBUART_cdc.o)
                0x00000da8                USBUART_DispatchCDCClassRqst
 .text.USBUART_GetInterfaceComPort
                0x00000e8c       0x60 .\ARM_GCC_541\Debug\RPS_PSOC5_01.a(USBUART_cdc.o)
                0x00000e8c                USBUART_GetInterfaceComPort
 .text.USBUART_CDC_Init
                0x00000eec       0xa8 .\ARM_GCC_541\Debug\RPS_PSOC5_01.a(USBUART_cdc.o)
                0x00000eec                USBUART_CDC_Init
 .text.USBUART_PutData
                0x00000f94       0x6c .\ARM_GCC_541\Debug\RPS_PSOC5_01.a(USBUART_cdc.o)
                0x00000f94                USBUART_PutData
 .text.USBUART_DataIsReady
                0x00001000       0x24 .\ARM_GCC_541\Debug\RPS_PSOC5_01.a(USBUART_cdc.o)
                0x00001000                USBUART_DataIsReady
 .text.USBUART_CDCIsReady
                0x00001024       0x24 .\ARM_GCC_541\Debug\RPS_PSOC5_01.a(USBUART_cdc.o)
                0x00001024                USBUART_CDCIsReady
 .text.USBUART_GetAll
                0x00001048       0x4c .\ARM_GCC_541\Debug\RPS_PSOC5_01.a(USBUART_cdc.o)
                0x00001048                USBUART_GetAll
 .text.USBUART_IsLineChanged
                0x00001094       0x54 .\ARM_GCC_541\Debug\RPS_PSOC5_01.a(USBUART_cdc.o)
                0x00001094                USBUART_IsLineChanged
 .text.USBUART_GetDTERate
                0x000010e8       0x8c .\ARM_GCC_541\Debug\RPS_PSOC5_01.a(USBUART_cdc.o)
                0x000010e8                USBUART_GetDTERate
 .text.USBUART_GetCharFormat
                0x00001174       0x2c .\ARM_GCC_541\Debug\RPS_PSOC5_01.a(USBUART_cdc.o)
                0x00001174                USBUART_GetCharFormat
 .text.USBUART_GetParityType
                0x000011a0       0x2c .\ARM_GCC_541\Debug\RPS_PSOC5_01.a(USBUART_cdc.o)
                0x000011a0                USBUART_GetParityType
 .text.USBUART_GetDataBits
                0x000011cc       0x2c .\ARM_GCC_541\Debug\RPS_PSOC5_01.a(USBUART_cdc.o)
                0x000011cc                USBUART_GetDataBits
 .text.USBUART_GetLineControl
                0x000011f8       0x24 .\ARM_GCC_541\Debug\RPS_PSOC5_01.a(USBUART_cdc.o)
                0x000011f8                USBUART_GetLineControl
 .text.USBUART_Cdc_EpInit
                0x0000121c       0x90 .\ARM_GCC_541\Debug\RPS_PSOC5_01.a(USBUART_cdc.o)
                0x0000121c                USBUART_Cdc_EpInit
 .text.USBUART_EP_0_ISR
                0x000012ac       0xf8 .\ARM_GCC_541\Debug\RPS_PSOC5_01.a(USBUART_drv.o)
                0x000012ac                USBUART_EP_0_ISR
 .text.USBUART_HandleSetup
                0x000013a4       0x88 .\ARM_GCC_541\Debug\RPS_PSOC5_01.a(USBUART_drv.o)
                0x000013a4                USBUART_HandleSetup
 .text.USBUART_HandleIN
                0x0000142c       0x4c .\ARM_GCC_541\Debug\RPS_PSOC5_01.a(USBUART_drv.o)
                0x0000142c                USBUART_HandleIN
 .text.USBUART_HandleOUT
                0x00001478       0x58 .\ARM_GCC_541\Debug\RPS_PSOC5_01.a(USBUART_drv.o)
                0x00001478                USBUART_HandleOUT
 .text.USBUART_LoadEP0
                0x000014d0       0xd0 .\ARM_GCC_541\Debug\RPS_PSOC5_01.a(USBUART_drv.o)
                0x000014d0                USBUART_LoadEP0
 .text.USBUART_InitControlRead
                0x000015a0       0x70 .\ARM_GCC_541\Debug\RPS_PSOC5_01.a(USBUART_drv.o)
                0x000015a0                USBUART_InitControlRead
 .text.USBUART_InitZeroLengthControlTransfer
                0x00001610       0x40 .\ARM_GCC_541\Debug\RPS_PSOC5_01.a(USBUART_drv.o)
                0x00001610                USBUART_InitZeroLengthControlTransfer
 .text.USBUART_ControlReadDataStage
                0x00001650        0xc .\ARM_GCC_541\Debug\RPS_PSOC5_01.a(USBUART_drv.o)
                0x00001650                USBUART_ControlReadDataStage
 .text.USBUART_ControlReadStatusStage
                0x0000165c       0x40 .\ARM_GCC_541\Debug\RPS_PSOC5_01.a(USBUART_drv.o)
                0x0000165c                USBUART_ControlReadStatusStage
 .text.USBUART_InitControlWrite
                0x0000169c       0x64 .\ARM_GCC_541\Debug\RPS_PSOC5_01.a(USBUART_drv.o)
                0x0000169c                USBUART_InitControlWrite
 .text.USBUART_ControlWriteDataStage
                0x00001700       0xb4 .\ARM_GCC_541\Debug\RPS_PSOC5_01.a(USBUART_drv.o)
                0x00001700                USBUART_ControlWriteDataStage
 .text.USBUART_ControlWriteStatusStage
                0x000017b4       0x24 .\ARM_GCC_541\Debug\RPS_PSOC5_01.a(USBUART_drv.o)
                0x000017b4                USBUART_ControlWriteStatusStage
 .text.USBUART_InitNoDataControlTransfer
                0x000017d8       0x38 .\ARM_GCC_541\Debug\RPS_PSOC5_01.a(USBUART_drv.o)
                0x000017d8                USBUART_InitNoDataControlTransfer
 .text.USBUART_NoDataControlStatusStage
                0x00001810       0x4c .\ARM_GCC_541\Debug\RPS_PSOC5_01.a(USBUART_drv.o)
                0x00001810                USBUART_NoDataControlStatusStage
 .text.USBUART_UpdateStatusBlock
                0x0000185c       0x40 .\ARM_GCC_541\Debug\RPS_PSOC5_01.a(USBUART_drv.o)
                0x0000185c                USBUART_UpdateStatusBlock
 .text.USBUART_InitializeStatusBlock
                0x0000189c       0x34 .\ARM_GCC_541\Debug\RPS_PSOC5_01.a(USBUART_drv.o)
                0x0000189c                USBUART_InitializeStatusBlock
 .text.USBUART_EP_1_ISR
                0x000018d0       0x48 .\ARM_GCC_541\Debug\RPS_PSOC5_01.a(USBUART_episr.o)
                0x000018d0                USBUART_EP_1_ISR
 .text.USBUART_EP_2_ISR
                0x00001918       0x4c .\ARM_GCC_541\Debug\RPS_PSOC5_01.a(USBUART_episr.o)
                0x00001918                USBUART_EP_2_ISR
 .text.USBUART_EP_3_ISR
                0x00001964       0x54 .\ARM_GCC_541\Debug\RPS_PSOC5_01.a(USBUART_episr.o)
                0x00001964                USBUART_EP_3_ISR
 .text.USBUART_SOF_ISR
                0x000019b8        0xc .\ARM_GCC_541\Debug\RPS_PSOC5_01.a(USBUART_episr.o)
                0x000019b8                USBUART_SOF_ISR
 .text.USBUART_BUS_RESET_ISR
                0x000019c4        0xc .\ARM_GCC_541\Debug\RPS_PSOC5_01.a(USBUART_episr.o)
                0x000019c4                USBUART_BUS_RESET_ISR
 .text.USBUART_DispatchHIDClassRqst
                0x000019d0      0x1e4 .\ARM_GCC_541\Debug\RPS_PSOC5_01.a(USBUART_hid.o)
                0x000019d0                USBUART_DispatchHIDClassRqst
 .text.USBUART_FindHidClassDecriptor
                0x00001bb4       0x7c .\ARM_GCC_541\Debug\RPS_PSOC5_01.a(USBUART_hid.o)
                0x00001bb4                USBUART_FindHidClassDecriptor
 .text.USBUART_FindReportDescriptor
                0x00001c30       0x90 .\ARM_GCC_541\Debug\RPS_PSOC5_01.a(USBUART_hid.o)
                0x00001c30                USBUART_FindReportDescriptor
 .text.USBUART_FindReport
                0x00001cc0       0xcc .\ARM_GCC_541\Debug\RPS_PSOC5_01.a(USBUART_hid.o)
                0x00001cc0                USBUART_FindReport
 .text.USBUART_DP_ISR
                0x00001d8c        0xc .\ARM_GCC_541\Debug\RPS_PSOC5_01.a(USBUART_pm.o)
                0x00001d8c                USBUART_DP_ISR
 .text.USBUART_HandleStandardRqst
                0x00001d98      0x4a4 .\ARM_GCC_541\Debug\RPS_PSOC5_01.a(USBUART_std.o)
                0x00001d98                USBUART_HandleStandardRqst
 .text.USBUART_ReadDieID
                0x0000223c       0xd8 .\ARM_GCC_541\Debug\RPS_PSOC5_01.a(USBUART_std.o)
                0x0000223c                USBUART_ReadDieID
 .text.USBUART_ConfigReg
                0x00002314      0x138 .\ARM_GCC_541\Debug\RPS_PSOC5_01.a(USBUART_std.o)
                0x00002314                USBUART_ConfigReg
 .text.USBUART_Config
                0x0000244c      0x3a4 .\ARM_GCC_541\Debug\RPS_PSOC5_01.a(USBUART_std.o)
                0x0000244c                USBUART_Config
 .text.USBUART_ConfigAltChanged
                0x000027f0      0x25c .\ARM_GCC_541\Debug\RPS_PSOC5_01.a(USBUART_std.o)
                0x000027f0                USBUART_ConfigAltChanged
 .text.USBUART_GetConfigTablePtr
                0x00002a4c       0x50 .\ARM_GCC_541\Debug\RPS_PSOC5_01.a(USBUART_std.o)
                0x00002a4c                USBUART_GetConfigTablePtr
 .text.USBUART_GetDeviceTablePtr
                0x00002a9c       0x24 .\ARM_GCC_541\Debug\RPS_PSOC5_01.a(USBUART_std.o)
                0x00002a9c                USBUART_GetDeviceTablePtr
 .text.USBUART_GetInterfaceClassTablePtr
                0x00002ac0       0x4c .\ARM_GCC_541\Debug\RPS_PSOC5_01.a(USBUART_std.o)
                0x00002ac0                USBUART_GetInterfaceClassTablePtr
 .text.USBUART_SetEndpointHalt
                0x00002b0c       0xe8 .\ARM_GCC_541\Debug\RPS_PSOC5_01.a(USBUART_std.o)
                0x00002b0c                USBUART_SetEndpointHalt
 .text.USBUART_ClearEndpointHalt
                0x00002bf4      0x148 .\ARM_GCC_541\Debug\RPS_PSOC5_01.a(USBUART_std.o)
                0x00002bf4                USBUART_ClearEndpointHalt
 .text.USBUART_ValidateAlternateSetting
                0x00002d3c       0x70 .\ARM_GCC_541\Debug\RPS_PSOC5_01.a(USBUART_std.o)
                0x00002d3c                USBUART_ValidateAlternateSetting
 .text.USBUART_HandleVendorRqst
                0x00002dac       0x54 .\ARM_GCC_541\Debug\RPS_PSOC5_01.a(USBUART_vnd.o)
                0x00002dac                USBUART_HandleVendorRqst
 .text.USBUART_Dp_ClearInterrupt
                0x00002e00       0x20 .\ARM_GCC_541\Debug\RPS_PSOC5_01.a(USBUART_Dp.o)
                0x00002e00                USBUART_Dp_ClearInterrupt
 .text.CyHalt   0x00002e20       0x18 .\ARM_GCC_541\Debug\RPS_PSOC5_01.a(CyLib.o)
                0x00002e20                CyHalt
 .text.CyDelayUs
                0x00002e38       0x28 .\ARM_GCC_541\Debug\RPS_PSOC5_01.a(CyLib.o)
                0x00002e38                CyDelayUs
 .text.CyIntSetVector
                0x00002e60       0x50 .\ARM_GCC_541\Debug\RPS_PSOC5_01.a(CyLib.o)
                0x00002e60                CyIntSetVector
 .text.CyIntSetPriority
                0x00002eb0       0x48 .\ARM_GCC_541\Debug\RPS_PSOC5_01.a(CyLib.o)
                0x00002eb0                CyIntSetPriority
 .text.CyGetUniqueId
                0x00002ef8       0xc4 .\ARM_GCC_541\Debug\RPS_PSOC5_01.a(CyLib.o)
                0x00002ef8                CyGetUniqueId
 *fill*         0x00002fbc        0x4 
 .text          0x00002fc0       0x54 .\ARM_GCC_541\Debug\RPS_PSOC5_01.a(CyBootAsmGnu.o)
                0x00002fc0                CyDelayCycles
                0x00002ffe                CyEnterCriticalSection
                0x00003006                CyExitCriticalSection
 .text.USBUART_DispatchClassRqst
                0x00003014       0x88 .\ARM_GCC_541\Debug\RPS_PSOC5_01.a(USBUART_cls.o)
                0x00003014                USBUART_DispatchClassRqst
 .text.__errno  0x0000309c        0xc c:/program files (x86)/cypress/psoc creator/4.2/psoc creator/import/gnu/arm/5.4.1/bin/../lib/gcc/arm-none-eabi/5.4.1/../../../../arm-none-eabi/lib/armv7-m\libg_nano.a(lib_a-errno.o)
                0x0000309c                __errno
 .text.__libc_init_array
                0x000030a8       0x4c c:/program files (x86)/cypress/psoc creator/4.2/psoc creator/import/gnu/arm/5.4.1/bin/../lib/gcc/arm-none-eabi/5.4.1/../../../../arm-none-eabi/lib/armv7-m\libg_nano.a(lib_a-init.o)
                0x000030a8                __libc_init_array
 .text.memcpy   0x000030f4       0x16 c:/program files (x86)/cypress/psoc creator/4.2/psoc creator/import/gnu/arm/5.4.1/bin/../lib/gcc/arm-none-eabi/5.4.1/../../../../arm-none-eabi/lib/armv7-m\libg_nano.a(lib_a-memcpy-stub.o)
                0x000030f4                memcpy
 .text.memset   0x0000310a       0x10 c:/program files (x86)/cypress/psoc creator/4.2/psoc creator/import/gnu/arm/5.4.1/bin/../lib/gcc/arm-none-eabi/5.4.1/../../../../arm-none-eabi/lib/armv7-m\libg_nano.a(lib_a-memset.o)
                0x0000310a                memset
 .text.__cvt    0x0000311a       0xc0 c:/program files (x86)/cypress/psoc creator/4.2/psoc creator/import/gnu/arm/5.4.1/bin/../lib/gcc/arm-none-eabi/5.4.1/../../../../arm-none-eabi/lib/armv7-m\libg_nano.a(lib_a-nano-vfprintf_float.o)
                0x0000311a                __cvt
 .text.__exponent
                0x000031da       0x62 c:/program files (x86)/cypress/psoc creator/4.2/psoc creator/import/gnu/arm/5.4.1/bin/../lib/gcc/arm-none-eabi/5.4.1/../../../../arm-none-eabi/lib/armv7-m\libg_nano.a(lib_a-nano-vfprintf_float.o)
                0x000031da                __exponent
 .text._printf_float
                0x0000323c      0x488 c:/program files (x86)/cypress/psoc creator/4.2/psoc creator/import/gnu/arm/5.4.1/bin/../lib/gcc/arm-none-eabi/5.4.1/../../../../arm-none-eabi/lib/armv7-m\libg_nano.a(lib_a-nano-vfprintf_float.o)
                0x0000323c                _printf_float
 .text._printf_common
                0x000036c4       0xec c:/program files (x86)/cypress/psoc creator/4.2/psoc creator/import/gnu/arm/5.4.1/bin/../lib/gcc/arm-none-eabi/5.4.1/../../../../arm-none-eabi/lib/armv7-m\libg_nano.a(lib_a-nano-vfprintf_i.o)
                0x000036c4                _printf_common
 .text._printf_i
                0x000037b0      0x24c c:/program files (x86)/cypress/psoc creator/4.2/psoc creator/import/gnu/arm/5.4.1/bin/../lib/gcc/arm-none-eabi/5.4.1/../../../../arm-none-eabi/lib/armv7-m\libg_nano.a(lib_a-nano-vfprintf_i.o)
                0x000037b0                _printf_i
 .text.sprintf  0x000039fc       0x48 c:/program files (x86)/cypress/psoc creator/4.2/psoc creator/import/gnu/arm/5.4.1/bin/../lib/gcc/arm-none-eabi/5.4.1/../../../../arm-none-eabi/lib/armv7-m\libg_nano.a(lib_a-sprintf.o)
                0x000039fc                siprintf
                0x000039fc                sprintf
 .text          0x00003a44       0x10 c:/program files (x86)/cypress/psoc creator/4.2/psoc creator/import/gnu/arm/5.4.1/bin/../lib/gcc/arm-none-eabi/5.4.1/../../../../arm-none-eabi/lib/armv7-m\libg_nano.a(lib_a-strlen.o)
                0x00003a44                strlen
 .text.quorem   0x00003a54      0x116 c:/program files (x86)/cypress/psoc creator/4.2/psoc creator/import/gnu/arm/5.4.1/bin/../lib/gcc/arm-none-eabi/5.4.1/../../../../arm-none-eabi/lib/armv7-m\libg_nano.a(lib_a-dtoa.o)
 *fill*         0x00003b6a        0x6 
 .text._dtoa_r  0x00003b70      0xb30 c:/program files (x86)/cypress/psoc creator/4.2/psoc creator/import/gnu/arm/5.4.1/bin/../lib/gcc/arm-none-eabi/5.4.1/../../../../arm-none-eabi/lib/armv7-m\libg_nano.a(lib_a-dtoa.o)
                0x00003b70                _dtoa_r
 .text._localeconv_r
                0x000046a0        0x8 c:/program files (x86)/cypress/psoc creator/4.2/psoc creator/import/gnu/arm/5.4.1/bin/../lib/gcc/arm-none-eabi/5.4.1/../../../../arm-none-eabi/lib/armv7-m\libg_nano.a(lib_a-locale.o)
                0x000046a0                _localeconv_r
 .text.malloc   0x000046a8       0x10 c:/program files (x86)/cypress/psoc creator/4.2/psoc creator/import/gnu/arm/5.4.1/bin/../lib/gcc/arm-none-eabi/5.4.1/../../../../arm-none-eabi/lib/armv7-m\libg_nano.a(lib_a-malloc.o)
                0x000046a8                malloc
 .text.memchr   0x000046b8       0x1c c:/program files (x86)/cypress/psoc creator/4.2/psoc creator/import/gnu/arm/5.4.1/bin/../lib/gcc/arm-none-eabi/5.4.1/../../../../arm-none-eabi/lib/armv7-m\libg_nano.a(lib_a-memchr-stub.o)
                0x000046b8                memchr
 .text._Balloc  0x000046d4       0x6a c:/program files (x86)/cypress/psoc creator/4.2/psoc creator/import/gnu/arm/5.4.1/bin/../lib/gcc/arm-none-eabi/5.4.1/../../../../arm-none-eabi/lib/armv7-m\libg_nano.a(lib_a-mprec.o)
                0x000046d4                _Balloc
 .text._Bfree   0x0000473e       0x2e c:/program files (x86)/cypress/psoc creator/4.2/psoc creator/import/gnu/arm/5.4.1/bin/../lib/gcc/arm-none-eabi/5.4.1/../../../../arm-none-eabi/lib/armv7-m\libg_nano.a(lib_a-mprec.o)
                0x0000473e                _Bfree
 .text.__multadd
                0x0000476c       0x76 c:/program files (x86)/cypress/psoc creator/4.2/psoc creator/import/gnu/arm/5.4.1/bin/../lib/gcc/arm-none-eabi/5.4.1/../../../../arm-none-eabi/lib/armv7-m\libg_nano.a(lib_a-mprec.o)
                0x0000476c                __multadd
 .text.__hi0bits
                0x000047e2       0x40 c:/program files (x86)/cypress/psoc creator/4.2/psoc creator/import/gnu/arm/5.4.1/bin/../lib/gcc/arm-none-eabi/5.4.1/../../../../arm-none-eabi/lib/armv7-m\libg_nano.a(lib_a-mprec.o)
                0x000047e2                __hi0bits
 .text.__lo0bits
                0x00004822       0x5a c:/program files (x86)/cypress/psoc creator/4.2/psoc creator/import/gnu/arm/5.4.1/bin/../lib/gcc/arm-none-eabi/5.4.1/../../../../arm-none-eabi/lib/armv7-m\libg_nano.a(lib_a-mprec.o)
                0x00004822                __lo0bits
 .text.__i2b    0x0000487c       0x12 c:/program files (x86)/cypress/psoc creator/4.2/psoc creator/import/gnu/arm/5.4.1/bin/../lib/gcc/arm-none-eabi/5.4.1/../../../../arm-none-eabi/lib/armv7-m\libg_nano.a(lib_a-mprec.o)
                0x0000487c                __i2b
 .text.__multiply
                0x0000488e      0x120 c:/program files (x86)/cypress/psoc creator/4.2/psoc creator/import/gnu/arm/5.4.1/bin/../lib/gcc/arm-none-eabi/5.4.1/../../../../arm-none-eabi/lib/armv7-m\libg_nano.a(lib_a-mprec.o)
                0x0000488e                __multiply
 *fill*         0x000049ae        0x2 
 .text.__pow5mult
                0x000049b0       0x9c c:/program files (x86)/cypress/psoc creator/4.2/psoc creator/import/gnu/arm/5.4.1/bin/../lib/gcc/arm-none-eabi/5.4.1/../../../../arm-none-eabi/lib/armv7-m\libg_nano.a(lib_a-mprec.o)
                0x000049b0                __pow5mult
 .text.__lshift
                0x00004a4c       0xa2 c:/program files (x86)/cypress/psoc creator/4.2/psoc creator/import/gnu/arm/5.4.1/bin/../lib/gcc/arm-none-eabi/5.4.1/../../../../arm-none-eabi/lib/armv7-m\libg_nano.a(lib_a-mprec.o)
                0x00004a4c                __lshift
 .text.__mcmp   0x00004aee       0x38 c:/program files (x86)/cypress/psoc creator/4.2/psoc creator/import/gnu/arm/5.4.1/bin/../lib/gcc/arm-none-eabi/5.4.1/../../../../arm-none-eabi/lib/armv7-m\libg_nano.a(lib_a-mprec.o)
                0x00004aee                __mcmp
 .text.__mdiff  0x00004b26       0xbe c:/program files (x86)/cypress/psoc creator/4.2/psoc creator/import/gnu/arm/5.4.1/bin/../lib/gcc/arm-none-eabi/5.4.1/../../../../arm-none-eabi/lib/armv7-m\libg_nano.a(lib_a-mprec.o)
                0x00004b26                __mdiff
 .text.__d2b    0x00004be4       0x9c c:/program files (x86)/cypress/psoc creator/4.2/psoc creator/import/gnu/arm/5.4.1/bin/../lib/gcc/arm-none-eabi/5.4.1/../../../../arm-none-eabi/lib/armv7-m\libg_nano.a(lib_a-mprec.o)
                0x00004be4                __d2b
 .text._calloc_r
                0x00004c80       0x1c c:/program files (x86)/cypress/psoc creator/4.2/psoc creator/import/gnu/arm/5.4.1/bin/../lib/gcc/arm-none-eabi/5.4.1/../../../../arm-none-eabi/lib/armv7-m\libg_nano.a(lib_a-nano-callocr.o)
                0x00004c80                _calloc_r
 .text._free_r  0x00004c9c       0x98 c:/program files (x86)/cypress/psoc creator/4.2/psoc creator/import/gnu/arm/5.4.1/bin/../lib/gcc/arm-none-eabi/5.4.1/../../../../arm-none-eabi/lib/armv7-m\libg_nano.a(lib_a-nano-freer.o)
                0x00004c9c                _free_r
 .text._malloc_r
                0x00004d34       0xbc c:/program files (x86)/cypress/psoc creator/4.2/psoc creator/import/gnu/arm/5.4.1/bin/../lib/gcc/arm-none-eabi/5.4.1/../../../../arm-none-eabi/lib/armv7-m\libg_nano.a(lib_a-nano-mallocr.o)
                0x00004d34                _malloc_r
 .text.__ssputs_r
                0x00004df0       0xb2 c:/program files (x86)/cypress/psoc creator/4.2/psoc creator/import/gnu/arm/5.4.1/bin/../lib/gcc/arm-none-eabi/5.4.1/../../../../arm-none-eabi/lib/armv7-m\libg_nano.a(lib_a-nano-svfprintf.o)
                0x00004df0                __ssputs_r
 *fill*         0x00004ea2        0x2 
 .text._svfprintf_r
                0x00004ea4      0x1e8 c:/program files (x86)/cypress/psoc creator/4.2/psoc creator/import/gnu/arm/5.4.1/bin/../lib/gcc/arm-none-eabi/5.4.1/../../../../arm-none-eabi/lib/armv7-m\libg_nano.a(lib_a-nano-svfprintf.o)
                0x00004ea4                _svfiprintf_r
                0x00004ea4                _svfprintf_r
 .text._sbrk_r  0x0000508c       0x20 c:/program files (x86)/cypress/psoc creator/4.2/psoc creator/import/gnu/arm/5.4.1/bin/../lib/gcc/arm-none-eabi/5.4.1/../../../../arm-none-eabi/lib/armv7-m\libg_nano.a(lib_a-sbrkr.o)
                0x0000508c                _sbrk_r
 .text.memmove  0x000050ac       0x36 c:/program files (x86)/cypress/psoc creator/4.2/psoc creator/import/gnu/arm/5.4.1/bin/../lib/gcc/arm-none-eabi/5.4.1/../../../../arm-none-eabi/lib/armv7-m\libg_nano.a(lib_a-memmove.o)
                0x000050ac                memmove
 .text.__malloc_lock
                0x000050e2        0x2 c:/program files (x86)/cypress/psoc creator/4.2/psoc creator/import/gnu/arm/5.4.1/bin/../lib/gcc/arm-none-eabi/5.4.1/../../../../arm-none-eabi/lib/armv7-m\libg_nano.a(lib_a-mlock.o)
                0x000050e2                __malloc_lock
 .text.__malloc_unlock
                0x000050e4        0x2 c:/program files (x86)/cypress/psoc creator/4.2/psoc creator/import/gnu/arm/5.4.1/bin/../lib/gcc/arm-none-eabi/5.4.1/../../../../arm-none-eabi/lib/armv7-m\libg_nano.a(lib_a-mlock.o)
                0x000050e4                __malloc_unlock
 .text._realloc_r
                0x000050e6       0x4c c:/program files (x86)/cypress/psoc creator/4.2/psoc creator/import/gnu/arm/5.4.1/bin/../lib/gcc/arm-none-eabi/5.4.1/../../../../arm-none-eabi/lib/armv7-m\libg_nano.a(lib_a-nano-reallocr.o)
                0x000050e6                _realloc_r
 .text._malloc_usable_size_r
                0x00005132       0x14 c:/program files (x86)/cypress/psoc creator/4.2/psoc creator/import/gnu/arm/5.4.1/bin/../lib/gcc/arm-none-eabi/5.4.1/../../../../arm-none-eabi/lib/armv7-m\libg_nano.a(lib_a-nano-msizer.o)
                0x00005132                _malloc_usable_size_r
 *fill*         0x00005146        0x2 
 .text          0x00005148      0x370 c:/program files (x86)/cypress/psoc creator/4.2/psoc creator/import/gnu/arm/5.4.1/bin/../lib/gcc/arm-none-eabi/5.4.1/armv7-m\libgcc.a(_arm_addsubdf3.o)
                0x00005148                __aeabi_drsub
                0x00005150                __aeabi_dsub
                0x00005150                __subdf3
                0x00005154                __aeabi_dadd
                0x00005154                __adddf3
                0x000053cc                __floatunsidf
                0x000053cc                __aeabi_ui2d
                0x000053ec                __floatsidf
                0x000053ec                __aeabi_i2d
                0x00005410                __aeabi_f2d
                0x00005410                __extendsfdf2
                0x0000544c                __floatundidf
                0x0000544c                __aeabi_ul2d
                0x0000545c                __floatdidf
                0x0000545c                __aeabi_l2d
 .text          0x000054b8      0x424 c:/program files (x86)/cypress/psoc creator/4.2/psoc creator/import/gnu/arm/5.4.1/bin/../lib/gcc/arm-none-eabi/5.4.1/armv7-m\libgcc.a(_arm_muldivdf3.o)
                0x000054b8                __aeabi_dmul
                0x000054b8                __muldf3
                0x0000570c                __divdf3
                0x0000570c                __aeabi_ddiv
 .text          0x000058dc      0x110 c:/program files (x86)/cypress/psoc creator/4.2/psoc creator/import/gnu/arm/5.4.1/bin/../lib/gcc/arm-none-eabi/5.4.1/armv7-m\libgcc.a(_arm_cmpdf2.o)
                0x000058dc                __gtdf2
                0x000058dc                __gedf2
                0x000058e4                __ltdf2
                0x000058e4                __ledf2
                0x000058ec                __nedf2
                0x000058ec                __eqdf2
                0x000058ec                __cmpdf2
                0x00005968                __aeabi_cdrcmple
                0x00005978                __aeabi_cdcmpeq
                0x00005978                __aeabi_cdcmple
                0x00005988                __aeabi_dcmpeq
                0x0000599c                __aeabi_dcmplt
                0x000059b0                __aeabi_dcmple
                0x000059c4                __aeabi_dcmpge
                0x000059d8                __aeabi_dcmpgt
 .text          0x000059ec       0x2c c:/program files (x86)/cypress/psoc creator/4.2/psoc creator/import/gnu/arm/5.4.1/bin/../lib/gcc/arm-none-eabi/5.4.1/armv7-m\libgcc.a(_arm_unorddf2.o)
                0x000059ec                __unorddf2
                0x000059ec                __aeabi_dcmpun
 .text          0x00005a18       0x50 c:/program files (x86)/cypress/psoc creator/4.2/psoc creator/import/gnu/arm/5.4.1/bin/../lib/gcc/arm-none-eabi/5.4.1/armv7-m\libgcc.a(_arm_fixdfsi.o)
                0x00005a18                __aeabi_d2iz
                0x00005a18                __fixdfsi
 *(.plt)
 *(.gnu.warning)
 *(.glue_7t)
 .glue_7t       0x00005a68        0x0 linker stubs
 *(.glue_7)
 .glue_7        0x00005a68        0x0 linker stubs
 *(.vfp11_veneer)
 .vfp11_veneer  0x00005a68        0x0 linker stubs
 *(.bootloader)
 *(.ARM.extab* .gnu.linkonce.armextab.*)
 *(.gcc_except_table)

.v4_bx          0x00005a68        0x0
 .v4_bx         0x00005a68        0x0 linker stubs

.iplt           0x00005a68        0x0
 .iplt          0x00005a68        0x0 c:/program files (x86)/cypress/psoc creator/4.2/psoc creator/import/gnu/arm/5.4.1/bin/../lib/gcc/arm-none-eabi/5.4.1/armv7-m/crtbegin.o

.eh_frame_hdr
 *(.eh_frame_hdr)

.eh_frame       0x00005a68        0x4
 *(.eh_frame)
 .eh_frame      0x00005a68        0x0 c:/program files (x86)/cypress/psoc creator/4.2/psoc creator/import/gnu/arm/5.4.1/bin/../lib/gcc/arm-none-eabi/5.4.1/armv7-m/crtbegin.o
 .eh_frame      0x00005a68        0x4 c:/program files (x86)/cypress/psoc creator/4.2/psoc creator/import/gnu/arm/5.4.1/bin/../lib/gcc/arm-none-eabi/5.4.1/armv7-m/crtend.o
                [!provide]                PROVIDE (__exidx_start, .)

.ARM.exidx
 *(.ARM.exidx* .gnu.linkonce.armexidx.*)
                0x00005a6c                __exidx_end = .

.rodata         0x00005a70      0xab0
 *(.rodata .rodata.* .gnu.linkonce.r.*)
 .rodata        0x00005a70       0x56 .\ARM_GCC_541\Debug\main.o
 *fill*         0x00005ac6        0x2 
 .rodata        0x00005ac8      0x6d7 .\ARM_GCC_541\Debug\cyfitter_cfg.o
 *fill*         0x0000619f        0x1 
 .rodata        0x000061a0       0x11 .\ARM_GCC_541\Debug\RPS_PSOC5_01.a(USBUART_std.o)
 *fill*         0x000061b1        0x3 
 .rodata        0x000061b4      0x1d4 .\ARM_GCC_541\Debug\RPS_PSOC5_01.a(USBUART_descr.o)
                0x000061b4                USBUART_DEVICE0_DESCR
                0x000061c8                USBUART_DEVICE0_CONFIGURATION0_DESCR
                0x0000620c                USBUART_STRING_DESCRIPTORS
                0x000062ac                USBUART_SN_STRING_DESCRIPTOR
                0x000062b0                USBUART_HIDREPORT_DESCRIPTOR1
                0x000062e8                USBUART_DEVICE0_CONFIGURATION0_EP_SETTINGS_TABLE
                0x00006300                USBUART_DEVICE0_CONFIGURATION0_INTERFACE_CLASS
                0x00006304                USBUART_DEVICE0_CONFIGURATION0_TABLE
                0x0000632c                USBUART_DEVICE0_TABLE
                0x00006344                USBUART_TABLE
                0x0000634c                USBUART_MSOS_DESCRIPTOR
                0x00006360                USBUART_MSOS_CONFIGURATION_DESCR
 .rodata.str1.1
                0x00006388        0x2 c:/program files (x86)/cypress/psoc creator/4.2/psoc creator/import/gnu/arm/5.4.1/bin/../lib/gcc/arm-none-eabi/5.4.1/../../../../arm-none-eabi/lib/armv7-m\libg_nano.a(lib_a-impure.o)
 .rodata.str1.1
                0x0000638a       0x12 c:/program files (x86)/cypress/psoc creator/4.2/psoc creator/import/gnu/arm/5.4.1/bin/../lib/gcc/arm-none-eabi/5.4.1/../../../../arm-none-eabi/lib/armv7-m\libg_nano.a(lib_a-nano-vfprintf_float.o)
 .rodata.str1.1
                0x0000639c       0x22 c:/program files (x86)/cypress/psoc creator/4.2/psoc creator/import/gnu/arm/5.4.1/bin/../lib/gcc/arm-none-eabi/5.4.1/../../../../arm-none-eabi/lib/armv7-m\libg_nano.a(lib_a-nano-vfprintf_i.o)
 .rodata.str1.1
                0x000063be        0xd c:/program files (x86)/cypress/psoc creator/4.2/psoc creator/import/gnu/arm/5.4.1/bin/../lib/gcc/arm-none-eabi/5.4.1/../../../../arm-none-eabi/lib/armv7-m\libg_nano.a(lib_a-dtoa.o)
                                  0xf (size before relaxing)
 .rodata.str1.1
                0x000063cb        0x8 c:/program files (x86)/cypress/psoc creator/4.2/psoc creator/import/gnu/arm/5.4.1/bin/../lib/gcc/arm-none-eabi/5.4.1/../../../../arm-none-eabi/lib/armv7-m\libg_nano.a(lib_a-locale.o)
                                  0xb (size before relaxing)
 *fill*         0x000063d3        0x5 
 .rodata.__mprec_tens
                0x000063d8       0xc8 c:/program files (x86)/cypress/psoc creator/4.2/psoc creator/import/gnu/arm/5.4.1/bin/../lib/gcc/arm-none-eabi/5.4.1/../../../../arm-none-eabi/lib/armv7-m\libg_nano.a(lib_a-mprec.o)
                0x000063d8                __mprec_tens
 .rodata.p05.5408
                0x000064a0        0xc c:/program files (x86)/cypress/psoc creator/4.2/psoc creator/import/gnu/arm/5.4.1/bin/../lib/gcc/arm-none-eabi/5.4.1/../../../../arm-none-eabi/lib/armv7-m\libg_nano.a(lib_a-mprec.o)
 *fill*         0x000064ac        0x4 
 .rodata.__mprec_bigtens
                0x000064b0       0x28 c:/program files (x86)/cypress/psoc creator/4.2/psoc creator/import/gnu/arm/5.4.1/bin/../lib/gcc/arm-none-eabi/5.4.1/../../../../arm-none-eabi/lib/armv7-m\libg_nano.a(lib_a-mprec.o)
                0x000064b0                __mprec_bigtens
 .rodata.str1.1
                0x000064d8       0x11 c:/program files (x86)/cypress/psoc creator/4.2/psoc creator/import/gnu/arm/5.4.1/bin/../lib/gcc/arm-none-eabi/5.4.1/../../../../arm-none-eabi/lib/armv7-m\libg_nano.a(lib_a-nano-svfprintf.o)
                0x000064ec                . = ALIGN (0x4)
 *fill*         0x000064e9        0x3 
 *(.init)
 .init          0x000064ec        0x4 c:/program files (x86)/cypress/psoc creator/4.2/psoc creator/import/gnu/arm/5.4.1/bin/../lib/gcc/arm-none-eabi/5.4.1/armv7-m/crti.o
                0x000064ec                _init
 .init          0x000064f0        0x8 c:/program files (x86)/cypress/psoc creator/4.2/psoc creator/import/gnu/arm/5.4.1/bin/../lib/gcc/arm-none-eabi/5.4.1/armv7-m/crtn.o
                0x000064f8                . = ALIGN (0x4)
                0x000064f8                __preinit_array_start = .
 *(.preinit_array)
                0x000064f8                __preinit_array_end = .
                0x000064f8                . = ALIGN (0x4)
                0x000064f8                __init_array_start = .
 *(SORT(.init_array.*))
 *(.init_array)
 .init_array    0x000064f8        0x4 c:/program files (x86)/cypress/psoc creator/4.2/psoc creator/import/gnu/arm/5.4.1/bin/../lib/gcc/arm-none-eabi/5.4.1/armv7-m/crtbegin.o
 .init_array    0x000064fc        0x4 .\ARM_GCC_541\Debug\Cm3Start.o
                0x00006500                __init_array_end = .
                0x00006500                . = ALIGN (0x4)
 *(.fini)
 .fini          0x00006500        0x4 c:/program files (x86)/cypress/psoc creator/4.2/psoc creator/import/gnu/arm/5.4.1/bin/../lib/gcc/arm-none-eabi/5.4.1/armv7-m/crti.o
                0x00006500                _fini
 .fini          0x00006504        0x8 c:/program files (x86)/cypress/psoc creator/4.2/psoc creator/import/gnu/arm/5.4.1/bin/../lib/gcc/arm-none-eabi/5.4.1/armv7-m/crtn.o
                0x0000650c                . = ALIGN (0x4)
                0x0000650c                __fini_array_start = .
 *(.fini_array)
 .fini_array    0x0000650c        0x4 c:/program files (x86)/cypress/psoc creator/4.2/psoc creator/import/gnu/arm/5.4.1/bin/../lib/gcc/arm-none-eabi/5.4.1/armv7-m/crtbegin.o
 *(SORT(.fini_array.*))
                0x00006510                __fini_array_end = .
                0x00006510                . = ALIGN (0x4)
 *crtbegin.o(.ctors)
 *(EXCLUDE_FILE(*crtend.o) .ctors)
 *(SORT(.ctors.*))
 *crtend.o(.ctors)
                0x00006510                . = ALIGN (0x4)
 *crtbegin.o(.dtors)
 *(EXCLUDE_FILE(*crtend.o) .dtors)
 *(SORT(.dtors.*))
 *crtend.o(.dtors)
                0x00006510                . = ALIGN (0x4)
                0x00006510                __cy_regions = .
                0x00006510        0x4 LONG 0x6520 __cy_region_init_ram
                0x00006514        0x4 LONG 0x1fffc0c8 __cy_region_start_data
                0x00006518        0x4 LONG 0xf0 __cy_region_init_size_ram
                0x0000651c        0x4 LONG 0x118 __cy_region_zero_size_ram
                0x00006520                __cy_regions_end = .
                0x00006520                . = ALIGN (0x8)
                0x00006520                _etext = .

.cy_checksum_exclude
                0x00006520        0x0
 *(.cy_checksum_exclude)

.ramvectors     0x1fffc000       0xc0
                0x1fffc000                __cy_region_start_ram = .
 *(.ramvectors)
 .ramvectors    0x1fffc000       0xc0 .\ARM_GCC_541\Debug\Cm3Start.o
                0x1fffc000                CyRamVectors

.noinit         0x1fffc0c0        0x5
 *(.noinit)
 .noinit        0x1fffc0c0        0x4 .\ARM_GCC_541\Debug\Cm3Start.o
 .noinit        0x1fffc0c4        0x1 .\ARM_GCC_541\Debug\RPS_PSOC5_01.a(CyLib.o)
                0x1fffc0c4                CyResetStatus

.data           0x1fffc0c8       0xf0 load address 0x00006520
                0x1fffc0c8                __cy_region_start_data = .
 *(.jcr)
 .jcr           0x1fffc0c8        0x0 c:/program files (x86)/cypress/psoc creator/4.2/psoc creator/import/gnu/arm/5.4.1/bin/../lib/gcc/arm-none-eabi/5.4.1/armv7-m/crtbegin.o
 .jcr           0x1fffc0c8        0x4 c:/program files (x86)/cypress/psoc creator/4.2/psoc creator/import/gnu/arm/5.4.1/bin/../lib/gcc/arm-none-eabi/5.4.1/armv7-m/crtend.o
 *(.got.plt)
 *(.got)
 *(.shdata)
 *(.data .data.* .gnu.linkonce.d.*)
 .data          0x1fffc0cc       0x20 .\ARM_GCC_541\Debug\main.o
                0x1fffc0cc                parity
                0x1fffc0e0                stop
 .data          0x1fffc0ec        0x4 .\ARM_GCC_541\Debug\Cm3Start.o
 .data          0x1fffc0f0       0x1a .\ARM_GCC_541\Debug\RPS_PSOC5_01.a(USBUART_cdc.o)
                0x1fffc0f0                USBUART_linesCoding
 *fill*         0x1fffc10a        0x2 
 .data          0x1fffc10c       0x10 .\ARM_GCC_541\Debug\RPS_PSOC5_01.a(CyLib.o)
                0x1fffc10c                cydelay_freq_hz
                0x1fffc110                cydelay_freq_khz
                0x1fffc114                cydelay_freq_mhz
                0x1fffc118                cydelay_32k_ms
 .data.impure_data
                0x1fffc11c       0x60 c:/program files (x86)/cypress/psoc creator/4.2/psoc creator/import/gnu/arm/5.4.1/bin/../lib/gcc/arm-none-eabi/5.4.1/../../../../arm-none-eabi/lib/armv7-m\libg_nano.a(lib_a-impure.o)
 .data._impure_ptr
                0x1fffc17c        0x4 c:/program files (x86)/cypress/psoc creator/4.2/psoc creator/import/gnu/arm/5.4.1/bin/../lib/gcc/arm-none-eabi/5.4.1/../../../../arm-none-eabi/lib/armv7-m\libg_nano.a(lib_a-impure.o)
                0x1fffc17c                _impure_ptr
 .data.lconv    0x1fffc180       0x38 c:/program files (x86)/cypress/psoc creator/4.2/psoc creator/import/gnu/arm/5.4.1/bin/../lib/gcc/arm-none-eabi/5.4.1/../../../../arm-none-eabi/lib/armv7-m\libg_nano.a(lib_a-locale.o)
                0x1fffc1b8                . = ALIGN (0x8)
 *(.ram)
                0x1fffc1b8                _edata = .

.igot.plt       0x1fffc1b8        0x0 load address 0x00006610
 .igot.plt      0x1fffc1b8        0x0 c:/program files (x86)/cypress/psoc creator/4.2/psoc creator/import/gnu/arm/5.4.1/bin/../lib/gcc/arm-none-eabi/5.4.1/armv7-m/crtbegin.o

.bss            0x1fffc1b8      0x118 load address 0x00006610
                0x1fffc1b8                PROVIDE (__bss_start__, .)
 *(.shbss)
 *(.bss .bss.* .gnu.linkonce.b.*)
 .bss           0x1fffc1b8       0x1c c:/program files (x86)/cypress/psoc creator/4.2/psoc creator/import/gnu/arm/5.4.1/bin/../lib/gcc/arm-none-eabi/5.4.1/armv7-m/crtbegin.o
 .bss           0x1fffc1d4        0x1 .\ARM_GCC_541\Debug\RPS_PSOC5_01.a(USBUART.o)
                0x1fffc1d4                USBUART_initVar
 .bss           0x1fffc1d5        0x1 .\ARM_GCC_541\Debug\RPS_PSOC5_01.a(USBUART_cdc.o)
 *fill*         0x1fffc1d6        0x2 
 .bss           0x1fffc1d8        0x2 .\ARM_GCC_541\Debug\RPS_PSOC5_01.a(USBUART_std.o)
 *fill*         0x1fffc1da        0x2 
 .bss.__malloc_sbrk_start
                0x1fffc1dc        0x4 c:/program files (x86)/cypress/psoc creator/4.2/psoc creator/import/gnu/arm/5.4.1/bin/../lib/gcc/arm-none-eabi/5.4.1/../../../../arm-none-eabi/lib/armv7-m\libg_nano.a(lib_a-nano-mallocr.o)
                0x1fffc1dc                __malloc_sbrk_start
 .bss.__malloc_free_list
                0x1fffc1e0        0x4 c:/program files (x86)/cypress/psoc creator/4.2/psoc creator/import/gnu/arm/5.4.1/bin/../lib/gcc/arm-none-eabi/5.4.1/../../../../arm-none-eabi/lib/armv7-m\libg_nano.a(lib_a-nano-mallocr.o)
                0x1fffc1e0                __malloc_free_list
 *(COMMON)
 COMMON         0x1fffc1e4       0x18 .\ARM_GCC_541\Debug\RPS_PSOC5_01.a(USBUART_cdc.o)
                0x1fffc1e4                USBUART_linesChanged
                0x1fffc1e8                USBUART_cdcDataInEp
                0x1fffc1ec                USBUART_cdcCommInInterruptEp
                0x1fffc1f0                USBUART_cdcDataOutEp
                0x1fffc1f4                USBUART_serialStateBitmap
                0x1fffc1f8                USBUART_linesControlBitmap
 COMMON         0x1fffc1fc       0x9a .\ARM_GCC_541\Debug\RPS_PSOC5_01.a(USBUART_drv.o)
                0x1fffc1fc                USBUART_lastPacketSize
                0x1fffc1fd                USBUART_device
                0x1fffc1fe                USBUART_transferByteCount
                0x1fffc200                USBUART_transferState
                0x1fffc204                USBUART_interfaceSettingLast
                0x1fffc208                USBUART_currentTD
                0x1fffc214                USBUART_interfaceNumber
                0x1fffc218                USBUART_interfaceClass
                0x1fffc21c                USBUART_configurationChanged
                0x1fffc21d                USBUART_ep0Mode
                0x1fffc21e                USBUART_deviceAddress
                0x1fffc21f                USBUART_configuration
                0x1fffc220                USBUART_ep0Count
                0x1fffc221                USBUART_deviceStatus
                0x1fffc224                USBUART_EP
                0x1fffc290                USBUART_interfaceSetting
                0x1fffc292                USBUART_ep0Toggle
                0x1fffc294                USBUART_interfaceStatus
 *fill*         0x1fffc296        0x2 
 COMMON         0x1fffc298        0xa .\ARM_GCC_541\Debug\RPS_PSOC5_01.a(USBUART_hid.o)
                0x1fffc298                USBUART_hidProtocol
                0x1fffc29c                USBUART_hidIdleTimer
                0x1fffc2a0                USBUART_hidIdleRate
 *fill*         0x1fffc2a2        0x2 
 COMMON         0x1fffc2a4       0x22 .\ARM_GCC_541\Debug\RPS_PSOC5_01.a(USBUART_descr.o)
                0x1fffc2a4                USBUART_idSerialNumberStringDescriptor
 *fill*         0x1fffc2c6        0x2 
 COMMON         0x1fffc2c8        0x4 c:/program files (x86)/cypress/psoc creator/4.2/psoc creator/import/gnu/arm/5.4.1/bin/../lib/gcc/arm-none-eabi/5.4.1/../../../../arm-none-eabi/lib/armv7-m\libg_nano.a(lib_a-reent.o)
                0x1fffc2c8                errno
                0x1fffc2d0                . = ALIGN (0x8)
 *fill*         0x1fffc2cc        0x4 
 *(.ram.b)
                0x1fffc2d0                _end = .
                0x1fffc2d0                __end = .
                0x1fffc2d0                PROVIDE (end, .)
                0x1fffc2d0                PROVIDE (__bss_end__, .)
                0x00006520                __cy_region_init_ram = LOADADDR (.data)
                0x000000f0                __cy_region_init_size_ram = (_edata - ADDR (.data))
                0x00000118                __cy_region_zero_size_ram = (_end - _edata)

.heap           0x1fffc2d0       0x80 load address 0x00006610
                0x1fffc2d0                . = _end
                0x1fffc350                . = (. + 0x80)
 *fill*         0x1fffc2d0       0x80 
                0x1fffc350                __cy_heap_limit = .

.stack          0x20003800      0x800
                0x20003800                __cy_stack_limit = .
                0x20004000                . = (. + 0x800)
 *fill*         0x20003800      0x800 
                0x00000001                ASSERT ((__cy_stack_limit >= __cy_heap_limit), region RAM overflowed with stack)
                0x00000000                cy_checksum_exclude_size = (CY_APPL_LOADABLE == 0x1)?SIZEOF (.cy_checksum_exclude):0x0
                0x00000001                ASSERT ((cy_checksum_exclude_size <= CY_CHECKSUM_EXCLUDE_SIZE), CY_BOOT: Section .cy_checksum_exclude size exceedes specified limit.)

.cyloadermeta
 *(.cyloadermeta)

.cyloadablemeta
 *(.cyloadablemeta)

.cyconfigecc    0x80000000        0x1
 *(.cyconfigecc)
 .cyconfigecc   0x80000000        0x1 .\ARM_GCC_541\Debug\cymetadata.o
                0x80000000                cy_meta_configecc

.cycustnvl      0x90000000        0x4
 *(.cycustnvl)
 .cycustnvl     0x90000000        0x4 .\ARM_GCC_541\Debug\cymetadata.o
                0x90000000                cy_meta_custnvl

.cywolatch      0x90100000        0x4
 *(.cywolatch)
 .cywolatch     0x90100000        0x4 .\ARM_GCC_541\Debug\cymetadata.o
                0x90100000                cy_meta_wonvl

.cyeeprom       0x90200000        0x0
 *(.cyeeprom)
                0x00000001                ASSERT ((. <= ((0x90200000 + ee_offset) + ee_size)), .cyeeprom data will not fit in EEPROM)

.cyflashprotect
                0x90400000       0x80
 *(.cyflashprotect)
 .cyflashprotect
                0x90400000       0x80 .\ARM_GCC_541\Debug\cymetadata.o
                0x90400000                cy_meta_flashprotect

.cymeta         0x90500000        0xc
 *(.cymeta)
 .cymeta        0x90500000        0xc .\ARM_GCC_541\Debug\cymetadata.o
                0x90500000                cy_metadata

.rel.dyn        0x00006610        0x0 load address 0x9050000c
 .rel.iplt      0x00006610        0x0 c:/program files (x86)/cypress/psoc creator/4.2/psoc creator/import/gnu/arm/5.4.1/bin/../lib/gcc/arm-none-eabi/5.4.1/armv7-m/crtbegin.o

.stab
 *(.stab)

.stabstr
 *(.stabstr)

.debug
 *(.debug)

.line
 *(.line)

.debug_srcinfo
 *(.debug_srcinfo)

.debug_sfnames
 *(.debug_sfnames)

.debug_aranges  0x00000000      0x9f0
 *(.debug_aranges)
 .debug_aranges
                0x00000000       0x20 .\ARM_GCC_541\Debug\main.o
 .debug_aranges
                0x00000020       0x60 .\ARM_GCC_541\Debug\cyfitter_cfg.o
 .debug_aranges
                0x00000080       0x18 .\ARM_GCC_541\Debug\cymetadata.o
 .debug_aranges
                0x00000098       0x48 .\ARM_GCC_541\Debug\Cm3Start.o
 .debug_aranges
                0x000000e0       0xc8 .\ARM_GCC_541\Debug\RPS_PSOC5_01.a(USBUART.o)
 .debug_aranges
                0x000001a8       0xe8 .\ARM_GCC_541\Debug\RPS_PSOC5_01.a(USBUART_cdc.o)
 .debug_aranges
                0x00000290       0x98 .\ARM_GCC_541\Debug\RPS_PSOC5_01.a(USBUART_drv.o)
 .debug_aranges
                0x00000328       0x40 .\ARM_GCC_541\Debug\RPS_PSOC5_01.a(USBUART_episr.o)
 .debug_aranges
                0x00000368       0x48 .\ARM_GCC_541\Debug\RPS_PSOC5_01.a(USBUART_hid.o)
 .debug_aranges
                0x000003b0       0x40 .\ARM_GCC_541\Debug\RPS_PSOC5_01.a(USBUART_pm.o)
 .debug_aranges
                0x000003f0       0x80 .\ARM_GCC_541\Debug\RPS_PSOC5_01.a(USBUART_std.o)
 .debug_aranges
                0x00000470       0x20 .\ARM_GCC_541\Debug\RPS_PSOC5_01.a(USBUART_vnd.o)
 .debug_aranges
                0x00000490       0x48 .\ARM_GCC_541\Debug\RPS_PSOC5_01.a(USBUART_Dp.o)
 .debug_aranges
                0x000004d8      0x2a8 .\ARM_GCC_541\Debug\RPS_PSOC5_01.a(CyLib.o)
 .debug_aranges
                0x00000780       0x98 .\ARM_GCC_541\Debug\RPS_PSOC5_01.a(cyPm.o)
 .debug_aranges
                0x00000818       0x20 .\ARM_GCC_541\Debug\RPS_PSOC5_01.a(CyBootAsmGnu.o)
 .debug_aranges
                0x00000838       0x80 .\ARM_GCC_541\Debug\RPS_PSOC5_01.a(CyScBoostClk.o)
 .debug_aranges
                0x000008b8       0x20 .\ARM_GCC_541\Debug\RPS_PSOC5_01.a(USBUART_cls.o)
 .debug_aranges
                0x000008d8       0x18 .\ARM_GCC_541\Debug\RPS_PSOC5_01.a(USBUART_descr.o)
 .debug_aranges
                0x000008f0       0x88 .\ARM_GCC_541\Debug\RPS_PSOC5_01.a(CyFlash.o)
 .debug_aranges
                0x00000978       0x78 .\ARM_GCC_541\Debug\RPS_PSOC5_01.a(CySpc.o)

.debug_pubnames
 *(.debug_pubnames)

.debug_info     0x00000000     0x5993
 *(.debug_info .gnu.linkonce.wi.*)
 .debug_info    0x00000000      0x196 .\ARM_GCC_541\Debug\main.o
 .debug_info    0x00000196      0x614 .\ARM_GCC_541\Debug\cyfitter_cfg.o
 .debug_info    0x000007aa      0x134 .\ARM_GCC_541\Debug\cymetadata.o
 .debug_info    0x000008de      0x32b .\ARM_GCC_541\Debug\Cm3Start.o
 .debug_info    0x00000c09      0x747 .\ARM_GCC_541\Debug\RPS_PSOC5_01.a(USBUART.o)
 .debug_info    0x00001350      0x924 .\ARM_GCC_541\Debug\RPS_PSOC5_01.a(USBUART_cdc.o)
 .debug_info    0x00001c74      0x52d .\ARM_GCC_541\Debug\RPS_PSOC5_01.a(USBUART_drv.o)
 .debug_info    0x000021a1      0x23b .\ARM_GCC_541\Debug\RPS_PSOC5_01.a(USBUART_episr.o)
 .debug_info    0x000023dc      0x37b .\ARM_GCC_541\Debug\RPS_PSOC5_01.a(USBUART_hid.o)
 .debug_info    0x00002757      0x18d .\ARM_GCC_541\Debug\RPS_PSOC5_01.a(USBUART_pm.o)
 .debug_info    0x000028e4      0x961 .\ARM_GCC_541\Debug\RPS_PSOC5_01.a(USBUART_std.o)
 .debug_info    0x00003245      0x1a9 .\ARM_GCC_541\Debug\RPS_PSOC5_01.a(USBUART_vnd.o)
 .debug_info    0x000033ee      0x171 .\ARM_GCC_541\Debug\RPS_PSOC5_01.a(USBUART_Dp.o)
 .debug_info    0x0000355f      0xe88 .\ARM_GCC_541\Debug\RPS_PSOC5_01.a(CyLib.o)
 .debug_info    0x000043e7      0x57a .\ARM_GCC_541\Debug\RPS_PSOC5_01.a(cyPm.o)
 .debug_info    0x00004961       0xa4 .\ARM_GCC_541\Debug\RPS_PSOC5_01.a(CyBootAsmGnu.o)
 .debug_info    0x00004a05      0x299 .\ARM_GCC_541\Debug\RPS_PSOC5_01.a(CyScBoostClk.o)
 .debug_info    0x00004c9e      0x1c8 .\ARM_GCC_541\Debug\RPS_PSOC5_01.a(USBUART_cls.o)
 .debug_info    0x00004e66      0x30b .\ARM_GCC_541\Debug\RPS_PSOC5_01.a(USBUART_descr.o)
 .debug_info    0x00005171      0x3c8 .\ARM_GCC_541\Debug\RPS_PSOC5_01.a(CyFlash.o)
 .debug_info    0x00005539      0x45a .\ARM_GCC_541\Debug\RPS_PSOC5_01.a(CySpc.o)

.debug_abbrev   0x00000000     0x193a
 *(.debug_abbrev)
 .debug_abbrev  0x00000000       0xb1 .\ARM_GCC_541\Debug\main.o
 .debug_abbrev  0x000000b1      0x1c2 .\ARM_GCC_541\Debug\cyfitter_cfg.o
 .debug_abbrev  0x00000273       0x5d .\ARM_GCC_541\Debug\cymetadata.o
 .debug_abbrev  0x000002d0      0x1d6 .\ARM_GCC_541\Debug\Cm3Start.o
 .debug_abbrev  0x000004a6      0x1f3 .\ARM_GCC_541\Debug\RPS_PSOC5_01.a(USBUART.o)
 .debug_abbrev  0x00000699      0x233 .\ARM_GCC_541\Debug\RPS_PSOC5_01.a(USBUART_cdc.o)
 .debug_abbrev  0x000008cc      0x161 .\ARM_GCC_541\Debug\RPS_PSOC5_01.a(USBUART_drv.o)
 .debug_abbrev  0x00000a2d       0xfd .\ARM_GCC_541\Debug\RPS_PSOC5_01.a(USBUART_episr.o)
 .debug_abbrev  0x00000b2a      0x15e .\ARM_GCC_541\Debug\RPS_PSOC5_01.a(USBUART_hid.o)
 .debug_abbrev  0x00000c88       0xd1 .\ARM_GCC_541\Debug\RPS_PSOC5_01.a(USBUART_pm.o)
 .debug_abbrev  0x00000d59      0x1c2 .\ARM_GCC_541\Debug\RPS_PSOC5_01.a(USBUART_std.o)
 .debug_abbrev  0x00000f1b       0xc5 .\ARM_GCC_541\Debug\RPS_PSOC5_01.a(USBUART_vnd.o)
 .debug_abbrev  0x00000fe0       0x90 .\ARM_GCC_541\Debug\RPS_PSOC5_01.a(USBUART_Dp.o)
 .debug_abbrev  0x00001070      0x217 .\ARM_GCC_541\Debug\RPS_PSOC5_01.a(CyLib.o)
 .debug_abbrev  0x00001287      0x161 .\ARM_GCC_541\Debug\RPS_PSOC5_01.a(cyPm.o)
 .debug_abbrev  0x000013e8       0x14 .\ARM_GCC_541\Debug\RPS_PSOC5_01.a(CyBootAsmGnu.o)
 .debug_abbrev  0x000013fc      0x11d .\ARM_GCC_541\Debug\RPS_PSOC5_01.a(CyScBoostClk.o)
 .debug_abbrev  0x00001519       0xc5 .\ARM_GCC_541\Debug\RPS_PSOC5_01.a(USBUART_cls.o)
 .debug_abbrev  0x000015de       0xb4 .\ARM_GCC_541\Debug\RPS_PSOC5_01.a(USBUART_descr.o)
 .debug_abbrev  0x00001692      0x13c .\ARM_GCC_541\Debug\RPS_PSOC5_01.a(CyFlash.o)
 .debug_abbrev  0x000017ce      0x16c .\ARM_GCC_541\Debug\RPS_PSOC5_01.a(CySpc.o)

.debug_line     0x00000000     0x2c2e
 *(.debug_line)
 .debug_line    0x00000000      0x1bd .\ARM_GCC_541\Debug\main.o
 .debug_line    0x000001bd      0x222 .\ARM_GCC_541\Debug\cyfitter_cfg.o
 .debug_line    0x000003df      0x141 .\ARM_GCC_541\Debug\cymetadata.o
 .debug_line    0x00000520      0x1dc .\ARM_GCC_541\Debug\Cm3Start.o
 .debug_line    0x000006fc      0x327 .\ARM_GCC_541\Debug\RPS_PSOC5_01.a(USBUART.o)
 .debug_line    0x00000a23      0x30c .\ARM_GCC_541\Debug\RPS_PSOC5_01.a(USBUART_cdc.o)
 .debug_line    0x00000d2f      0x21f .\ARM_GCC_541\Debug\RPS_PSOC5_01.a(USBUART_drv.o)
 .debug_line    0x00000f4e       0xf2 .\ARM_GCC_541\Debug\RPS_PSOC5_01.a(USBUART_episr.o)
 .debug_line    0x00001040      0x179 .\ARM_GCC_541\Debug\RPS_PSOC5_01.a(USBUART_hid.o)
 .debug_line    0x000011b9       0xe6 .\ARM_GCC_541\Debug\RPS_PSOC5_01.a(USBUART_pm.o)
 .debug_line    0x0000129f      0x470 .\ARM_GCC_541\Debug\RPS_PSOC5_01.a(USBUART_std.o)
 .debug_line    0x0000170f       0x8f .\ARM_GCC_541\Debug\RPS_PSOC5_01.a(USBUART_vnd.o)
 .debug_line    0x0000179e       0xbf .\ARM_GCC_541\Debug\RPS_PSOC5_01.a(USBUART_Dp.o)
 .debug_line    0x0000185d      0x8b5 .\ARM_GCC_541\Debug\RPS_PSOC5_01.a(CyLib.o)
 .debug_line    0x00002112      0x38e .\ARM_GCC_541\Debug\RPS_PSOC5_01.a(cyPm.o)
 .debug_line    0x000024a0       0x7d .\ARM_GCC_541\Debug\RPS_PSOC5_01.a(CyBootAsmGnu.o)
 .debug_line    0x0000251d      0x1cf .\ARM_GCC_541\Debug\RPS_PSOC5_01.a(CyScBoostClk.o)
 .debug_line    0x000026ec       0x97 .\ARM_GCC_541\Debug\RPS_PSOC5_01.a(USBUART_cls.o)
 .debug_line    0x00002783       0x61 .\ARM_GCC_541\Debug\RPS_PSOC5_01.a(USBUART_descr.o)
 .debug_line    0x000027e4      0x218 .\ARM_GCC_541\Debug\RPS_PSOC5_01.a(CyFlash.o)
 .debug_line    0x000029fc      0x232 .\ARM_GCC_541\Debug\RPS_PSOC5_01.a(CySpc.o)

.debug_frame    0x00000000     0x2ee4
 *(.debug_frame)
 .debug_frame   0x00000000       0x3c .\ARM_GCC_541\Debug\main.o
 .debug_frame   0x0000003c      0x16c .\ARM_GCC_541\Debug\cyfitter_cfg.o
 .debug_frame   0x000001a8       0xd8 .\ARM_GCC_541\Debug\Cm3Start.o
 .debug_frame   0x00000280      0x380 .\ARM_GCC_541\Debug\RPS_PSOC5_01.a(USBUART.o)
 .debug_frame   0x00000600      0x3ec .\ARM_GCC_541\Debug\RPS_PSOC5_01.a(USBUART_cdc.o)
 .debug_frame   0x000009ec      0x23c .\ARM_GCC_541\Debug\RPS_PSOC5_01.a(USBUART_drv.o)
 .debug_frame   0x00000c28       0xbc .\ARM_GCC_541\Debug\RPS_PSOC5_01.a(USBUART_episr.o)
 .debug_frame   0x00000ce4      0x100 .\ARM_GCC_541\Debug\RPS_PSOC5_01.a(USBUART_hid.o)
 .debug_frame   0x00000de4       0xbc .\ARM_GCC_541\Debug\RPS_PSOC5_01.a(USBUART_pm.o)
 .debug_frame   0x00000ea0      0x224 .\ARM_GCC_541\Debug\RPS_PSOC5_01.a(USBUART_std.o)
 .debug_frame   0x000010c4       0x38 .\ARM_GCC_541\Debug\RPS_PSOC5_01.a(USBUART_vnd.o)
 .debug_frame   0x000010fc       0xf4 .\ARM_GCC_541\Debug\RPS_PSOC5_01.a(USBUART_Dp.o)
 .debug_frame   0x000011f0      0xc34 .\ARM_GCC_541\Debug\RPS_PSOC5_01.a(CyLib.o)
 .debug_frame   0x00001e24      0x234 .\ARM_GCC_541\Debug\RPS_PSOC5_01.a(cyPm.o)
 .debug_frame   0x00002058      0x200 .\ARM_GCC_541\Debug\RPS_PSOC5_01.a(CyScBoostClk.o)
 .debug_frame   0x00002258       0x38 .\ARM_GCC_541\Debug\RPS_PSOC5_01.a(USBUART_cls.o)
 .debug_frame   0x00002290      0x238 .\ARM_GCC_541\Debug\RPS_PSOC5_01.a(CyFlash.o)
 .debug_frame   0x000024c8      0x1f8 .\ARM_GCC_541\Debug\RPS_PSOC5_01.a(CySpc.o)
 .debug_frame   0x000026c0       0x20 c:/program files (x86)/cypress/psoc creator/4.2/psoc creator/import/gnu/arm/5.4.1/bin/../lib/gcc/arm-none-eabi/5.4.1/../../../../arm-none-eabi/lib/armv7-m\libg_nano.a(lib_a-errno.o)
 .debug_frame   0x000026e0       0x28 c:/program files (x86)/cypress/psoc creator/4.2/psoc creator/import/gnu/arm/5.4.1/bin/../lib/gcc/arm-none-eabi/5.4.1/../../../../arm-none-eabi/lib/armv7-m\libg_nano.a(lib_a-exit.o)
 .debug_frame   0x00002708       0x2c c:/program files (x86)/cypress/psoc creator/4.2/psoc creator/import/gnu/arm/5.4.1/bin/../lib/gcc/arm-none-eabi/5.4.1/../../../../arm-none-eabi/lib/armv7-m\libg_nano.a(lib_a-init.o)
 .debug_frame   0x00002734       0x28 c:/program files (x86)/cypress/psoc creator/4.2/psoc creator/import/gnu/arm/5.4.1/bin/../lib/gcc/arm-none-eabi/5.4.1/../../../../arm-none-eabi/lib/armv7-m\libg_nano.a(lib_a-memcpy-stub.o)
 .debug_frame   0x0000275c       0x20 c:/program files (x86)/cypress/psoc creator/4.2/psoc creator/import/gnu/arm/5.4.1/bin/../lib/gcc/arm-none-eabi/5.4.1/../../../../arm-none-eabi/lib/armv7-m\libg_nano.a(lib_a-memset.o)
 .debug_frame   0x0000277c       0x8c c:/program files (x86)/cypress/psoc creator/4.2/psoc creator/import/gnu/arm/5.4.1/bin/../lib/gcc/arm-none-eabi/5.4.1/../../../../arm-none-eabi/lib/armv7-m\libg_nano.a(lib_a-nano-vfprintf_float.o)
 .debug_frame   0x00002808       0x60 c:/program files (x86)/cypress/psoc creator/4.2/psoc creator/import/gnu/arm/5.4.1/bin/../lib/gcc/arm-none-eabi/5.4.1/../../../../arm-none-eabi/lib/armv7-m\libg_nano.a(lib_a-nano-vfprintf_i.o)
 .debug_frame   0x00002868       0x70 c:/program files (x86)/cypress/psoc creator/4.2/psoc creator/import/gnu/arm/5.4.1/bin/../lib/gcc/arm-none-eabi/5.4.1/../../../../arm-none-eabi/lib/armv7-m\libg_nano.a(lib_a-sprintf.o)
 .debug_frame   0x000028d8       0x6c c:/program files (x86)/cypress/psoc creator/4.2/psoc creator/import/gnu/arm/5.4.1/bin/../lib/gcc/arm-none-eabi/5.4.1/../../../../arm-none-eabi/lib/armv7-m\libg_nano.a(lib_a-dtoa.o)
 .debug_frame   0x00002944       0x98 c:/program files (x86)/cypress/psoc creator/4.2/psoc creator/import/gnu/arm/5.4.1/bin/../lib/gcc/arm-none-eabi/5.4.1/../../../../arm-none-eabi/lib/armv7-m\libg_nano.a(lib_a-locale.o)
 .debug_frame   0x000029dc       0x30 c:/program files (x86)/cypress/psoc creator/4.2/psoc creator/import/gnu/arm/5.4.1/bin/../lib/gcc/arm-none-eabi/5.4.1/../../../../arm-none-eabi/lib/armv7-m\libg_nano.a(lib_a-malloc.o)
 .debug_frame   0x00002a0c       0x28 c:/program files (x86)/cypress/psoc creator/4.2/psoc creator/import/gnu/arm/5.4.1/bin/../lib/gcc/arm-none-eabi/5.4.1/../../../../arm-none-eabi/lib/armv7-m\libg_nano.a(lib_a-memchr-stub.o)
 .debug_frame   0x00002a34      0x234 c:/program files (x86)/cypress/psoc creator/4.2/psoc creator/import/gnu/arm/5.4.1/bin/../lib/gcc/arm-none-eabi/5.4.1/../../../../arm-none-eabi/lib/armv7-m\libg_nano.a(lib_a-mprec.o)
 .debug_frame   0x00002c68       0x2c c:/program files (x86)/cypress/psoc creator/4.2/psoc creator/import/gnu/arm/5.4.1/bin/../lib/gcc/arm-none-eabi/5.4.1/../../../../arm-none-eabi/lib/armv7-m\libg_nano.a(lib_a-nano-callocr.o)
 .debug_frame   0x00002c94       0x38 c:/program files (x86)/cypress/psoc creator/4.2/psoc creator/import/gnu/arm/5.4.1/bin/../lib/gcc/arm-none-eabi/5.4.1/../../../../arm-none-eabi/lib/armv7-m\libg_nano.a(lib_a-nano-freer.o)
 .debug_frame   0x00002ccc       0x2c c:/program files (x86)/cypress/psoc creator/4.2/psoc creator/import/gnu/arm/5.4.1/bin/../lib/gcc/arm-none-eabi/5.4.1/../../../../arm-none-eabi/lib/armv7-m\libg_nano.a(lib_a-nano-mallocr.o)
 .debug_frame   0x00002cf8       0x90 c:/program files (x86)/cypress/psoc creator/4.2/psoc creator/import/gnu/arm/5.4.1/bin/../lib/gcc/arm-none-eabi/5.4.1/../../../../arm-none-eabi/lib/armv7-m\libg_nano.a(lib_a-nano-svfprintf.o)
 .debug_frame   0x00002d88       0x2c c:/program files (x86)/cypress/psoc creator/4.2/psoc creator/import/gnu/arm/5.4.1/bin/../lib/gcc/arm-none-eabi/5.4.1/../../../../arm-none-eabi/lib/armv7-m\libg_nano.a(lib_a-sbrkr.o)
 .debug_frame   0x00002db4       0x20 c:/program files (x86)/cypress/psoc creator/4.2/psoc creator/import/gnu/arm/5.4.1/bin/../lib/gcc/arm-none-eabi/5.4.1/../../../../arm-none-eabi/lib/armv7-m\libg_nano.a(lib_a-strcmp.o)
 .debug_frame   0x00002dd4       0x28 c:/program files (x86)/cypress/psoc creator/4.2/psoc creator/import/gnu/arm/5.4.1/bin/../lib/gcc/arm-none-eabi/5.4.1/../../../../arm-none-eabi/lib/armv7-m\libg_nano.a(lib_a-memmove.o)
 .debug_frame   0x00002dfc       0x30 c:/program files (x86)/cypress/psoc creator/4.2/psoc creator/import/gnu/arm/5.4.1/bin/../lib/gcc/arm-none-eabi/5.4.1/../../../../arm-none-eabi/lib/armv7-m\libg_nano.a(lib_a-mlock.o)
 .debug_frame   0x00002e2c       0x3c c:/program files (x86)/cypress/psoc creator/4.2/psoc creator/import/gnu/arm/5.4.1/bin/../lib/gcc/arm-none-eabi/5.4.1/../../../../arm-none-eabi/lib/armv7-m\libg_nano.a(lib_a-nano-reallocr.o)
 .debug_frame   0x00002e68       0x5c c:/program files (x86)/cypress/psoc creator/4.2/psoc creator/import/gnu/arm/5.4.1/bin/../lib/gcc/arm-none-eabi/5.4.1/../../../../arm-none-eabi/lib/armv7-m\libg_nano.a(lib_a-reent.o)
 .debug_frame   0x00002ec4       0x20 c:/program files (x86)/cypress/psoc creator/4.2/psoc creator/import/gnu/arm/5.4.1/bin/../lib/gcc/arm-none-eabi/5.4.1/../../../../arm-none-eabi/lib/armv7-m\libg_nano.a(lib_a-nano-msizer.o)

.debug_str      0x00000000     0x28dc
 *(.debug_str)
 .debug_str     0x00000000      0x1ac .\ARM_GCC_541\Debug\main.o
                                0x1f4 (size before relaxing)
 .debug_str     0x000001ac      0x294 .\ARM_GCC_541\Debug\cyfitter_cfg.o
                                0x459 (size before relaxing)
 .debug_str     0x00000440       0x7f .\ARM_GCC_541\Debug\cymetadata.o
                                0x1f8 (size before relaxing)
 .debug_str     0x000004bf      0x123 .\ARM_GCC_541\Debug\Cm3Start.o
                                0x2eb (size before relaxing)
 .debug_str     0x000005e2      0x448 .\ARM_GCC_541\Debug\RPS_PSOC5_01.a(USBUART.o)
                                0x613 (size before relaxing)
 .debug_str     0x00000a2a      0x4d3 .\ARM_GCC_541\Debug\RPS_PSOC5_01.a(USBUART_cdc.o)
                                0x72e (size before relaxing)
 .debug_str     0x00000efd      0x296 .\ARM_GCC_541\Debug\RPS_PSOC5_01.a(USBUART_drv.o)
                                0x60e (size before relaxing)
 .debug_str     0x00001193       0x80 .\ARM_GCC_541\Debug\RPS_PSOC5_01.a(USBUART_episr.o)
                                0x2db (size before relaxing)
 .debug_str     0x00001213      0x120 .\ARM_GCC_541\Debug\RPS_PSOC5_01.a(USBUART_hid.o)
                                0x3a9 (size before relaxing)
 .debug_str     0x00001333       0xac .\ARM_GCC_541\Debug\RPS_PSOC5_01.a(USBUART_pm.o)
                                0x27f (size before relaxing)
 .debug_str     0x000013df      0x29a .\ARM_GCC_541\Debug\RPS_PSOC5_01.a(USBUART_std.o)
                                0x76e (size before relaxing)
 .debug_str     0x00001679       0x5f .\ARM_GCC_541\Debug\RPS_PSOC5_01.a(USBUART_vnd.o)
                                0x28b (size before relaxing)
 .debug_str     0x000016d8       0xbe .\ARM_GCC_541\Debug\RPS_PSOC5_01.a(USBUART_Dp.o)
                                0x255 (size before relaxing)
 .debug_str     0x00001796      0x81c .\ARM_GCC_541\Debug\RPS_PSOC5_01.a(CyLib.o)
                                0xa22 (size before relaxing)
 .debug_str     0x00001fb2      0x371 .\ARM_GCC_541\Debug\RPS_PSOC5_01.a(cyPm.o)
                                0x557 (size before relaxing)
 .debug_str     0x00002323      0x1e3 .\ARM_GCC_541\Debug\RPS_PSOC5_01.a(CyScBoostClk.o)
                                0x383 (size before relaxing)
 .debug_str     0x00002506       0x3f .\ARM_GCC_541\Debug\RPS_PSOC5_01.a(USBUART_cls.o)
                                0x2a3 (size before relaxing)
 .debug_str     0x00002545      0x122 .\ARM_GCC_541\Debug\RPS_PSOC5_01.a(USBUART_descr.o)
                                0x3c4 (size before relaxing)
 .debug_str     0x00002667      0x156 .\ARM_GCC_541\Debug\RPS_PSOC5_01.a(CyFlash.o)
                                0x322 (size before relaxing)
 .debug_str     0x000027bd      0x11f .\ARM_GCC_541\Debug\RPS_PSOC5_01.a(CySpc.o)
                                0x307 (size before relaxing)

.debug_loc
 *(.debug_loc)

.debug_macinfo
 *(.debug_macinfo)

.debug_ranges   0x00000000      0x880
 *(.debug_ranges)
 .debug_ranges  0x00000000       0x10 .\ARM_GCC_541\Debug\main.o
 .debug_ranges  0x00000010       0x50 .\ARM_GCC_541\Debug\cyfitter_cfg.o
 .debug_ranges  0x00000060       0x38 .\ARM_GCC_541\Debug\Cm3Start.o
 .debug_ranges  0x00000098       0xb8 .\ARM_GCC_541\Debug\RPS_PSOC5_01.a(USBUART.o)
 .debug_ranges  0x00000150       0xd8 .\ARM_GCC_541\Debug\RPS_PSOC5_01.a(USBUART_cdc.o)
 .debug_ranges  0x00000228       0x88 .\ARM_GCC_541\Debug\RPS_PSOC5_01.a(USBUART_drv.o)
 .debug_ranges  0x000002b0       0x30 .\ARM_GCC_541\Debug\RPS_PSOC5_01.a(USBUART_episr.o)
 .debug_ranges  0x000002e0       0x38 .\ARM_GCC_541\Debug\RPS_PSOC5_01.a(USBUART_hid.o)
 .debug_ranges  0x00000318       0x30 .\ARM_GCC_541\Debug\RPS_PSOC5_01.a(USBUART_pm.o)
 .debug_ranges  0x00000348       0x70 .\ARM_GCC_541\Debug\RPS_PSOC5_01.a(USBUART_std.o)
 .debug_ranges  0x000003b8       0x10 .\ARM_GCC_541\Debug\RPS_PSOC5_01.a(USBUART_vnd.o)
 .debug_ranges  0x000003c8       0x38 .\ARM_GCC_541\Debug\RPS_PSOC5_01.a(USBUART_Dp.o)
 .debug_ranges  0x00000400      0x298 .\ARM_GCC_541\Debug\RPS_PSOC5_01.a(CyLib.o)
 .debug_ranges  0x00000698       0x88 .\ARM_GCC_541\Debug\RPS_PSOC5_01.a(cyPm.o)
 .debug_ranges  0x00000720       0x70 .\ARM_GCC_541\Debug\RPS_PSOC5_01.a(CyScBoostClk.o)
 .debug_ranges  0x00000790       0x10 .\ARM_GCC_541\Debug\RPS_PSOC5_01.a(USBUART_cls.o)
 .debug_ranges  0x000007a0       0x78 .\ARM_GCC_541\Debug\RPS_PSOC5_01.a(CyFlash.o)
 .debug_ranges  0x00000818       0x68 .\ARM_GCC_541\Debug\RPS_PSOC5_01.a(CySpc.o)

.comment        0x00000000       0x6e
 .comment       0x00000000       0x6e .\ARM_GCC_541\Debug\main.o
                                 0x6f (size before relaxing)
 .comment       0x0000006e       0x6f .\ARM_GCC_541\Debug\cyfitter_cfg.o
 .comment       0x0000006e       0x6f .\ARM_GCC_541\Debug\cymetadata.o
 .comment       0x0000006e       0x6f .\ARM_GCC_541\Debug\Cm3Start.o
 .comment       0x0000006e       0x6f .\ARM_GCC_541\Debug\RPS_PSOC5_01.a(USBUART.o)
 .comment       0x0000006e       0x6f .\ARM_GCC_541\Debug\RPS_PSOC5_01.a(USBUART_cdc.o)
 .comment       0x0000006e       0x6f .\ARM_GCC_541\Debug\RPS_PSOC5_01.a(USBUART_drv.o)
 .comment       0x0000006e       0x6f .\ARM_GCC_541\Debug\RPS_PSOC5_01.a(USBUART_episr.o)
 .comment       0x0000006e       0x6f .\ARM_GCC_541\Debug\RPS_PSOC5_01.a(USBUART_hid.o)
 .comment       0x0000006e       0x6f .\ARM_GCC_541\Debug\RPS_PSOC5_01.a(USBUART_pm.o)
 .comment       0x0000006e       0x6f .\ARM_GCC_541\Debug\RPS_PSOC5_01.a(USBUART_std.o)
 .comment       0x0000006e       0x6f .\ARM_GCC_541\Debug\RPS_PSOC5_01.a(USBUART_vnd.o)
 .comment       0x0000006e       0x6f .\ARM_GCC_541\Debug\RPS_PSOC5_01.a(USBUART_Dp.o)
 .comment       0x0000006e       0x6f .\ARM_GCC_541\Debug\RPS_PSOC5_01.a(CyLib.o)
 .comment       0x0000006e       0x6f .\ARM_GCC_541\Debug\RPS_PSOC5_01.a(cyPm.o)
 .comment       0x0000006e       0x6f .\ARM_GCC_541\Debug\RPS_PSOC5_01.a(CyScBoostClk.o)
 .comment       0x0000006e       0x6f .\ARM_GCC_541\Debug\RPS_PSOC5_01.a(USBUART_cls.o)
 .comment       0x0000006e       0x6f .\ARM_GCC_541\Debug\RPS_PSOC5_01.a(USBUART_descr.o)
 .comment       0x0000006e       0x6f .\ARM_GCC_541\Debug\RPS_PSOC5_01.a(CyFlash.o)
 .comment       0x0000006e       0x6f .\ARM_GCC_541\Debug\RPS_PSOC5_01.a(CySpc.o)

.debug_weaknames
 *(.debug_weaknames)

.debug_funcnames
 *(.debug_funcnames)

.debug_typenames
 *(.debug_typenames)

.debug_varnames
 *(.debug_varnames)

.note.gnu.arm.ident
 *(.note.gnu.arm.ident)

.ARM.attributes
                0x00000000       0x29
 *(.ARM.attributes)
 .ARM.attributes
                0x00000000       0x1d c:/program files (x86)/cypress/psoc creator/4.2/psoc creator/import/gnu/arm/5.4.1/bin/../lib/gcc/arm-none-eabi/5.4.1/armv7-m/crti.o
 .ARM.attributes
                0x0000001d       0x2d c:/program files (x86)/cypress/psoc creator/4.2/psoc creator/import/gnu/arm/5.4.1/bin/../lib/gcc/arm-none-eabi/5.4.1/armv7-m/crtbegin.o
 .ARM.attributes
                0x0000004a       0x1b c:/program files (x86)/cypress/psoc creator/4.2/psoc creator/import/gnu/arm/5.4.1/bin/../lib/gcc/arm-none-eabi/5.4.1/../../../../arm-none-eabi/lib/armv7-m/crt0.o
 .ARM.attributes
                0x00000065       0x33 .\ARM_GCC_541\Debug\main.o
 .ARM.attributes
                0x00000098       0x33 .\ARM_GCC_541\Debug\cyfitter_cfg.o
 .ARM.attributes
                0x000000cb       0x33 .\ARM_GCC_541\Debug\cymetadata.o
 .ARM.attributes
                0x000000fe       0x33 .\ARM_GCC_541\Debug\Cm3Start.o
 .ARM.attributes
                0x00000131       0x33 .\ARM_GCC_541\Debug\RPS_PSOC5_01.a(USBUART.o)
 .ARM.attributes
                0x00000164       0x33 .\ARM_GCC_541\Debug\RPS_PSOC5_01.a(USBUART_cdc.o)
 .ARM.attributes
                0x00000197       0x33 .\ARM_GCC_541\Debug\RPS_PSOC5_01.a(USBUART_drv.o)
 .ARM.attributes
                0x000001ca       0x33 .\ARM_GCC_541\Debug\RPS_PSOC5_01.a(USBUART_episr.o)
 .ARM.attributes
                0x000001fd       0x33 .\ARM_GCC_541\Debug\RPS_PSOC5_01.a(USBUART_hid.o)
 .ARM.attributes
                0x00000230       0x33 .\ARM_GCC_541\Debug\RPS_PSOC5_01.a(USBUART_pm.o)
 .ARM.attributes
                0x00000263       0x33 .\ARM_GCC_541\Debug\RPS_PSOC5_01.a(USBUART_std.o)
 .ARM.attributes
                0x00000296       0x33 .\ARM_GCC_541\Debug\RPS_PSOC5_01.a(USBUART_vnd.o)
 .ARM.attributes
                0x000002c9       0x33 .\ARM_GCC_541\Debug\RPS_PSOC5_01.a(USBUART_Dp.o)
 .ARM.attributes
                0x000002fc       0x33 .\ARM_GCC_541\Debug\RPS_PSOC5_01.a(CyLib.o)
 .ARM.attributes
                0x0000032f       0x33 .\ARM_GCC_541\Debug\RPS_PSOC5_01.a(cyPm.o)
 .ARM.attributes
                0x00000362       0x21 .\ARM_GCC_541\Debug\RPS_PSOC5_01.a(CyBootAsmGnu.o)
 .ARM.attributes
                0x00000383       0x33 .\ARM_GCC_541\Debug\RPS_PSOC5_01.a(CyScBoostClk.o)
 .ARM.attributes
                0x000003b6       0x33 .\ARM_GCC_541\Debug\RPS_PSOC5_01.a(USBUART_cls.o)
 .ARM.attributes
                0x000003e9       0x33 .\ARM_GCC_541\Debug\RPS_PSOC5_01.a(USBUART_descr.o)
 .ARM.attributes
                0x0000041c       0x33 .\ARM_GCC_541\Debug\RPS_PSOC5_01.a(CyFlash.o)
 .ARM.attributes
                0x0000044f       0x33 .\ARM_GCC_541\Debug\RPS_PSOC5_01.a(CySpc.o)
 .ARM.attributes
                0x00000482       0x2d c:/program files (x86)/cypress/psoc creator/4.2/psoc creator/import/gnu/arm/5.4.1/bin/../lib/gcc/arm-none-eabi/5.4.1/../../../../arm-none-eabi/lib/armv7-m\libg_nano.a(lib_a-errno.o)
 .ARM.attributes
                0x000004af       0x2d c:/program files (x86)/cypress/psoc creator/4.2/psoc creator/import/gnu/arm/5.4.1/bin/../lib/gcc/arm-none-eabi/5.4.1/../../../../arm-none-eabi/lib/armv7-m\libg_nano.a(lib_a-exit.o)
 .ARM.attributes
                0x000004dc       0x2d c:/program files (x86)/cypress/psoc creator/4.2/psoc creator/import/gnu/arm/5.4.1/bin/../lib/gcc/arm-none-eabi/5.4.1/../../../../arm-none-eabi/lib/armv7-m\libg_nano.a(lib_a-impure.o)
 .ARM.attributes
                0x00000509       0x2d c:/program files (x86)/cypress/psoc creator/4.2/psoc creator/import/gnu/arm/5.4.1/bin/../lib/gcc/arm-none-eabi/5.4.1/../../../../arm-none-eabi/lib/armv7-m\libg_nano.a(lib_a-init.o)
 .ARM.attributes
                0x00000536       0x2d c:/program files (x86)/cypress/psoc creator/4.2/psoc creator/import/gnu/arm/5.4.1/bin/../lib/gcc/arm-none-eabi/5.4.1/../../../../arm-none-eabi/lib/armv7-m\libg_nano.a(lib_a-memcpy-stub.o)
 .ARM.attributes
                0x00000563       0x2d c:/program files (x86)/cypress/psoc creator/4.2/psoc creator/import/gnu/arm/5.4.1/bin/../lib/gcc/arm-none-eabi/5.4.1/../../../../arm-none-eabi/lib/armv7-m\libg_nano.a(lib_a-memset.o)
 .ARM.attributes
                0x00000590       0x2d c:/program files (x86)/cypress/psoc creator/4.2/psoc creator/import/gnu/arm/5.4.1/bin/../lib/gcc/arm-none-eabi/5.4.1/../../../../arm-none-eabi/lib/armv7-m\libg_nano.a(lib_a-nano-vfprintf_float.o)
 .ARM.attributes
                0x000005bd       0x2d c:/program files (x86)/cypress/psoc creator/4.2/psoc creator/import/gnu/arm/5.4.1/bin/../lib/gcc/arm-none-eabi/5.4.1/../../../../arm-none-eabi/lib/armv7-m\libg_nano.a(lib_a-nano-vfprintf_i.o)
 .ARM.attributes
                0x000005ea       0x2d c:/program files (x86)/cypress/psoc creator/4.2/psoc creator/import/gnu/arm/5.4.1/bin/../lib/gcc/arm-none-eabi/5.4.1/../../../../arm-none-eabi/lib/armv7-m\libg_nano.a(lib_a-sprintf.o)
 .ARM.attributes
                0x00000617       0x17 c:/program files (x86)/cypress/psoc creator/4.2/psoc creator/import/gnu/arm/5.4.1/bin/../lib/gcc/arm-none-eabi/5.4.1/../../../../arm-none-eabi/lib/armv7-m\libg_nano.a(lib_a-strlen.o)
 .ARM.attributes
                0x0000062e       0x2d c:/program files (x86)/cypress/psoc creator/4.2/psoc creator/import/gnu/arm/5.4.1/bin/../lib/gcc/arm-none-eabi/5.4.1/../../../../arm-none-eabi/lib/armv7-m\libg_nano.a(lib_a-dtoa.o)
 .ARM.attributes
                0x0000065b       0x2d c:/program files (x86)/cypress/psoc creator/4.2/psoc creator/import/gnu/arm/5.4.1/bin/../lib/gcc/arm-none-eabi/5.4.1/../../../../arm-none-eabi/lib/armv7-m\libg_nano.a(lib_a-locale.o)
 .ARM.attributes
                0x00000688       0x2d c:/program files (x86)/cypress/psoc creator/4.2/psoc creator/import/gnu/arm/5.4.1/bin/../lib/gcc/arm-none-eabi/5.4.1/../../../../arm-none-eabi/lib/armv7-m\libg_nano.a(lib_a-malloc.o)
 .ARM.attributes
                0x000006b5       0x2d c:/program files (x86)/cypress/psoc creator/4.2/psoc creator/import/gnu/arm/5.4.1/bin/../lib/gcc/arm-none-eabi/5.4.1/../../../../arm-none-eabi/lib/armv7-m\libg_nano.a(lib_a-memchr-stub.o)
 .ARM.attributes
                0x000006e2       0x2d c:/program files (x86)/cypress/psoc creator/4.2/psoc creator/import/gnu/arm/5.4.1/bin/../lib/gcc/arm-none-eabi/5.4.1/../../../../arm-none-eabi/lib/armv7-m\libg_nano.a(lib_a-mprec.o)
 .ARM.attributes
                0x0000070f       0x2d c:/program files (x86)/cypress/psoc creator/4.2/psoc creator/import/gnu/arm/5.4.1/bin/../lib/gcc/arm-none-eabi/5.4.1/../../../../arm-none-eabi/lib/armv7-m\libg_nano.a(lib_a-nano-callocr.o)
 .ARM.attributes
                0x0000073c       0x2d c:/program files (x86)/cypress/psoc creator/4.2/psoc creator/import/gnu/arm/5.4.1/bin/../lib/gcc/arm-none-eabi/5.4.1/../../../../arm-none-eabi/lib/armv7-m\libg_nano.a(lib_a-nano-freer.o)
 .ARM.attributes
                0x00000769       0x2d c:/program files (x86)/cypress/psoc creator/4.2/psoc creator/import/gnu/arm/5.4.1/bin/../lib/gcc/arm-none-eabi/5.4.1/../../../../arm-none-eabi/lib/armv7-m\libg_nano.a(lib_a-nano-mallocr.o)
 .ARM.attributes
                0x00000796       0x2d c:/program files (x86)/cypress/psoc creator/4.2/psoc creator/import/gnu/arm/5.4.1/bin/../lib/gcc/arm-none-eabi/5.4.1/../../../../arm-none-eabi/lib/armv7-m\libg_nano.a(lib_a-nano-svfprintf.o)
 .ARM.attributes
                0x000007c3       0x2d c:/program files (x86)/cypress/psoc creator/4.2/psoc creator/import/gnu/arm/5.4.1/bin/../lib/gcc/arm-none-eabi/5.4.1/../../../../arm-none-eabi/lib/armv7-m\libg_nano.a(lib_a-sbrkr.o)
 .ARM.attributes
                0x000007f0       0x1b c:/program files (x86)/cypress/psoc creator/4.2/psoc creator/import/gnu/arm/5.4.1/bin/../lib/gcc/arm-none-eabi/5.4.1/../../../../arm-none-eabi/lib/armv7-m\libg_nano.a(lib_a-strcmp.o)
 .ARM.attributes
                0x0000080b       0x2d c:/program files (x86)/cypress/psoc creator/4.2/psoc creator/import/gnu/arm/5.4.1/bin/../lib/gcc/arm-none-eabi/5.4.1/../../../../arm-none-eabi/lib/armv7-m\libg_nano.a(lib_a-memmove.o)
 .ARM.attributes
                0x00000838       0x2d c:/program files (x86)/cypress/psoc creator/4.2/psoc creator/import/gnu/arm/5.4.1/bin/../lib/gcc/arm-none-eabi/5.4.1/../../../../arm-none-eabi/lib/armv7-m\libg_nano.a(lib_a-mlock.o)
 .ARM.attributes
                0x00000865       0x2d c:/program files (x86)/cypress/psoc creator/4.2/psoc creator/import/gnu/arm/5.4.1/bin/../lib/gcc/arm-none-eabi/5.4.1/../../../../arm-none-eabi/lib/armv7-m\libg_nano.a(lib_a-nano-reallocr.o)
 .ARM.attributes
                0x00000892       0x2d c:/program files (x86)/cypress/psoc creator/4.2/psoc creator/import/gnu/arm/5.4.1/bin/../lib/gcc/arm-none-eabi/5.4.1/../../../../arm-none-eabi/lib/armv7-m\libg_nano.a(lib_a-reent.o)
 .ARM.attributes
                0x000008bf       0x2d c:/program files (x86)/cypress/psoc creator/4.2/psoc creator/import/gnu/arm/5.4.1/bin/../lib/gcc/arm-none-eabi/5.4.1/../../../../arm-none-eabi/lib/armv7-m\libg_nano.a(lib_a-nano-msizer.o)
 .ARM.attributes
                0x000008ec       0x1d c:/program files (x86)/cypress/psoc creator/4.2/psoc creator/import/gnu/arm/5.4.1/bin/../lib/gcc/arm-none-eabi/5.4.1/armv7-m\libgcc.a(_arm_addsubdf3.o)
 .ARM.attributes
                0x00000909       0x1d c:/program files (x86)/cypress/psoc creator/4.2/psoc creator/import/gnu/arm/5.4.1/bin/../lib/gcc/arm-none-eabi/5.4.1/armv7-m\libgcc.a(_arm_muldivdf3.o)
 .ARM.attributes
                0x00000926       0x1d c:/program files (x86)/cypress/psoc creator/4.2/psoc creator/import/gnu/arm/5.4.1/bin/../lib/gcc/arm-none-eabi/5.4.1/armv7-m\libgcc.a(_arm_cmpdf2.o)
 .ARM.attributes
                0x00000943       0x1d c:/program files (x86)/cypress/psoc creator/4.2/psoc creator/import/gnu/arm/5.4.1/bin/../lib/gcc/arm-none-eabi/5.4.1/armv7-m\libgcc.a(_arm_unorddf2.o)
 .ARM.attributes
                0x00000960       0x1d c:/program files (x86)/cypress/psoc creator/4.2/psoc creator/import/gnu/arm/5.4.1/bin/../lib/gcc/arm-none-eabi/5.4.1/armv7-m\libgcc.a(_arm_fixdfsi.o)
 .ARM.attributes
                0x0000097d       0x2d c:/program files (x86)/cypress/psoc creator/4.2/psoc creator/import/gnu/arm/5.4.1/bin/../lib/gcc/arm-none-eabi/5.4.1/armv7-m/crtend.o
 .ARM.attributes
                0x000009aa       0x1d c:/program files (x86)/cypress/psoc creator/4.2/psoc creator/import/gnu/arm/5.4.1/bin/../lib/gcc/arm-none-eabi/5.4.1/armv7-m/crtn.o

/DISCARD/
 *(.note.GNU-stack)
OUTPUT(C:\Users\dgilliland\Documents\GitHub\RPI_PSOC5\RPI_PSOC5_Serial_01\RPS_PSOC5_01.cydsn\ARM_GCC_541\Debug\RPS_PSOC5_01.elf elf32-littlearm)
