ARM GAS  C:\Users\HPz420\AppData\Local\Temp\cccdK8Ff.s 			page 1


   1              		.syntax unified
   2              		.cpu cortex-m3
   3              		.fpu softvfp
   4              		.eabi_attribute 20, 1
   5              		.eabi_attribute 21, 1
   6              		.eabi_attribute 23, 3
   7              		.eabi_attribute 24, 1
   8              		.eabi_attribute 25, 1
   9              		.eabi_attribute 26, 1
  10              		.eabi_attribute 30, 6
  11              		.eabi_attribute 34, 1
  12              		.eabi_attribute 18, 4
  13              		.thumb
  14              		.syntax unified
  15              		.file	"Test_SPI_POTX2.c"
  16              		.text
  17              	.Ltext0:
  18              		.cfi_sections	.debug_frame
  19              	.Letext0:
  20              		.section	.debug_line,"",%progbits
  21              	.Ldebug_line0:
  22              		.section	.debug_str,"MS",%progbits,1
  23              	.LASF0:
  24 0000 54657374 		.ascii	"Test_SPI_POTX2.c\000"
  24      5F535049 
  24      5F504F54 
  24      58322E63 
  24      00
  25              	.LASF1:
  26 0011 433A5C55 		.ascii	"C:\\Users\\HPz420\\Documents\\GitHub\\land-boards\\"
  26      73657273 
  26      5C48507A 
  26      3432305C 
  26      446F6375 
  27 003e 52617350 		.ascii	"RasPi\\RPI_PSOC5\\RPI_PSOC5_CARD_TEST_STATION.cydsn"
  27      695C5250 
  27      495F5053 
  27      4F43355C 
  27      5250495F 
  28 006f 00       		.ascii	"\000"
  29              	.LASF2:
  30 0070 474E5520 		.ascii	"GNU C11 5.4.1 20160609 (release) [ARM/embedded-5-br"
  30      43313120 
  30      352E342E 
  30      31203230 
  30      31363036 
  31 00a3 616E6368 		.ascii	"anch revision 237715] -mcpu=cortex-m3 -mthumb -g -O"
  31      20726576 
  31      6973696F 
  31      6E203233 
  31      37373135 
  32 00d6 30202D66 		.ascii	"0 -ffunction-sections -ffat-lto-objects\000"
  32      66756E63 
  32      74696F6E 
  32      2D736563 
  32      74696F6E 
  33              		.ident	"GCC: (GNU Tools for ARM Embedded Processors) 5.4.1 20160609 (release) [ARM/embedded-5-bran
ARM GAS  C:\Users\HPz420\AppData\Local\Temp\cccdK8Ff.s 			page 2


